###############################################################################
#
# IAR ELF Linker V8.11.3.13950/W32 for ARM                23/May/2019  09:38:09
# Copyright 2007-2017 IAR Systems AB.
#
#    Output file  =  
#        D:\智能车项目\软件\逮虾户V1.0\Prj\IAR\MK66FX18_Debug\Exe\vcan_Kinetis.out
#    Map file     =  
#        D:\智能车项目\软件\逮虾户V1.0\Prj\IAR\MK66FX18_Debug\List\vcan_Kinetis.map
#    Command line =  
#        -f C:\Users\11192\AppData\Local\Temp\EW84CA.tmp
#        (D:\智能车项目\软件\逮虾户V1.0\Prj\IAR\MK66FX18_Debug\Obj\ADC.o
#        D:\智能车项目\软件\逮虾户V1.0\Prj\IAR\MK66FX18_Debug\Obj\diskio.o
#        D:\智能车项目\软件\逮虾户V1.0\Prj\IAR\MK66FX18_Debug\Obj\ff.o
#        D:\智能车项目\软件\逮虾户V1.0\Prj\IAR\MK66FX18_Debug\Obj\IIC.o
#        D:\智能车项目\软件\逮虾户V1.0\Prj\IAR\MK66FX18_Debug\Obj\key.o
#        D:\智能车项目\软件\逮虾户V1.0\Prj\IAR\MK66FX18_Debug\Obj\main.o
#        D:\智能车项目\软件\逮虾户V1.0\Prj\IAR\MK66FX18_Debug\Obj\menu.o
#        D:\智能车项目\软件\逮虾户V1.0\Prj\IAR\MK66FX18_Debug\Obj\misc.o
#        D:\智能车项目\软件\逮虾户V1.0\Prj\IAR\MK66FX18_Debug\Obj\MK66_adc.o
#        D:\智能车项目\软件\逮虾户V1.0\Prj\IAR\MK66FX18_Debug\Obj\MK66_conf.o
#        D:\智能车项目\软件\逮虾户V1.0\Prj\IAR\MK66FX18_Debug\Obj\MK66_dma.o
#        D:\智能车项目\软件\逮虾户V1.0\Prj\IAR\MK66FX18_Debug\Obj\MK66_flexbus.o
#        D:\智能车项目\软件\逮虾户V1.0\Prj\IAR\MK66FX18_Debug\Obj\MK66_gpio.o
#        D:\智能车项目\软件\逮虾户V1.0\Prj\IAR\MK66FX18_Debug\Obj\MK66_i2c.o
#        D:\智能车项目\软件\逮虾户V1.0\Prj\IAR\MK66FX18_Debug\Obj\MK66_it.o
#        D:\智能车项目\软件\逮虾户V1.0\Prj\IAR\MK66FX18_Debug\Obj\MK66_port.o
#        D:\智能车项目\软件\逮虾户V1.0\Prj\IAR\MK66FX18_Debug\Obj\MK66_rtc.o
#        D:\智能车项目\软件\逮虾户V1.0\Prj\IAR\MK66FX18_Debug\Obj\MK66_sdhc.o
#        D:\智能车项目\软件\逮虾户V1.0\Prj\IAR\MK66FX18_Debug\Obj\MK66_spi.o
#        D:\智能车项目\软件\逮虾户V1.0\Prj\IAR\MK66FX18_Debug\Obj\MK66_uart.o
#        D:\智能车项目\软件\逮虾户V1.0\Prj\IAR\MK66FX18_Debug\Obj\MK66_wdog.o
#        D:\智能车项目\软件\逮虾户V1.0\Prj\IAR\MK66FX18_Debug\Obj\Motor_ctrl.o
#        D:\智能车项目\软件\逮虾户V1.0\Prj\IAR\MK66FX18_Debug\Obj\OLED.o
#        D:\智能车项目\软件\逮虾户V1.0\Prj\IAR\MK66FX18_Debug\Obj\Server_ctrl.o
#        D:\智能车项目\软件\逮虾户V1.0\Prj\IAR\MK66FX18_Debug\Obj\startup_MK66FX18.o
#        D:\智能车项目\软件\逮虾户V1.0\Prj\IAR\MK66FX18_Debug\Obj\Superware.o
#        D:\智能车项目\软件\逮虾户V1.0\Prj\IAR\MK66FX18_Debug\Obj\system_MK66FX18.o
#        D:\智能车项目\软件\逮虾户V1.0\Prj\IAR\MK66FX18_Debug\Obj\VCAN_BMP.o
#        D:\智能车项目\软件\逮虾户V1.0\Prj\IAR\MK66FX18_Debug\Obj\VCAN_computer.o
#        D:\智能车项目\软件\逮虾户V1.0\Prj\IAR\MK66FX18_Debug\Obj\vcan_img2sd.o
#        D:\智能车项目\软件\逮虾户V1.0\Prj\IAR\MK66FX18_Debug\Obj\VCAN_key.o
#        D:\智能车项目\软件\逮虾户V1.0\Prj\IAR\MK66FX18_Debug\Obj\VCAN_key_event.o
#        D:\智能车项目\软件\逮虾户V1.0\Prj\IAR\MK66FX18_Debug\Obj\VCAN_LCD_ILI9325.o
#        D:\智能车项目\软件\逮虾户V1.0\Prj\IAR\MK66FX18_Debug\Obj\VCAN_LCD_ILI9341.o
#        D:\智能车项目\软件\逮虾户V1.0\Prj\IAR\MK66FX18_Debug\Obj\VCAN_LCD_ST7735R.o
#        D:\智能车项目\软件\逮虾户V1.0\Prj\IAR\MK66FX18_Debug\Obj\VCAN_LCD_ST7735S.o
#        D:\智能车项目\软件\逮虾户V1.0\Prj\IAR\MK66FX18_Debug\Obj\VCAN_LED.o
#        D:\智能车项目\软件\逮虾户V1.0\Prj\IAR\MK66FX18_Debug\Obj\VCAN_MMA7455.o
#        D:\智能车项目\软件\逮虾户V1.0\Prj\IAR\MK66FX18_Debug\Obj\VCAN_NRF24L0.o
#        D:\智能车项目\软件\逮虾户V1.0\Prj\IAR\MK66FX18_Debug\Obj\VCAN_NRF24L0_MSG.o
#        D:\智能车项目\软件\逮虾户V1.0\Prj\IAR\MK66FX18_Debug\Obj\VCAN_OV7725_Eagle.o
#        D:\智能车项目\软件\逮虾户V1.0\Prj\IAR\MK66FX18_Debug\Obj\VCAN_RTC_count.o
#        D:\智能车项目\软件\逮虾户V1.0\Prj\IAR\MK66FX18_Debug\Obj\VCAN_SCCB.o
#        D:\智能车项目\软件\逮虾户V1.0\Prj\IAR\MK66FX18_Debug\Obj\vcan_sd_app.o
#        D:\智能车项目\软件\逮虾户V1.0\Prj\IAR\MK66FX18_Debug\Obj\Vcan_touch.o
#        D:\智能车项目\软件\逮虾户V1.0\Prj\IAR\MK66FX18_Debug\Obj\VCAN_TSL1401.o
#        D:\智能车项目\软件\逮虾户V1.0\Prj\IAR\MK66FX18_Debug\Obj\VCAN_UI_VAR.o
#        D:\智能车项目\软件\逮虾户V1.0\Prj\IAR\MK66FX18_Debug\Obj\vectors.o
#        --redirect _Printf=_PrintfLargeNoMb --redirect _Scanf=_ScanfLargeNoMb
#        -o
#        D:\智能车项目\软件\逮虾户V1.0\Prj\IAR\MK66FX18_Debug\Exe\vcan_Kinetis.out
#        --map
#        D:\智能车项目\软件\逮虾户V1.0\Prj\IAR\MK66FX18_Debug\List\vcan_Kinetis.map
#        --config "D:\智能车项目\软件\逮虾户V1.0\Prj\IAR\config
#        files\vcan_ROM_K66X1M.icf"
#        D:\智能车项目\软件\逮虾户V1.0\Prj\IAR\..\..\Lib\CMSIS\iar_cortexM4l_math.a
#        --entry __iar_program_start --redirect __write=__write_buffered --vfe
#        --text_out locale)
#
###############################################################################

*******************************************************************************
*** RUNTIME MODEL ATTRIBUTES
***

CppFlavor       = *
__Heap_Handler  = NoFree
__SystemLibrary = DLib
__dlib_version  = 6


*******************************************************************************
*** HEAP SELECTION
***

The no free heap was selected because no calls to memory
deallocation functions were found in the application.


*******************************************************************************
*** PLACEMENT SUMMARY
***

"A0":  place at 0x00010000 { ro section .intvec };
"A1":  place at 0x00010410 { ro section .noinit };
define block CodeRelocate { section .textrw_init };
"P1":  place in [from 0x00010000 to 0x00100000] { ro, block CodeRelocate };
define block CodeRelocateRam { section .textrw };
define block CSTACK with size = 4K, alignment = 8 { };
define block HEAP with size = 512, alignment = 8 { };
"P2":  place in [from 0x1fff0410 to 0x20030000] {
          rw, block CodeRelocateRam, block CSTACK, block HEAP };
initialize manually with packing = copy, complex ranges { section .data };

  Section              Kind        Address    Size  Object
  -------              ----        -------    ----  ------
"A0":                                        0x410
  .intvec              const    0x00010000   0x410  vectors.o [1]
                              - 0x00010410   0x410

"A1":                                          0x8
  .noinit              ro code  0x00010410     0x8  startup_MK66FX18.o [1]
                              - 0x00010418     0x8

"P1", part 1 of 2:                          0x4470
  .text                ro code  0x00010418   0xbbc  menu.o [1]
  .text                ro code  0x00010fd4     0x6  ABImemclr4.o [5]
  .rodata              const    0x00010fda     0x2  VCAN_computer.o [1]
  .text                ro code  0x00010fdc   0x2aa  OLED.o [1]
  .rodata              const    0x00011286     0x2  VCAN_computer.o [1]
  .text                ro code  0x00011288    0x48  FltToDbl.o [4]
  .text                ro code  0x000112d0     0xe  math_wrappers64.o [4]
  .text                ro code  0x000112e0    0x68  DblToFlt.o [4]
  .text                ro code  0x00011348    0x4a  strcmp.o [5]
  .text                ro code  0x00011394   0x300  ADC.o [1]
  .text                ro code  0x00011694    0x32  ABImemset48.o [5]
  .text                ro code  0x000116c8   0x3fc  IIC.o [1]
  .text                ro code  0x00011ac4   0x1c0  MK66_gpio.o [1]
  .rodata              const    0x00011c84    0x3c  MK66_adc.o [1]
  .text                ro code  0x00011cc0   0x590  strto64.o [4]
  .text                ro code  0x00012250    0x44  no_free_heap0.o [3]
  .text                ro code  0x00012294     0x4  exit.o [3]
  .text                ro code  0x00012298   0x29c  MK66_adc.o [1]
  .text                ro code  0x00012534    0xbc  MK66_port.o [1]
  .text                ro code  0x000125f0    0xd4  MK66_conf.o [1]
  .text                ro code  0x000126c4    0x70  frexp.o [4]
  .text                ro code  0x00012734   0x1a2  DblMul.o [4]
  .text                ro code  0x000128d8   0x13a  ldexp.o [4]
  .text                ro code  0x00012a14   0x246  DblDiv.o [4]
  .text                ro code  0x00012c5a   0x122  iar_Stopfx.o [3]
  .text                ro code  0x00012d7c   0x1c8  iar_Stoflt.o [3]
  .text                ro code  0x00012f44    0x22  S32ToDbl.o [4]
  .text                ro code  0x00012f68   0x178  DblAdd.o [4]
  .text                ro code  0x000130e0   0x23c  iar_Stoxflt.o [3]
  .text                ro code  0x0001331c    0x2c  xgetmemchunk.o [3]
  .text                ro code  0x00013348     0xa  cexit.o [5]
  .text                ro code  0x00013354    0x70  VCAN_LED.o [1]
  .text                ro code  0x000133c4   0x238  MK66_uart.o [1]
  .text                ro code  0x000135fc    0x14  isspace.o [3]
  .text                ro code  0x00013610    0x14  isalpha.o [3]
  .text                ro code  0x00013624    0x40  xlocale_c.o [3]
  .text                ro code  0x00013664    0xd2  DblSub.o [4]
  .text                ro code  0x00013738    0x58  memchr.o [5]
  .text                ro code  0x00013790     0xc  XXexit.o [5]
  .rodata              const    0x0001379c   0x400  OLED.o [1]
  .rodata              const    0x00013b9c   0x228  OLED.o [1]
  .text                ro code  0x00013dc4   0x1b8  main.o [1]
  .text                ro code  0x00013f7c   0x148  key.o [1]
  .text                ro code  0x000140c4    0x48  Server_ctrl.o [1]
  .text                ro code  0x0001410c    0x50  misc.o [1]
  .text                ro code  0x0001415c    0x40  VCAN_computer.o [1]
  .text                ro code  0x0001419c   0x12c  system_MK66FX18.o [1]
  .text                ro code  0x000142c8    0x40  MK66_wdog.o [1]
  .data_init                    0x00014308    0xdc  <Block>
    Initializer bytes  const    0x00014308    0xdc  <for .data-1>
  .rodata              const    0x000143e4    0xc0  menu.o [1]
  .rodata              const    0x000144a4    0x40  MK66_gpio.o [1]
  .rodata              const    0x000144e4    0x40  MK66_uart.o [1]
  .text                ro code  0x00014524    0x40  zero_init3.o [5]
  .rodata              const    0x00014564    0x38  misc.o [1]
  .text                ro code  0x0001459c    0x28  data_init.o [5]
  .rodata              const    0x000145c4    0x24  MK66_conf.o [1]
  .text                ro code  0x000145e8    0x22  fpinit_M.o [4]
  .iar.init_table      const    0x0001460c    0x10  - Linker created -
  .text                ro code  0x0001461c    0x1a  cmain.o [5]
  .text                ro code  0x00014636     0x4  low_level_init.o [3]
  .rodata              const    0x0001463c    0x14  menu.o [1]
  .rodata              const    0x00014650    0x10  menu.o [1]
  .rodata              const    0x00014660    0x10  menu.o [1]
  .rodata              const    0x00014670    0x10  menu.o [1]
  .rodata              const    0x00014680     0xc  key.o [1]
  .rodata              const    0x0001468c     0xc  menu.o [1]
  .rodata              const    0x00014698     0xc  menu.o [1]
  .rodata              const    0x000146a4     0xc  menu.o [1]
  .rodata              const    0x000146b0     0xc  menu.o [1]
  .rodata              const    0x000146bc     0xc  menu.o [1]
  .rodata              const    0x000146c8     0xc  menu.o [1]
  .rodata              const    0x000146d4     0xc  menu.o [1]
  .rodata              const    0x000146e0     0xc  menu.o [1]
  .rodata              const    0x000146ec     0xc  menu.o [1]
  .rodata              const    0x000146f8     0xc  menu.o [1]
  .rodata              const    0x00014704     0xc  menu.o [1]
  .rodata              const    0x00014710     0xc  menu.o [1]
  .rodata              const    0x0001471c     0xc  menu.o [1]
  .rodata              const    0x00014728     0xc  menu.o [1]
  .rodata              const    0x00014734     0xc  menu.o [1]
  .rodata              const    0x00014740     0xc  menu.o [1]
  .rodata              const    0x0001474c     0xc  menu.o [1]
  .rodata              const    0x00014758     0xc  menu.o [1]
  .rodata              const    0x00014764     0xc  menu.o [1]
  .rodata              const    0x00014770     0xc  menu.o [1]
  .rodata              const    0x0001477c     0xc  menu.o [1]
  .rodata              const    0x00014788     0xc  menu.o [1]
  .rodata              const    0x00014794     0xc  menu.o [1]
  .rodata              const    0x000147a0     0xc  menu.o [1]
  .rodata              const    0x000147ac     0xc  menu.o [1]
  .rodata              const    0x000147b8     0xc  menu.o [1]
  .rodata              const    0x000147c4     0xc  MK66_conf.o [1]
  .text                ro code  0x000147d0     0xc  cstartup_M.o [5]
  .rodata              const    0x000147dc     0x8  menu.o [1]
  .rodata              const    0x000147e4     0x8  menu.o [1]
  .rodata              const    0x000147ec     0x8  menu.o [1]
  .rodata              const    0x000147f4     0x8  menu.o [1]
  .rodata              const    0x000147fc     0x8  menu.o [1]
  .rodata              const    0x00014804     0x8  menu.o [1]
  .rodata              const    0x0001480c     0x8  menu.o [1]
  .rodata              const    0x00014814     0x8  menu.o [1]
  .rodata              const    0x0001481c     0x8  menu.o [1]
  .rodata              const    0x00014824     0x8  menu.o [1]
  .rodata              const    0x0001482c     0x8  menu.o [1]
  .rodata              const    0x00014834     0x8  menu.o [1]
  .rodata              const    0x0001483c     0x8  menu.o [1]
  .rodata              const    0x00014844     0x8  menu.o [1]
  .rodata              const    0x0001484c     0x8  menu.o [1]
  .rodata              const    0x00014854     0x8  menu.o [1]
  .rodata              const    0x0001485c     0x8  menu.o [1]
  .rodata              const    0x00014864     0x8  menu.o [1]
  .rodata              const    0x0001486c     0x8  menu.o [1]
  .rodata              const    0x00014874     0x8  menu.o [1]
  .rodata              const    0x0001487c     0x6  xlocale_c.o [3]
  .rodata              const    0x00014884     0x4  menu.o [1]
  .rodata              const    0x00014888     0x0  zero_init3.o [5]
                              - 0x00014888  0x4470

"P1", part 2 of 2:                             0x0
  CodeRelocate                  0x00014888     0x0  <Block>

"P2", part 1 of 3:                            0xdc
  .data                         0x1fff0410    0xdc  <Block>
    .data-1                     0x1fff0410    0xdc  <Init block>
      .data            inited   0x1fff0410    0x14  ADC.o [1]
      .data            inited   0x1fff0424     0x8  MK66_adc.o [1]
      .data            inited   0x1fff042c    0x14  MK66_gpio.o [1]
      .data            inited   0x1fff0440    0x14  MK66_port.o [1]
      .data            inited   0x1fff0454    0x14  MK66_uart.o [1]
      .data            inited   0x1fff0468     0x4  VCAN_LED.o [1]
      .data            inited   0x1fff046c    0x38  xlocale_c.o [3]
      .data            inited   0x1fff04a4    0x48  xlocale_c.o [3]
                              - 0x1fff04ec    0xdc

"P2", part 2 of 3:                           0x110
  .bss                          0x1fff04ec   0x110  <Block>
    .bss               zero     0x1fff04ec    0x60  ADC.o [1]
    .bss               zero     0x1fff054c    0x20  main.o [1]
    .bss               zero     0x1fff056c     0xc  menu.o [1]
    .bss               zero     0x1fff0578    0x2c  Motor_ctrl.o [1]
    .bss               zero     0x1fff05a4    0x2c  Server_ctrl.o [1]
    .bss               zero     0x1fff05d0     0x4  system_MK66FX18.o [1]
    .bss               zero     0x1fff05d4     0x4  system_MK66FX18.o [1]
    .bss               zero     0x1fff05d8     0x4  system_MK66FX18.o [1]
    .bss               zero     0x1fff05dc     0x4  no_free_heap0.o [3]
    .bss               zero     0x1fff05e0     0x4  xgetmemchunk.o [3]
    .bss               zero     0x1fff05e4     0x2  ADC.o [1]
    .bss               zero     0x1fff05e6     0x2  ADC.o [1]
    .bss               zero     0x1fff05e8     0x2  ADC.o [1]
    .bss               zero     0x1fff05ea     0x2  ADC.o [1]
    .bss               zero     0x1fff05ec     0x2  ADC.o [1]
    .bss               zero     0x1fff05ee     0x2  ADC.o [1]
    .bss               zero     0x1fff05f0     0x2  ADC.o [1]
    .bss               zero     0x1fff05f2     0x2  ADC.o [1]
    .bss               zero     0x1fff05f4     0x2  key.o [1]
    .bss               zero     0x1fff05f6     0x2  Superware.o [1]
    .bss               zero     0x1fff05f8     0x1  main.o [1]
    .bss               zero     0x1fff05f9     0x1  main.o [1]
    .bss               zero     0x1fff05fa     0x1  menu.o [1]
                              - 0x1fff05fc   0x110

"P2", part 3 of 3:                           0x204
  CodeRelocateRam               0x1fff05fc     0x0  <Block>
  HEAP                          0x1fff0600   0x200  <Block>
    HEAP               uninit   0x1fff0600   0x200  <Block tail>
                              - 0x1fff0800   0x204


*******************************************************************************
*** INIT TABLE
***

          Address     Size
          -------     ----
Zero (__iar_zero_init3)
    1 destination range, total size 0x10f:
          0x1fff04ec  0x10f



*******************************************************************************
*** MODULE SUMMARY
***

    Module              ro code  ro data  rw data
    ------              -------  -------  -------
D:\智能车项目\软件\逮虾户V1.0\Prj\IAR\MK66FX18_Debug\Obj: [1]
    ADC.o                   768       20      132
    IIC.o                 1 020
    MK66_adc.o              668       68        8
    MK66_conf.o             212       48
    MK66_gpio.o             448       84       20
    MK66_port.o             188       20       20
    MK66_uart.o             568       84       20
    MK66_wdog.o              64
    Motor_ctrl.o                               44
    OLED.o                  682    1 576
    Server_ctrl.o            72                44
    Superware.o                                 2
    VCAN_LED.o              112        4        4
    VCAN_computer.o          64        4
    key.o                   328       12        2
    main.o                  440                34
    menu.o                3 004      736       13
    misc.o                   80       56
    startup_MK66FX18.o        8
    system_MK66FX18.o       300                12
    vectors.o                      1 040
    ---------------------------------------------
    Total:                9 026    3 752      355

command line: [2]
    ---------------------------------------------
    Total:

dl7M_tlf.a: [3]
    exit.o                    4
    iar_Stoflt.o            456
    iar_Stopfx.o            290
    iar_Stoxflt.o           572
    isalpha.o                20
    isspace.o                20
    low_level_init.o          4
    no_free_heap0.o          68                 4
    xgetmemchunk.o           44                 4
    xlocale_c.o              64      134      128
    ---------------------------------------------
    Total:                1 542      134      136

m7M_tls.a: [4]
    DblAdd.o                376
    DblDiv.o                582
    DblMul.o                418
    DblSub.o                210
    DblToFlt.o              104
    FltToDbl.o               72
    S32ToDbl.o               34
    fpinit_M.o               34
    frexp.o                 112
    ldexp.o                 314
    math_wrappers64.o        14
    strto64.o             1 424
    ---------------------------------------------
    Total:                3 694

rt7M_tl.a: [5]
    ABImemclr4.o              6
    ABImemset48.o            50
    XXexit.o                 12
    cexit.o                  10
    cmain.o                  26
    cstartup_M.o             12
    data_init.o              40
    memchr.o                 88
    strcmp.o                 74
    zero_init3.o             64
    ---------------------------------------------
    Total:                  382

    Gaps                     16        6
    Linker created                    16      512
-------------------------------------------------
    Grand Total:         14 660    3 908    1 003


*******************************************************************************
*** ENTRY LIST
***

Entry                      Address   Size  Type      Object
-----                      -------   ----  ----      ------
.bss$$Base              0x1fff04ec          --   Gb  - Linker created -
.bss$$Limit             0x1fff05fc          --   Gb  - Linker created -
.data$$Base             0x1fff0410          --   Gb  - Linker created -
.data$$Limit            0x1fff04ec          --   Gb  - Linker created -
.data_init$$Base        0x00014308          --   Gb  - Linker created -
.data_init$$Limit       0x000143e4          --   Gb  - Linker created -
.iar.init_table$$Base   0x0001460c          --   Gb  - Linker created -
.iar.init_table$$Limit  0x0001461c          --   Gb  - Linker created -
?main                   0x0001461d         Code  Gb  cmain.o [5]
ADCN                    0x1fff0424    0x8  Data  Gb  MK66_adc.o [1]
ADC_Init                0x000114c5   0x50  Code  Gb  ADC.o [1]
ASSERT_FAILED_STR       0x000145c4   0x24  Data  Gb  MK66_conf.o [1]
Add_Value               0x00011441   0x16  Code  Gb  ADC.o [1]
Change_Level            0x00010831   0x36  Code  Gb  menu.o [1]
Chose_Menu              0x00010681   0x46  Code  Lc  menu.o [1]
CodeRelocate$$Base      0x00014888          --   Gb  - Linker created -
CodeRelocate$$Limit     0x00014888          --   Gb  - Linker created -
CodeRelocateRam$$Base   0x1fff05fc          --   Gb  - Linker created -
CodeRelocateRam$$Limit  0x1fff05fc          --   Gb  - Linker created -
DeQueue                 0x00011419   0x28  Code  Gb  ADC.o [1]
Dtentox                 0x00011e75  0x196  Code  Lc  strto64.o [4]
Empty                   0x00010449    0x2  Code  Gb  menu.o [1]
EnQueue                 0x000113e7   0x32  Code  Gb  ADC.o [1]
Exe_Fuc                 0x00010767   0xb2  Code  Lc  menu.o [1]
F6x8                    0x00013b9c  0x228  Data  Gb  OLED.o [1]
GPIOX                   0x1fff042c   0x14  Data  Gb  MK66_gpio.o [1]
Get_Deep                0x0001044b   0x64  Code  Lc  menu.o [1]
Get_Keynum              0x00014009   0x4c  Code  Gb  key.o [1]
Get_Level_Num           0x000104af   0x50  Code  Lc  menu.o [1]
Get_Menu_Num            0x000104ff    0xa  Code  Lc  menu.o [1]
Get_Ntimes_average      0x00011515   0x3c  Code  Gb  ADC.o [1]
Get_Smoothed_ADC        0x00011551   0x84  Code  Gb  ADC.o [1]
Get_Value_Sum           0x0001146b   0x5a  Code  Gb  ADC.o [1]
HEAP$$Base              0x1fff0600          --   Gb  - Linker created -
HEAP$$Limit             0x1fff0800          --   Gb  - Linker created -
IIC_read_byte           0x000119c9   0xf6  Code  Gb  IIC.o [1]
IIC_send_byte           0x000118c9  0x100  Code  Gb  IIC.o [1]
IIC_start               0x00011729   0xba  Code  Gb  IIC.o [1]
IIC_stop                0x000117e3   0xe6  Code  Gb  IIC.o [1]
IMU_IIC_Init            0x000116d3   0x56  Code  Gb  IIC.o [1]
InitQueue               0x00011395   0x24  Code  Gb  ADC.o [1]
Inner_Flash             0x000109bb   0xb8  Code  Gb  menu.o [1]
IsEmpty                 0x000113d9    0xe  Code  Gb  ADC.o [1]
IsFull                  0x000113b9   0x20  Code  Gb  ADC.o [1]
Key_Handler             0x000140a1    0xc  Code  Gb  key.o [1]
Key_Init                0x00013f93   0x4e  Code  Gb  key.o [1]
Key_Read                0x00014055   0x34  Code  Gb  key.o [1]
Key_Write               0x00013fe1   0x28  Code  Gb  key.o [1]
LED_PTxn                0x1fff0468    0x4  Data  Gb  VCAN_LED.o [1]
LM_AD                   0x1fff05ec    0x2  Data  Gb  ADC.o [1]
LS_AD                   0x1fff05e8    0x2  Data  Gb  ADC.o [1]
L_AD                    0x1fff05e4    0x2  Data  Gb  ADC.o [1]
MS_AD                   0x1fff05f2    0x2  Data  Gb  ADC.o [1]
M_AD                    0x1fff05f0    0x2  Data  Gb  ADC.o [1]
Menu_Back               0x000105b9   0x3e  Code  Lc  menu.o [1]
Menu_Down               0x000105f7   0x48  Code  Lc  menu.o [1]
Menu_Forward            0x00010509   0xb0  Code  Lc  menu.o [1]
Menu_Init               0x00010819   0x18  Code  Gb  menu.o [1]
Menu_Up                 0x0001063f   0x42  Code  Lc  menu.o [1]
Motor                   0x1fff0578   0x2c  Data  Gb  Motor_ctrl.o [1]
NVIC_DisableIRQ         0x00010431   0x18  Code  Lc  menu.o [1]
NVIC_EnableIRQ          0x00013f7d   0x16  Code  Lc  key.o [1]
NVIC_EnableIRQ          0x00013de1   0x16  Code  Lc  main.o [1]
NVIC_EnableIRQ          0x00010419   0x18  Code  Lc  menu.o [1]
NVIC_SetPriority        0x00013df7   0x26  Code  Lc  main.o [1]
NVIC_SetPriorityGrouping
                        0x00013dc5   0x1c  Code  Lc  main.o [1]
OLED_CLS                0x000110cf   0x3a  Code  Gb  OLED.o [1]
OLED_Fill               0x00011091   0x3e  Code  Gb  OLED.o [1]
OLED_IIC_Init           0x00010fdd   0x2c  Code  Gb  OLED.o [1]
OLED_Init               0x00011109   0xba  Code  Gb  OLED.o [1]
OLED_P6x8Str            0x000111c3   0x7c  Code  Gb  OLED.o [1]
OLED_Set_Pos            0x00011061   0x30  Code  Gb  OLED.o [1]
OLED_Show_Length        0x00011249   0x3e  Code  Gb  OLED.o [1]
OLED_WrCmd              0x00011035   0x2c  Code  Gb  OLED.o [1]
OLED_WrDat              0x00011009   0x2c  Code  Gb  OLED.o [1]
PID_Init                0x000140c5   0x48  Code  Gb  Server_ctrl.o [1]
PIT0_IRQHandler         0x00013ed9   0x44  Code  Gb  main.o [1]
PIT1_IRQHandler         0x00013f1d   0x2e  Code  Gb  main.o [1]
PORTE_IRQHandler        0x00014089   0x18  Code  Gb  key.o [1]
PORTX                   0x1fff0440   0x14  Data  Gb  MK66_port.o [1]
Parameter_Manage        0x00010a7d  0x142  Code  Gb  menu.o [1]
QueueLength             0x00011457   0x14  Code  Gb  ADC.o [1]
RM_AD                   0x1fff05ee    0x2  Data  Gb  ADC.o [1]
RS_AD                   0x1fff05ea    0x2  Data  Gb  ADC.o [1]
R_AD                    0x1fff05e6    0x2  Data  Gb  ADC.o [1]
Read_ADC                0x000115d5   0x80  Code  Gb  ADC.o [1]
Region$$Table$$Base     0x0001460c          --   Gb  - Linker created -
Region$$Table$$Limit    0x0001461c          --   Gb  - Linker created -
Reset_Handler           0x00010411         Code  Gb  startup_MK66FX18.o [1]
Server                  0x1fff05a4   0x2c  Data  Gb  Server_ctrl.o [1]
Set_Parameter           0x00010867  0x154  Code  Gb  menu.o [1]
Set_Parameter::count    0x1fff05fa    0x1  Data  Lc  menu.o [1]
Set_Pid                 0x00010e01   0xb6  Code  Gb  menu.o [1]
Show_AD                 0x00010bbf  0x152  Code  Gb  menu.o [1]
Show_Distance           0x00010eb7   0x28  Code  Gb  menu.o [1]
Show_Menu               0x000106c7   0xa0  Code  Lc  menu.o [1]
Show_Pid                0x00010d11   0xf0  Code  Gb  menu.o [1]
System_Init             0x00013e1d   0x9c  Code  Gb  main.o [1]
TimeCount1              0x1fff05f8    0x1  Data  Gb  main.o [1]
TimeCount2              0x1fff05f9    0x1  Data  Gb  main.o [1]
UARTN                   0x1fff0454   0x14  Data  Gb  MK66_uart.o [1]
UP_Value                0x1fff054c   0x20  Data  Gb  main.o [1]
Value                   0x1fff04ec   0x60  Data  Gb  ADC.o [1]
_LocaleC_isalpha        0x0001362b    0xc  Code  Gb  xlocale_c.o [3]
_LocaleC_islower        0x00013625    0x4  Code  Gb  xlocale_c.o [3]
_LocaleC_isspace        0x00013641   0x14  Code  Gb  xlocale_c.o [3]
_LocaleC_isupper        0x00013629    0x2  Code  Gb  xlocale_c.o [3]
_Locale_lconv           0x1fff046c   0x38  Data  Lc  xlocale_c.o [3]
__BOOT_STACK_ADDRESS {Abs}
                        0x2002fff8         Data  Gb  command line/config [2]
__VECTOR_RAM {Abs}      0x1fff0000         Data  Gb  command line/config [2]
__VECTOR_TABLE {Abs}    0x00010000         Data  Gb  command line/config [2]
__aeabi_d2f             0x000112e1         Code  Gb  DblToFlt.o [4]
__aeabi_dadd            0x00012f69         Code  Gb  DblAdd.o [4]
__aeabi_ddiv            0x00012a15         Code  Gb  DblDiv.o [4]
__aeabi_dmul            0x00012735         Code  Gb  DblMul.o [4]
__aeabi_f2d             0x00011289         Code  Gb  FltToDbl.o [4]
__aeabi_i2d             0x00012f45         Code  Gb  S32ToDbl.o [4]
__aeabi_memclr4         0x00010fd5         Code  Gb  ABImemclr4.o [5]
__cmain                 0x0001461d         Code  Gb  cmain.o [5]
__code_start__ {Abs}    0x00010410         Data  Gb  command line/config [2]
__data_GetMemChunk      0x0001331d   0x2c  Code  Gb  xgetmemchunk.o [3]
__data_GetMemChunk::start
                        0x1fff05e0    0x4  Data  Lc  xgetmemchunk.o [3]
__exit                  0x00013791         Code  Gb  XXexit.o [5]
__iar_Memchr            0x00013739         Code  Gb  memchr.o [5]
__iar_Memset4_word      0x00011695         Code  Gb  ABImemset48.o [5]
__iar_Memset8_word      0x00011695         Code  Gb  ABImemset48.o [5]
__iar_Sto64             0x0001201d  0x19e  Code  Gb  strto64.o [4]
__iar_Stoflt            0x00012d7d  0x1c8  Code  Gb  iar_Stoflt.o [3]
__iar_Stopfx            0x00012c5b  0x122  Code  Gb  iar_Stopfx.o [3]
__iar_Stoxflt           0x000130e1  0x208  Code  Gb  iar_Stoxflt.o [3]
__iar_Stoxflt::digits   0x000132ec   0x18  Data  Lc  iar_Stoxflt.o [3]
__iar_Stoxflt::vals     0x00013304   0x18  Data  Lc  iar_Stoxflt.o [3]
__iar_dadd              0x00013665         Code  Gb  DblSub.o [4]
__iar_data_init3        0x0001459d   0x28  Code  Gb  data_init.o [5]
__iar_dsub              0x00012f79         Code  Gb  DblAdd.o [4]
__iar_dsubStart         0x00012f8b         Code  Gb  DblAdd.o [4]
__iar_frexp             0x000126d1         Code  Gb  frexp.o [4]
__iar_frexpl            0x000126d1         Code  Gb  frexp.o [4]
__iar_globLocale        0x1fff04a4   0x48  Data  Lc  xlocale_c.o [3]
__iar_global_Locale     0x00013655    0x4  Code  Gb  xlocale_c.o [3]
__iar_init_vfp          0x000145e9         Code  Gb  fpinit_M.o [4]
__iar_ldexp64           0x000128d9         Code  Gb  ldexp.o [4]
__iar_program_start     0x000147d1         Code  Gb  cstartup_M.o [5]
__iar_scalbln64         0x000128d9         Code  Gb  ldexp.o [4]
__iar_scalbn64          0x000128d9         Code  Gb  ldexp.o [4]
__iar_softfp___iar_frexp64
                        0x000126c5         Code  Gb  frexp.o [4]
__iar_softfp_frexp      0x000126c5         Code  Gb  frexp.o [4]
__iar_softfp_frexpl     0x000126c5         Code  Gb  frexp.o [4]
__iar_systems$$module {Abs}
                        0x00000001         Data  Gb  command line/config [2]
__iar_vfp_atof          0x000112d7    0x8  Code  Gb  math_wrappers64.o [4]
__iar_zero_init3        0x00014525   0x40  Code  Gb  zero_init3.o [5]
__low_level_init        0x00014637    0x4  Code  Gb  low_level_init.o [3]
__no_free_malloc        0x00012251   0x40  Code  Gb  no_free_heap0.o [3]
__vector_table          0x00010000  0x410  Data  Gb  vectors.o [1]
_call_main              0x00014629         Code  Gb  cmain.o [5]
_exit                   0x00013349         Code  Gb  cexit.o [5]
_main                   0x00014633         Code  Gb  cmain.o [5]
adc_init                0x00012299  0x1f4  Code  Gb  MK66_adc.o [1]
adc_once                0x0001248d   0x4e  Code  Gb  MK66_adc.o [1]
adc_start               0x000124db   0x46  Code  Lc  MK66_adc.o [1]
assert_failed           0x00012633   0x2c  Code  Gb  MK66_conf.o [1]
atof                    0x00012201    0x8  Code  Gb  strto64.o [4]
bus_clk_khz             0x1fff05d8    0x4  Data  Gb  system_MK66FX18.o [1]
common_startup          0x00014201   0x8a  Code  Gb  system_MK66FX18.o [1]
core_clk_khz            0x1fff05d0    0x4  Data  Gb  system_MK66FX18.o [1]
core_clk_mhz            0x1fff05d4    0x4  Data  Gb  system_MK66FX18.o [1]
ddiv                    0x00011d95   0xd0  Code  Lc  strto64.o [4]
default_isr             0x00012675   0x3e  Code  Gb  MK66_conf.o [1]
distance                0x1fff05f6    0x2  Data  Gb  Superware.o [1]
dmul                    0x00011cc1   0xd2  Code  Lc  strto64.o [4]
enter_fputc             0x00012661   0x14  Code  Gb  MK66_conf.o [1]
exit                    0x00012295    0x4  Code  Gb  exit.o [3]
gpio_get                0x00011c3b   0x3e  Code  Gb  MK66_gpio.o [1]
gpio_init               0x00011ac5   0xbe  Code  Gb  MK66_gpio.o [1]
gpio_set                0x00011b83   0x7c  Code  Gb  MK66_gpio.o [1]
gpio_turn               0x00011bff   0x3c  Code  Gb  MK66_gpio.o [1]
house                   0x0001379c  0x400  Data  Gb  OLED.o [1]
isalpha                 0x00013611   0x14  Code  Gb  isalpha.o [3]
isspace                 0x000135fd   0x14  Code  Gb  isspace.o [3]
key                     0x1fff05f4    0x2  Data  Gb  key.o [1]
ldexp                   0x000128d9         Code  Gb  ldexp.o [4]
ldexpl                  0x000128d9         Code  Gb  ldexp.o [4]
led_init                0x00013355   0x3a  Code  Gb  VCAN_LED.o [1]
led_turn                0x0001338f   0x32  Code  Gb  VCAN_LED.o [1]
localeconv              0x00013659    0x4  Code  Gb  xlocale_c.o [3]
main                    0x00013eb9   0x20  Code  Gb  main.o [1]
memchr                  0x00013739         Code  Gb  memchr.o [5]
menu_op                 0x1fff056c    0xc  Data  Gb  menu.o [1]
menus                   0x000143e4   0xc0  Data  Gb  menu.o [1]
nops                    0x000116c9    0xa  Code  Lc  IIC.o [1]
port_init               0x00012535   0x4a  Code  Gb  MK66_port.o [1]
port_init_NoALT         0x0001257f   0x6a  Code  Gb  MK66_port.o [1]
pows                    0x00012208   0x48  Data  Lc  strto64.o [4]
qs                      0x1fff05dc    0x4  Data  Lc  no_free_heap0.o [3]
scalbln                 0x000128d9         Code  Gb  ldexp.o [4]
scalblnl                0x000128d9         Code  Gb  ldexp.o [4]
scalbn                  0x000128d9         Code  Gb  ldexp.o [4]
scalbnl                 0x000128d9         Code  Gb  ldexp.o [4]
set_vector_handler      0x0001412f   0x22  Code  Gb  misc.o [1]
soft_delay_ms           0x00012615   0x1e  Code  Gb  MK66_conf.o [1]
soft_delay_us           0x000125f1   0x24  Code  Gb  MK66_conf.o [1]
start                   0x0001419d   0x20  Code  Gb  system_MK66FX18.o [1]
strcmp                  0x00011349         Code  Gb  strcmp.o [5]
sysinit                 0x000141bd   0x44  Code  Gb  system_MK66FX18.o [1]
uart_init               0x000133c5  0x1de  Code  Gb  MK66_uart.o [1]
uart_putbuff            0x000135bd   0x26  Code  Gb  MK66_uart.o [1]
uart_putchar            0x000135a3   0x1a  Code  Gb  MK66_uart.o [1]
vcan_sendware           0x0001415d   0x38  Code  Gb  VCAN_computer.o [1]
wdog_disable            0x000142c9   0x16  Code  Gb  MK66_wdog.o [1]
wdog_unlock             0x000142df   0x20  Code  Lc  MK66_wdog.o [1]
weight                  0x1fff0410   0x14  Data  Gb  ADC.o [1]
write_vtor              0x0001410d   0x22  Code  Gb  misc.o [1]


[1] = D:\智能车项目\软件\逮虾户V1.0\Prj\IAR\MK66FX18_Debug\Obj
[2] = command line
[3] = dl7M_tlf.a
[4] = m7M_tls.a
[5] = rt7M_tl.a

  14 660 bytes of readonly  code memory
   3 908 bytes of readonly  data memory
   1 003 bytes of readwrite data memory

Errors: none
Warnings: none
