###############################################################################
#
# IAR ELF Linker V8.11.3.13950/W32 for ARM                09/Jun/2019  20:23:28
# Copyright 2007-2017 IAR Systems AB.
#
#    Output file  =  
#        D:\Smart Car Program\Software\EDD smart
#        car\V1.1\Prj\IAR\MK66FX18_Debug\Exe\vcan_Kinetis.out
#    Map file     =  
#        D:\Smart Car Program\Software\EDD smart
#        car\V1.1\Prj\IAR\MK66FX18_Debug\List\vcan_Kinetis.map
#    Command line =  
#        -f C:\Users\11192\AppData\Local\Temp\EW6AD4.tmp ("D:\Smart Car
#        Program\Software\EDD smart car\V1.1\Prj\IAR\MK66FX18_Debug\Obj\ADC.o"
#        "D:\Smart Car Program\Software\EDD smart
#        car\V1.1\Prj\IAR\MK66FX18_Debug\Obj\Beep.o" "D:\Smart Car
#        Program\Software\EDD smart
#        car\V1.1\Prj\IAR\MK66FX18_Debug\Obj\diskio.o" "D:\Smart Car
#        Program\Software\EDD smart car\V1.1\Prj\IAR\MK66FX18_Debug\Obj\ff.o"
#        "D:\Smart Car Program\Software\EDD smart
#        car\V1.1\Prj\IAR\MK66FX18_Debug\Obj\IIC.o" "D:\Smart Car
#        Program\Software\EDD smart car\V1.1\Prj\IAR\MK66FX18_Debug\Obj\key.o"
#        "D:\Smart Car Program\Software\EDD smart
#        car\V1.1\Prj\IAR\MK66FX18_Debug\Obj\main.o" "D:\Smart Car
#        Program\Software\EDD smart car\V1.1\Prj\IAR\MK66FX18_Debug\Obj\menu.o"
#        "D:\Smart Car Program\Software\EDD smart
#        car\V1.1\Prj\IAR\MK66FX18_Debug\Obj\misc.o" "D:\Smart Car
#        Program\Software\EDD smart
#        car\V1.1\Prj\IAR\MK66FX18_Debug\Obj\MK66_adc.o" "D:\Smart Car
#        Program\Software\EDD smart
#        car\V1.1\Prj\IAR\MK66FX18_Debug\Obj\MK66_conf.o" "D:\Smart Car
#        Program\Software\EDD smart
#        car\V1.1\Prj\IAR\MK66FX18_Debug\Obj\MK66_dma.o" "D:\Smart Car
#        Program\Software\EDD smart
#        car\V1.1\Prj\IAR\MK66FX18_Debug\Obj\MK66_flexbus.o" "D:\Smart Car
#        Program\Software\EDD smart
#        car\V1.1\Prj\IAR\MK66FX18_Debug\Obj\MK66_gpio.o" "D:\Smart Car
#        Program\Software\EDD smart
#        car\V1.1\Prj\IAR\MK66FX18_Debug\Obj\MK66_i2c.o" "D:\Smart Car
#        Program\Software\EDD smart
#        car\V1.1\Prj\IAR\MK66FX18_Debug\Obj\MK66_it.o" "D:\Smart Car
#        Program\Software\EDD smart
#        car\V1.1\Prj\IAR\MK66FX18_Debug\Obj\MK66_port.o" "D:\Smart Car
#        Program\Software\EDD smart
#        car\V1.1\Prj\IAR\MK66FX18_Debug\Obj\MK66_rtc.o" "D:\Smart Car
#        Program\Software\EDD smart
#        car\V1.1\Prj\IAR\MK66FX18_Debug\Obj\MK66_sdhc.o" "D:\Smart Car
#        Program\Software\EDD smart
#        car\V1.1\Prj\IAR\MK66FX18_Debug\Obj\MK66_spi.o" "D:\Smart Car
#        Program\Software\EDD smart
#        car\V1.1\Prj\IAR\MK66FX18_Debug\Obj\MK66_uart.o" "D:\Smart Car
#        Program\Software\EDD smart
#        car\V1.1\Prj\IAR\MK66FX18_Debug\Obj\MK66_wdog.o" "D:\Smart Car
#        Program\Software\EDD smart
#        car\V1.1\Prj\IAR\MK66FX18_Debug\Obj\Motor_ctrl.o" "D:\Smart Car
#        Program\Software\EDD smart car\V1.1\Prj\IAR\MK66FX18_Debug\Obj\OLED.o"
#        "D:\Smart Car Program\Software\EDD smart
#        car\V1.1\Prj\IAR\MK66FX18_Debug\Obj\Server_ctrl.o" "D:\Smart Car
#        Program\Software\EDD smart
#        car\V1.1\Prj\IAR\MK66FX18_Debug\Obj\startup_MK66FX18.o" "D:\Smart Car
#        Program\Software\EDD smart
#        car\V1.1\Prj\IAR\MK66FX18_Debug\Obj\Superware.o" "D:\Smart Car
#        Program\Software\EDD smart
#        car\V1.1\Prj\IAR\MK66FX18_Debug\Obj\system_MK66FX18.o" "D:\Smart Car
#        Program\Software\EDD smart
#        car\V1.1\Prj\IAR\MK66FX18_Debug\Obj\VCAN_BMP.o" "D:\Smart Car
#        Program\Software\EDD smart
#        car\V1.1\Prj\IAR\MK66FX18_Debug\Obj\VCAN_computer.o" "D:\Smart Car
#        Program\Software\EDD smart
#        car\V1.1\Prj\IAR\MK66FX18_Debug\Obj\vcan_img2sd.o" "D:\Smart Car
#        Program\Software\EDD smart
#        car\V1.1\Prj\IAR\MK66FX18_Debug\Obj\VCAN_key.o" "D:\Smart Car
#        Program\Software\EDD smart
#        car\V1.1\Prj\IAR\MK66FX18_Debug\Obj\VCAN_key_event.o" "D:\Smart Car
#        Program\Software\EDD smart
#        car\V1.1\Prj\IAR\MK66FX18_Debug\Obj\VCAN_LCD_ILI9325.o" "D:\Smart Car
#        Program\Software\EDD smart
#        car\V1.1\Prj\IAR\MK66FX18_Debug\Obj\VCAN_LCD_ILI9341.o" "D:\Smart Car
#        Program\Software\EDD smart
#        car\V1.1\Prj\IAR\MK66FX18_Debug\Obj\VCAN_LCD_ST7735R.o" "D:\Smart Car
#        Program\Software\EDD smart
#        car\V1.1\Prj\IAR\MK66FX18_Debug\Obj\VCAN_LCD_ST7735S.o" "D:\Smart Car
#        Program\Software\EDD smart
#        car\V1.1\Prj\IAR\MK66FX18_Debug\Obj\VCAN_LED.o" "D:\Smart Car
#        Program\Software\EDD smart
#        car\V1.1\Prj\IAR\MK66FX18_Debug\Obj\VCAN_MMA7455.o" "D:\Smart Car
#        Program\Software\EDD smart
#        car\V1.1\Prj\IAR\MK66FX18_Debug\Obj\VCAN_NRF24L0.o" "D:\Smart Car
#        Program\Software\EDD smart
#        car\V1.1\Prj\IAR\MK66FX18_Debug\Obj\VCAN_NRF24L0_MSG.o" "D:\Smart Car
#        Program\Software\EDD smart
#        car\V1.1\Prj\IAR\MK66FX18_Debug\Obj\VCAN_OV7725_Eagle.o" "D:\Smart Car
#        Program\Software\EDD smart
#        car\V1.1\Prj\IAR\MK66FX18_Debug\Obj\VCAN_RTC_count.o" "D:\Smart Car
#        Program\Software\EDD smart
#        car\V1.1\Prj\IAR\MK66FX18_Debug\Obj\VCAN_SCCB.o" "D:\Smart Car
#        Program\Software\EDD smart
#        car\V1.1\Prj\IAR\MK66FX18_Debug\Obj\vcan_sd_app.o" "D:\Smart Car
#        Program\Software\EDD smart
#        car\V1.1\Prj\IAR\MK66FX18_Debug\Obj\Vcan_touch.o" "D:\Smart Car
#        Program\Software\EDD smart
#        car\V1.1\Prj\IAR\MK66FX18_Debug\Obj\VCAN_TSL1401.o" "D:\Smart Car
#        Program\Software\EDD smart
#        car\V1.1\Prj\IAR\MK66FX18_Debug\Obj\VCAN_UI_VAR.o" "D:\Smart Car
#        Program\Software\EDD smart
#        car\V1.1\Prj\IAR\MK66FX18_Debug\Obj\vectors.o" --redirect
#        _Printf=_PrintfLargeNoMb --redirect _Scanf=_ScanfLargeNoMb -o
#        "D:\Smart Car Program\Software\EDD smart
#        car\V1.1\Prj\IAR\MK66FX18_Debug\Exe\vcan_Kinetis.out" --map "D:\Smart
#        Car Program\Software\EDD smart
#        car\V1.1\Prj\IAR\MK66FX18_Debug\List\vcan_Kinetis.map" --config
#        "D:\Smart Car Program\Software\EDD smart car\V1.1\Prj\IAR\config
#        files\vcan_ROM_K66X1M.icf" "D:\Smart Car Program\Software\EDD smart
#        car\V1.1\Prj\IAR\..\..\Lib\CMSIS\iar_cortexM4l_math.a" --entry
#        __iar_program_start --redirect __write=__write_buffered --vfe
#        --text_out locale)
#
###############################################################################

*******************************************************************************
*** RUNTIME MODEL ATTRIBUTES
***

CppFlavor       = *
__Heap_Handler  = NoFree
__SystemLibrary = DLib
__dlib_version  = 6


*******************************************************************************
*** HEAP SELECTION
***

The no free heap was selected because no calls to memory
deallocation functions were found in the application.


*******************************************************************************
*** PLACEMENT SUMMARY
***

"A0":  place at 0x00010000 { ro section .intvec };
"A1":  place at 0x00010410 { ro section .noinit };
define block CodeRelocate { section .textrw_init };
"P1":  place in [from 0x00010000 to 0x00100000] { ro, block CodeRelocate };
define block CodeRelocateRam { section .textrw };
define block CSTACK with size = 4K, alignment = 8 { };
define block HEAP with size = 512, alignment = 8 { };
"P2":  place in [from 0x1fff0410 to 0x20030000] {
          rw, block CodeRelocateRam, block CSTACK, block HEAP };
initialize manually with packing = copy, complex ranges { section .data };

  Section              Kind        Address    Size  Object
  -------              ----        -------    ----  ------
"A0":                                        0x410
  .intvec              const    0x00010000   0x410  vectors.o [1]
                              - 0x00010410   0x410

"A1":                                          0x8
  .noinit              ro code  0x00010410     0x8  startup_MK66FX18.o [1]
                              - 0x00010418     0x8

"P1", part 1 of 2:                          0x4a60
  .text                ro code  0x00010418   0xbbc  menu.o [1]
  .text                ro code  0x00010fd4     0x6  ABImemclr4.o [5]
  .rodata              const    0x00010fda     0x2  VCAN_computer.o [1]
  .text                ro code  0x00010fdc   0x2aa  OLED.o [1]
  .rodata              const    0x00011286     0x2  VCAN_computer.o [1]
  .text                ro code  0x00011288    0x48  FltToDbl.o [4]
  .text                ro code  0x000112d0     0xe  math_wrappers64.o [4]
  .text                ro code  0x000112e0    0x68  DblToFlt.o [4]
  .text                ro code  0x00011348    0x4a  strcmp.o [5]
  .text                ro code  0x00011394   0x328  ADC.o [1]
  .text                ro code  0x000116bc    0x32  ABImemset48.o [5]
  .text                ro code  0x000116f0   0x3fc  IIC.o [1]
  .text                ro code  0x00011aec   0x1c0  MK66_gpio.o [1]
  .rodata              const    0x00011cac    0x44  misc.o [1]
  .text                ro code  0x00011cf0   0x590  strto64.o [4]
  .text                ro code  0x00012280    0x44  no_free_heap0.o [3]
  .text                ro code  0x000122c4     0x4  exit.o [3]
  .text                ro code  0x000122c8   0x29c  MK66_adc.o [1]
  .text                ro code  0x00012564    0xbc  MK66_port.o [1]
  .text                ro code  0x00012620    0xd4  MK66_conf.o [1]
  .text                ro code  0x000126f4    0x70  frexp.o [4]
  .text                ro code  0x00012764   0x1a2  DblMul.o [4]
  .text                ro code  0x00012908   0x13a  ldexp.o [4]
  .text                ro code  0x00012a44   0x246  DblDiv.o [4]
  .text                ro code  0x00012c8a   0x122  iar_Stopfx.o [3]
  .text                ro code  0x00012dac   0x1c8  iar_Stoflt.o [3]
  .text                ro code  0x00012f74    0x22  S32ToDbl.o [4]
  .text                ro code  0x00012f98   0x178  DblAdd.o [4]
  .text                ro code  0x00013110   0x23c  iar_Stoxflt.o [3]
  .text                ro code  0x0001334c    0x2c  xgetmemchunk.o [3]
  .text                ro code  0x00013378     0xa  cexit.o [5]
  .text                ro code  0x00013384    0x70  VCAN_LED.o [1]
  .text                ro code  0x000133f4   0x238  MK66_uart.o [1]
  .text                ro code  0x0001362c    0x14  isspace.o [3]
  .text                ro code  0x00013640    0x14  isalpha.o [3]
  .text                ro code  0x00013654    0x40  xlocale_c.o [3]
  .text                ro code  0x00013694    0xd2  DblSub.o [4]
  .text                ro code  0x00013768    0x58  memchr.o [5]
  .text                ro code  0x000137c0     0xc  XXexit.o [5]
  .rodata              const    0x000137cc   0x400  OLED.o [1]
  .text                ro code  0x00013bcc   0x2fc  Server_ctrl.o [1]
  .text                ro code  0x00013ec8   0x23c  main.o [1]
  .text                ro code  0x00014104   0x150  key.o [1]
  .text                ro code  0x00014254   0x1a4  Motor_ctrl.o [1]
  .text                ro code  0x000143f8    0x5c  Beep.o [1]
  .text                ro code  0x00014454    0x50  misc.o [1]
  .text                ro code  0x000144a4    0x40  VCAN_computer.o [1]
  .text                ro code  0x000144e4    0x58  VCAN_key.o [1]
  .rodata              const    0x0001453c   0x228  OLED.o [1]
  .text                ro code  0x00014764   0x12c  system_MK66FX18.o [1]
  .text                ro code  0x00014890    0x40  MK66_wdog.o [1]
  .data_init                    0x000148d0    0xe4  <Block>
    Initializer bytes  const    0x000148d0    0xe4  <for .data-1>
  .rodata              const    0x000149b4    0xc0  menu.o [1]
  .rodata              const    0x00014a74    0x48  MK66_adc.o [1]
  .rodata              const    0x00014abc    0x48  MK66_gpio.o [1]
  .rodata              const    0x00014b04    0x48  MK66_uart.o [1]
  .text                ro code  0x00014b4c    0x40  zero_init3.o [5]
  .text                ro code  0x00014b8c    0x28  data_init.o [5]
  .rodata              const    0x00014bb4    0x24  MK66_conf.o [1]
  .text                ro code  0x00014bd8    0x22  fpinit_M.o [4]
  .iar.init_table      const    0x00014bfc    0x10  - Linker created -
  .text                ro code  0x00014c0c    0x1a  cmain.o [5]
  .text                ro code  0x00014c26     0x4  low_level_init.o [3]
  .rodata              const    0x00014c2c    0x14  menu.o [1]
  .rodata              const    0x00014c40    0x10  menu.o [1]
  .rodata              const    0x00014c50    0x10  menu.o [1]
  .rodata              const    0x00014c60    0x10  menu.o [1]
  .rodata              const    0x00014c70     0xc  key.o [1]
  .rodata              const    0x00014c7c     0xc  menu.o [1]
  .rodata              const    0x00014c88     0xc  menu.o [1]
  .rodata              const    0x00014c94     0xc  menu.o [1]
  .rodata              const    0x00014ca0     0xc  menu.o [1]
  .rodata              const    0x00014cac     0xc  menu.o [1]
  .rodata              const    0x00014cb8     0xc  menu.o [1]
  .rodata              const    0x00014cc4     0xc  menu.o [1]
  .rodata              const    0x00014cd0     0xc  menu.o [1]
  .rodata              const    0x00014cdc     0xc  menu.o [1]
  .rodata              const    0x00014ce8     0xc  menu.o [1]
  .rodata              const    0x00014cf4     0xc  menu.o [1]
  .rodata              const    0x00014d00     0xc  menu.o [1]
  .rodata              const    0x00014d0c     0xc  menu.o [1]
  .rodata              const    0x00014d18     0xc  menu.o [1]
  .rodata              const    0x00014d24     0xc  menu.o [1]
  .rodata              const    0x00014d30     0xc  menu.o [1]
  .rodata              const    0x00014d3c     0xc  menu.o [1]
  .rodata              const    0x00014d48     0xc  menu.o [1]
  .rodata              const    0x00014d54     0xc  menu.o [1]
  .rodata              const    0x00014d60     0xc  menu.o [1]
  .rodata              const    0x00014d6c     0xc  menu.o [1]
  .rodata              const    0x00014d78     0xc  menu.o [1]
  .rodata              const    0x00014d84     0xc  menu.o [1]
  .rodata              const    0x00014d90     0xc  menu.o [1]
  .rodata              const    0x00014d9c     0xc  menu.o [1]
  .rodata              const    0x00014da8     0xc  menu.o [1]
  .rodata              const    0x00014db4     0xc  MK66_conf.o [1]
  .text                ro code  0x00014dc0     0xc  cstartup_M.o [5]
  .rodata              const    0x00014dcc     0x8  menu.o [1]
  .rodata              const    0x00014dd4     0x8  menu.o [1]
  .rodata              const    0x00014ddc     0x8  menu.o [1]
  .rodata              const    0x00014de4     0x8  menu.o [1]
  .rodata              const    0x00014dec     0x8  menu.o [1]
  .rodata              const    0x00014df4     0x8  menu.o [1]
  .rodata              const    0x00014dfc     0x8  menu.o [1]
  .rodata              const    0x00014e04     0x8  menu.o [1]
  .rodata              const    0x00014e0c     0x8  menu.o [1]
  .rodata              const    0x00014e14     0x8  menu.o [1]
  .rodata              const    0x00014e1c     0x8  menu.o [1]
  .rodata              const    0x00014e24     0x8  menu.o [1]
  .rodata              const    0x00014e2c     0x8  menu.o [1]
  .rodata              const    0x00014e34     0x8  menu.o [1]
  .rodata              const    0x00014e3c     0x8  menu.o [1]
  .rodata              const    0x00014e44     0x8  menu.o [1]
  .rodata              const    0x00014e4c     0x8  menu.o [1]
  .rodata              const    0x00014e54     0x8  menu.o [1]
  .rodata              const    0x00014e5c     0x8  menu.o [1]
  .rodata              const    0x00014e64     0x8  menu.o [1]
  .rodata              const    0x00014e6c     0x6  xlocale_c.o [3]
  .rodata              const    0x00014e74     0x4  menu.o [1]
  .rodata              const    0x00014e78     0x0  zero_init3.o [5]
                              - 0x00014e78  0x4a60

"P1", part 2 of 2:                             0x0
  CodeRelocate                  0x00014e78     0x0  <Block>

"P2", part 1 of 3:                            0xe4
  .data                         0x1fff0410    0xe4  <Block>
    .data-1                     0x1fff0410    0xe4  <Init block>
      .data            inited   0x1fff0410    0x14  ADC.o [1]
      .data            inited   0x1fff0424     0x8  MK66_adc.o [1]
      .data            inited   0x1fff042c    0x14  MK66_gpio.o [1]
      .data            inited   0x1fff0440    0x14  MK66_port.o [1]
      .data            inited   0x1fff0454    0x14  MK66_uart.o [1]
      .data            inited   0x1fff0468     0x8  VCAN_key.o [1]
      .data            inited   0x1fff0470     0x4  VCAN_LED.o [1]
      .data            inited   0x1fff0474    0x38  xlocale_c.o [3]
      .data            inited   0x1fff04ac    0x48  xlocale_c.o [3]
                              - 0x1fff04f4    0xe4

"P2", part 2 of 3:                           0x114
  .bss                          0x1fff04f4   0x114  <Block>
    .bss               zero     0x1fff04f4    0x60  ADC.o [1]
    .bss               zero     0x1fff0554    0x20  main.o [1]
    .bss               zero     0x1fff0574     0xc  menu.o [1]
    .bss               zero     0x1fff0580    0x2c  Motor_ctrl.o [1]
    .bss               zero     0x1fff05ac    0x2c  Server_ctrl.o [1]
    .bss               zero     0x1fff05d8     0x4  system_MK66FX18.o [1]
    .bss               zero     0x1fff05dc     0x4  system_MK66FX18.o [1]
    .bss               zero     0x1fff05e0     0x4  system_MK66FX18.o [1]
    .bss               zero     0x1fff05e4     0x4  no_free_heap0.o [3]
    .bss               zero     0x1fff05e8     0x4  xgetmemchunk.o [3]
    .bss               zero     0x1fff05ec     0x2  ADC.o [1]
    .bss               zero     0x1fff05ee     0x2  ADC.o [1]
    .bss               zero     0x1fff05f0     0x2  ADC.o [1]
    .bss               zero     0x1fff05f2     0x2  ADC.o [1]
    .bss               zero     0x1fff05f4     0x2  ADC.o [1]
    .bss               zero     0x1fff05f6     0x2  ADC.o [1]
    .bss               zero     0x1fff05f8     0x2  ADC.o [1]
    .bss               zero     0x1fff05fa     0x2  ADC.o [1]
    .bss               zero     0x1fff05fc     0x2  key.o [1]
    .bss               zero     0x1fff05fe     0x2  Superware.o [1]
    .bss               zero     0x1fff0600     0x1  Beep.o [1]
    .bss               zero     0x1fff0601     0x1  main.o [1]
    .bss               zero     0x1fff0602     0x1  main.o [1]
    .bss               zero     0x1fff0603     0x1  main.o [1]
    .bss               zero     0x1fff0604     0x1  main.o [1]
    .bss               zero     0x1fff0605     0x1  menu.o [1]
    .bss               zero     0x1fff0606     0x1  Server_ctrl.o [1]
    .bss               zero     0x1fff0607     0x1  Server_ctrl.o [1]
                              - 0x1fff0608   0x114

"P2", part 3 of 3:                           0x200
  CodeRelocateRam               0x1fff0608     0x0  <Block>
  HEAP                          0x1fff0608   0x200  <Block>
    HEAP               uninit   0x1fff0608   0x200  <Block tail>
                              - 0x1fff0808   0x200


*******************************************************************************
*** INIT TABLE
***

          Address     Size
          -------     ----
Zero (__iar_zero_init3)
    1 destination range, total size 0x114:
          0x1fff04f4  0x114



*******************************************************************************
*** MODULE SUMMARY
***

    Module              ro code  ro data  rw data
    ------              -------  -------  -------
D:\Smart Car Program\Software\EDD smart car\V1.1\Prj\IAR\MK66FX18_Debug\Obj: [1]
    ADC.o                   808       20      132
    Beep.o                   92                 1
    IIC.o                 1 020
    MK66_adc.o              668       80        8
    MK66_conf.o             212       48
    MK66_gpio.o             448       92       20
    MK66_port.o             188       20       20
    MK66_uart.o             568       92       20
    MK66_wdog.o              64
    Motor_ctrl.o            420                44
    OLED.o                  682    1 576
    Server_ctrl.o           764                46
    Superware.o                                 2
    VCAN_LED.o              112        4        4
    VCAN_computer.o          64        4
    VCAN_key.o               88        8        8
    key.o                   336       12        2
    main.o                  572                36
    menu.o                3 004      736       13
    misc.o                   80       68
    startup_MK66FX18.o        8
    system_MK66FX18.o       300                12
    vectors.o                      1 040
    ---------------------------------------------
    Total:               10 498    3 800      368

command line: [2]
    ---------------------------------------------
    Total:

dl7M_tlf.a: [3]
    exit.o                    4
    iar_Stoflt.o            456
    iar_Stopfx.o            290
    iar_Stoxflt.o           572
    isalpha.o                20
    isspace.o                20
    low_level_init.o          4
    no_free_heap0.o          68                 4
    xgetmemchunk.o           44                 4
    xlocale_c.o              64      134      128
    ---------------------------------------------
    Total:                1 542      134      136

m7M_tls.a: [4]
    DblAdd.o                376
    DblDiv.o                582
    DblMul.o                418
    DblSub.o                210
    DblToFlt.o              104
    FltToDbl.o               72
    S32ToDbl.o               34
    fpinit_M.o               34
    frexp.o                 112
    ldexp.o                 314
    math_wrappers64.o        14
    strto64.o             1 424
    ---------------------------------------------
    Total:                3 694

rt7M_tl.a: [5]
    ABImemclr4.o              6
    ABImemset48.o            50
    XXexit.o                 12
    cexit.o                  10
    cmain.o                  26
    cstartup_M.o             12
    data_init.o              40
    memchr.o                 88
    strcmp.o                 74
    zero_init3.o             64
    ---------------------------------------------
    Total:                  382

    Gaps                     16        6
    Linker created                    16      512
-------------------------------------------------
    Grand Total:         16 132    3 956    1 016


*******************************************************************************
*** ENTRY LIST
***

Entry                      Address   Size  Type      Object
-----                      -------   ----  ----      ------
.bss$$Base              0x1fff04f4          --   Gb  - Linker created -
.bss$$Limit             0x1fff0608          --   Gb  - Linker created -
.data$$Base             0x1fff0410          --   Gb  - Linker created -
.data$$Limit            0x1fff04f4          --   Gb  - Linker created -
.data_init$$Base        0x000148d0          --   Gb  - Linker created -
.data_init$$Limit       0x000149b4          --   Gb  - Linker created -
.iar.init_table$$Base   0x00014bfc          --   Gb  - Linker created -
.iar.init_table$$Limit  0x00014c0c          --   Gb  - Linker created -
?main                   0x00014c0d         Code  Gb  cmain.o [5]
ADCN                    0x1fff0424    0x8  Data  Gb  MK66_adc.o [1]
ADC_Init                0x000114c5   0x50  Code  Gb  ADC.o [1]
ASSERT_FAILED_STR       0x00014bb4   0x24  Data  Gb  MK66_conf.o [1]
Add_Value               0x00011441   0x16  Code  Gb  ADC.o [1]
Beep                    0x0001441f   0x2e  Code  Gb  Beep.o [1]
Beep_Init               0x000143f9    0xe  Code  Gb  Beep.o [1]
Beep_Start              0x00014407    0xc  Code  Gb  Beep.o [1]
Beep_Stop               0x00014413    0xc  Code  Gb  Beep.o [1]
Change_Level            0x00010831   0x36  Code  Gb  menu.o [1]
Chose_Menu              0x00010681   0x46  Code  Lc  menu.o [1]
CodeRelocate$$Base      0x00014e78          --   Gb  - Linker created -
CodeRelocate$$Limit     0x00014e78          --   Gb  - Linker created -
CodeRelocateRam$$Base   0x1fff0608          --   Gb  - Linker created -
CodeRelocateRam$$Limit  0x1fff0608          --   Gb  - Linker created -
DeQueue                 0x00011419   0x28  Code  Gb  ADC.o [1]
Dtentox                 0x00011ea5  0x196  Code  Lc  strto64.o [4]
Empty                   0x00010449    0x2  Code  Gb  menu.o [1]
EnQueue                 0x000113e7   0x32  Code  Gb  ADC.o [1]
Encoder_init            0x00014327   0x12  Code  Gb  Motor_ctrl.o [1]
Exe_Fuc                 0x00010767   0xb2  Code  Lc  menu.o [1]
F6x8                    0x0001453c  0x228  Data  Gb  OLED.o [1]
GPIOX                   0x1fff042c   0x14  Data  Gb  MK66_gpio.o [1]
Get_Deep                0x0001044b   0x64  Code  Lc  menu.o [1]
Get_Direction_Error     0x00013d01   0x2e  Code  Gb  Server_ctrl.o [1]
Get_Direction_Error::lock_status_flag
                        0x1fff0607    0x1  Data  Lc  Server_ctrl.o [1]
Get_Keynum              0x00014197   0x4c  Code  Gb  key.o [1]
Get_Level_Num           0x000104af   0x50  Code  Lc  menu.o [1]
Get_Menu_Num            0x000104ff    0xa  Code  Lc  menu.o [1]
Get_Ntimes_average      0x00011515   0x3c  Code  Gb  ADC.o [1]
Get_Smoothed_ADC        0x00011551   0x84  Code  Gb  ADC.o [1]
Get_Speed               0x00014339   0x22  Code  Gb  Motor_ctrl.o [1]
Get_Status              0x00013cd3   0x2e  Code  Gb  Server_ctrl.o [1]
Get_Value_Sum           0x0001146b   0x5a  Code  Gb  ADC.o [1]
HEAP$$Base              0x1fff0608          --   Gb  - Linker created -
HEAP$$Limit             0x1fff0808          --   Gb  - Linker created -
IIC_read_byte           0x000119f1   0xf6  Code  Gb  IIC.o [1]
IIC_send_byte           0x000118f1  0x100  Code  Gb  IIC.o [1]
IIC_start               0x00011751   0xba  Code  Gb  IIC.o [1]
IIC_stop                0x0001180b   0xe6  Code  Gb  IIC.o [1]
IMU_IIC_Init            0x000116fb   0x56  Code  Gb  IIC.o [1]
InitQueue               0x00011395   0x24  Code  Gb  ADC.o [1]
Inner_Flash             0x000109bb   0xb8  Code  Gb  menu.o [1]
IsEmpty                 0x000113d9    0xe  Code  Gb  ADC.o [1]
IsFull                  0x000113b9   0x20  Code  Gb  ADC.o [1]
KEY_PTxn                0x1fff0468    0x8  Data  Gb  VCAN_key.o [1]
Key_Handler             0x00014231    0xc  Code  Gb  key.o [1]
Key_Init                0x0001411b   0x54  Code  Gb  key.o [1]
Key_Read                0x000141e3   0x34  Code  Gb  key.o [1]
Key_Write               0x0001416f   0x28  Code  Gb  key.o [1]
LED_PTxn                0x1fff0470    0x4  Data  Gb  VCAN_LED.o [1]
LM_AD                   0x1fff05f4    0x2  Data  Gb  ADC.o [1]
LS_AD                   0x1fff05f0    0x2  Data  Gb  ADC.o [1]
L_AD                    0x1fff05ec    0x2  Data  Gb  ADC.o [1]
MS_AD                   0x1fff05fa    0x2  Data  Gb  ADC.o [1]
M_AD                    0x1fff05f8    0x2  Data  Gb  ADC.o [1]
Menu_Back               0x000105b9   0x3e  Code  Lc  menu.o [1]
Menu_Down               0x000105f7   0x48  Code  Lc  menu.o [1]
Menu_Forward            0x00010509   0xb0  Code  Lc  menu.o [1]
Menu_Init               0x00010819   0x18  Code  Gb  menu.o [1]
Menu_Up                 0x0001063f   0x42  Code  Lc  menu.o [1]
Motor                   0x1fff0580   0x2c  Data  Gb  Motor_ctrl.o [1]
Motor_Init              0x00014255   0x40  Code  Gb  Motor_ctrl.o [1]
Motor_Run               0x00014295   0x92  Code  Gb  Motor_ctrl.o [1]
NVIC_DisableIRQ         0x00010431   0x18  Code  Lc  menu.o [1]
NVIC_EnableIRQ          0x00014105   0x16  Code  Lc  key.o [1]
NVIC_EnableIRQ          0x00013ee5   0x16  Code  Lc  main.o [1]
NVIC_EnableIRQ          0x00010419   0x18  Code  Lc  menu.o [1]
NVIC_SetPriority        0x00013efb   0x26  Code  Lc  main.o [1]
NVIC_SetPriorityGrouping
                        0x00013ec9   0x1c  Code  Lc  main.o [1]
Normal_Run              0x00013d2f  0x134  Code  Gb  Server_ctrl.o [1]
OLED_CLS                0x000110cf   0x3a  Code  Gb  OLED.o [1]
OLED_Fill               0x00011091   0x3e  Code  Gb  OLED.o [1]
OLED_IIC_Init           0x00010fdd   0x2c  Code  Gb  OLED.o [1]
OLED_Init               0x00011109   0xba  Code  Gb  OLED.o [1]
OLED_P6x8Str            0x000111c3   0x7c  Code  Gb  OLED.o [1]
OLED_Set_Pos            0x00011061   0x30  Code  Gb  OLED.o [1]
OLED_Show_Length        0x00011249   0x3e  Code  Gb  OLED.o [1]
OLED_WrCmd              0x00011035   0x2c  Code  Gb  OLED.o [1]
OLED_WrDat              0x00011009   0x2c  Code  Gb  OLED.o [1]
PID_Init                0x00013bcd   0x2c  Code  Gb  Server_ctrl.o [1]
PIT0_IRQHandler         0x0001400d   0x5a  Code  Gb  main.o [1]
PIT1_IRQHandler         0x00014069   0x36  Code  Gb  main.o [1]
PORTD_IRQHandler        0x000140a1   0x28  Code  Gb  main.o [1]
PORTE_IRQHandler        0x00014219   0x18  Code  Gb  key.o [1]
PORTX                   0x1fff0440   0x14  Data  Gb  MK66_port.o [1]
Parameter_Manage        0x00010a7d  0x142  Code  Gb  menu.o [1]
QueueLength             0x00011457   0x14  Code  Gb  ADC.o [1]
RM_AD                   0x1fff05f6    0x2  Data  Gb  ADC.o [1]
RS_AD                   0x1fff05f2    0x2  Data  Gb  ADC.o [1]
R_AD                    0x1fff05ee    0x2  Data  Gb  ADC.o [1]
Read_ADC                0x000115d5   0xa2  Code  Gb  ADC.o [1]
Region$$Table$$Base     0x00014bfc          --   Gb  - Linker created -
Region$$Table$$Limit    0x00014c0c          --   Gb  - Linker created -
Reset_Handler           0x00010411         Code  Gb  startup_MK66FX18.o [1]
Run_status              0x1fff0606    0x1  Data  Gb  Server_ctrl.o [1]
Server                  0x1fff05ac   0x2c  Data  Gb  Server_ctrl.o [1]
Server_Init             0x00013bf9   0x1e  Code  Gb  Server_ctrl.o [1]
Server_PID_Ctrl         0x00013c79   0x5a  Code  Gb  Server_ctrl.o [1]
Server_Run              0x00013c19   0x5e  Code  Gb  Server_ctrl.o [1]
Set_Parameter           0x00010867  0x154  Code  Gb  menu.o [1]
Set_Parameter::count    0x1fff0605    0x1  Data  Lc  menu.o [1]
Set_Pid                 0x00010e01   0xb6  Code  Gb  menu.o [1]
Show_AD                 0x00010bbf  0x152  Code  Gb  menu.o [1]
Show_Distance           0x00010eb7   0x28  Code  Gb  menu.o [1]
Show_Menu               0x000106c7   0xa0  Code  Lc  menu.o [1]
Show_Pid                0x00010d11   0xf0  Code  Gb  menu.o [1]
Speed_PID_Ctrl          0x0001435b   0x72  Code  Gb  Motor_ctrl.o [1]
StopFlag                0x1fff0601    0x1  Data  Gb  main.o [1]
StopFlag1               0x1fff0602    0x1  Data  Gb  main.o [1]
System_Init             0x00013f21   0xd2  Code  Gb  main.o [1]
TimeCount1              0x1fff0603    0x1  Data  Gb  main.o [1]
TimeCount2              0x1fff0604    0x1  Data  Gb  main.o [1]
UARTN                   0x1fff0454   0x14  Data  Gb  MK66_uart.o [1]
UP_Value                0x1fff0554   0x20  Data  Gb  main.o [1]
Value                   0x1fff04f4   0x60  Data  Gb  ADC.o [1]
_LocaleC_isalpha        0x0001365b    0xc  Code  Gb  xlocale_c.o [3]
_LocaleC_islower        0x00013655    0x4  Code  Gb  xlocale_c.o [3]
_LocaleC_isspace        0x00013671   0x14  Code  Gb  xlocale_c.o [3]
_LocaleC_isupper        0x00013659    0x2  Code  Gb  xlocale_c.o [3]
_Locale_lconv           0x1fff0474   0x38  Data  Lc  xlocale_c.o [3]
__BOOT_STACK_ADDRESS {Abs}
                        0x2002fff8         Data  Gb  command line/config [2]
__VECTOR_RAM {Abs}      0x1fff0000         Data  Gb  command line/config [2]
__VECTOR_TABLE {Abs}    0x00010000         Data  Gb  command line/config [2]
__aeabi_d2f             0x000112e1         Code  Gb  DblToFlt.o [4]
__aeabi_dadd            0x00012f99         Code  Gb  DblAdd.o [4]
__aeabi_ddiv            0x00012a45         Code  Gb  DblDiv.o [4]
__aeabi_dmul            0x00012765         Code  Gb  DblMul.o [4]
__aeabi_f2d             0x00011289         Code  Gb  FltToDbl.o [4]
__aeabi_i2d             0x00012f75         Code  Gb  S32ToDbl.o [4]
__aeabi_memclr4         0x00010fd5         Code  Gb  ABImemclr4.o [5]
__cmain                 0x00014c0d         Code  Gb  cmain.o [5]
__code_start__ {Abs}    0x00010410         Data  Gb  command line/config [2]
__data_GetMemChunk      0x0001334d   0x2c  Code  Gb  xgetmemchunk.o [3]
__data_GetMemChunk::start
                        0x1fff05e8    0x4  Data  Lc  xgetmemchunk.o [3]
__exit                  0x000137c1         Code  Gb  XXexit.o [5]
__iar_Memchr            0x00013769         Code  Gb  memchr.o [5]
__iar_Memset4_word      0x000116bd         Code  Gb  ABImemset48.o [5]
__iar_Memset8_word      0x000116bd         Code  Gb  ABImemset48.o [5]
__iar_Sto64             0x0001204d  0x19e  Code  Gb  strto64.o [4]
__iar_Stoflt            0x00012dad  0x1c8  Code  Gb  iar_Stoflt.o [3]
__iar_Stopfx            0x00012c8b  0x122  Code  Gb  iar_Stopfx.o [3]
__iar_Stoxflt           0x00013111  0x208  Code  Gb  iar_Stoxflt.o [3]
__iar_Stoxflt::digits   0x0001331c   0x18  Data  Lc  iar_Stoxflt.o [3]
__iar_Stoxflt::vals     0x00013334   0x18  Data  Lc  iar_Stoxflt.o [3]
__iar_dadd              0x00013695         Code  Gb  DblSub.o [4]
__iar_data_init3        0x00014b8d   0x28  Code  Gb  data_init.o [5]
__iar_dsub              0x00012fa9         Code  Gb  DblAdd.o [4]
__iar_dsubStart         0x00012fbb         Code  Gb  DblAdd.o [4]
__iar_frexp             0x00012701         Code  Gb  frexp.o [4]
__iar_frexpl            0x00012701         Code  Gb  frexp.o [4]
__iar_globLocale        0x1fff04ac   0x48  Data  Lc  xlocale_c.o [3]
__iar_global_Locale     0x00013685    0x4  Code  Gb  xlocale_c.o [3]
__iar_init_vfp          0x00014bd9         Code  Gb  fpinit_M.o [4]
__iar_ldexp64           0x00012909         Code  Gb  ldexp.o [4]
__iar_program_start     0x00014dc1         Code  Gb  cstartup_M.o [5]
__iar_scalbln64         0x00012909         Code  Gb  ldexp.o [4]
__iar_scalbn64          0x00012909         Code  Gb  ldexp.o [4]
__iar_softfp___iar_frexp64
                        0x000126f5         Code  Gb  frexp.o [4]
__iar_softfp_frexp      0x000126f5         Code  Gb  frexp.o [4]
__iar_softfp_frexpl     0x000126f5         Code  Gb  frexp.o [4]
__iar_systems$$module {Abs}
                        0x00000001         Data  Gb  command line/config [2]
__iar_vfp_atof          0x000112d7    0x8  Code  Gb  math_wrappers64.o [4]
__iar_zero_init3        0x00014b4d   0x40  Code  Gb  zero_init3.o [5]
__low_level_init        0x00014c27    0x4  Code  Gb  low_level_init.o [3]
__no_free_malloc        0x00012281   0x40  Code  Gb  no_free_heap0.o [3]
__vector_table          0x00010000  0x410  Data  Gb  vectors.o [1]
_call_main              0x00014c19         Code  Gb  cmain.o [5]
_exit                   0x00013379         Code  Gb  cexit.o [5]
_main                   0x00014c23         Code  Gb  cmain.o [5]
adc_init                0x000122c9  0x1f4  Code  Gb  MK66_adc.o [1]
adc_once                0x000124bd   0x4e  Code  Gb  MK66_adc.o [1]
adc_start               0x0001250b   0x46  Code  Lc  MK66_adc.o [1]
assert_failed           0x00012663   0x2c  Code  Gb  MK66_conf.o [1]
atof                    0x00012231    0x8  Code  Gb  strto64.o [4]
beep_on                 0x1fff0600    0x1  Data  Gb  Beep.o [1]
bus_clk_khz             0x1fff05e0    0x4  Data  Gb  system_MK66FX18.o [1]
common_startup          0x000147c9   0x8a  Code  Gb  system_MK66FX18.o [1]
core_clk_khz            0x1fff05d8    0x4  Data  Gb  system_MK66FX18.o [1]
core_clk_mhz            0x1fff05dc    0x4  Data  Gb  system_MK66FX18.o [1]
ddiv                    0x00011dc5   0xd0  Code  Lc  strto64.o [4]
default_isr             0x000126a5   0x3e  Code  Gb  MK66_conf.o [1]
distance                0x1fff05fe    0x2  Data  Gb  Superware.o [1]
dmul                    0x00011cf1   0xd2  Code  Lc  strto64.o [4]
enter_fputc             0x00012691   0x14  Code  Gb  MK66_conf.o [1]
exit                    0x000122c5    0x4  Code  Gb  exit.o [3]
gpio_get                0x00011c63   0x3e  Code  Gb  MK66_gpio.o [1]
gpio_init               0x00011aed   0xbe  Code  Gb  MK66_gpio.o [1]
gpio_set                0x00011bab   0x7c  Code  Gb  MK66_gpio.o [1]
gpio_turn               0x00011c27   0x3c  Code  Gb  MK66_gpio.o [1]
house                   0x000137cc  0x400  Data  Gb  OLED.o [1]
isalpha                 0x00013641   0x14  Code  Gb  isalpha.o [3]
isspace                 0x0001362d   0x14  Code  Gb  isspace.o [3]
key                     0x1fff05fc    0x2  Data  Gb  key.o [1]
key_init                0x000144e5   0x52  Code  Gb  VCAN_key.o [1]
ldexp                   0x00012909         Code  Gb  ldexp.o [4]
ldexpl                  0x00012909         Code  Gb  ldexp.o [4]
led_init                0x00013385   0x3a  Code  Gb  VCAN_LED.o [1]
led_turn                0x000133bf   0x32  Code  Gb  VCAN_LED.o [1]
localeconv              0x00013689    0x4  Code  Gb  xlocale_c.o [3]
main                    0x00013ff3   0x1a  Code  Gb  main.o [1]
memchr                  0x00013769         Code  Gb  memchr.o [5]
menu_op                 0x1fff0574    0xc  Data  Gb  menu.o [1]
menus                   0x000149b4   0xc0  Data  Gb  menu.o [1]
nops                    0x000116f1    0xa  Code  Lc  IIC.o [1]
port_init               0x00012565   0x4a  Code  Gb  MK66_port.o [1]
port_init_NoALT         0x000125af   0x6a  Code  Gb  MK66_port.o [1]
pows                    0x00012238   0x48  Data  Lc  strto64.o [4]
qs                      0x1fff05e4    0x4  Data  Lc  no_free_heap0.o [3]
scalbln                 0x00012909         Code  Gb  ldexp.o [4]
scalblnl                0x00012909         Code  Gb  ldexp.o [4]
scalbn                  0x00012909         Code  Gb  ldexp.o [4]
scalbnl                 0x00012909         Code  Gb  ldexp.o [4]
set_vector_handler      0x00014477   0x22  Code  Gb  misc.o [1]
soft_delay_ms           0x00012645   0x1e  Code  Gb  MK66_conf.o [1]
soft_delay_us           0x00012621   0x24  Code  Gb  MK66_conf.o [1]
start                   0x00014765   0x20  Code  Gb  system_MK66FX18.o [1]
strcmp                  0x00011349         Code  Gb  strcmp.o [5]
sysinit                 0x00014785   0x44  Code  Gb  system_MK66FX18.o [1]
uart_init               0x000133f5  0x1de  Code  Gb  MK66_uart.o [1]
uart_putbuff            0x000135ed   0x26  Code  Gb  MK66_uart.o [1]
uart_putchar            0x000135d3   0x1a  Code  Gb  MK66_uart.o [1]
vcan_sendware           0x000144a5   0x38  Code  Gb  VCAN_computer.o [1]
wdog_disable            0x00014891   0x16  Code  Gb  MK66_wdog.o [1]
wdog_unlock             0x000148a7   0x20  Code  Lc  MK66_wdog.o [1]
weight                  0x1fff0410   0x14  Data  Gb  ADC.o [1]
write_vtor              0x00014455   0x22  Code  Gb  misc.o [1]


[1] = D:\Smart Car Program\Software\EDD smart car\V1.1\Prj\IAR\MK66FX18_Debug\Obj
[2] = command line
[3] = dl7M_tlf.a
[4] = m7M_tls.a
[5] = rt7M_tl.a

  16 132 bytes of readonly  code memory
   3 956 bytes of readonly  data memory
   1 016 bytes of readwrite data memory

Errors: none
Warnings: none
