###############################################################################
#
# IAR ELF Linker V8.11.3.13950/W32 for ARM                10/Jun/2019  21:24:08
# Copyright 2007-2017 IAR Systems AB.
#
#    Output file  =  
#        D:\Smart Car Program\Software\EDD smart
#        car\V1.1\Prj\IAR\MK66FX18_Debug\Exe\vcan_Kinetis.out
#    Map file     =  
#        D:\Smart Car Program\Software\EDD smart
#        car\V1.1\Prj\IAR\MK66FX18_Debug\List\vcan_Kinetis.map
#    Command line =  
#        -f C:\Users\11192\AppData\Local\Temp\EW3D83.tmp ("D:\Smart Car
#        Program\Software\EDD smart car\V1.1\Prj\IAR\MK66FX18_Debug\Obj\ADC.o"
#        "D:\Smart Car Program\Software\EDD smart
#        car\V1.1\Prj\IAR\MK66FX18_Debug\Obj\Beep.o" "D:\Smart Car
#        Program\Software\EDD smart
#        car\V1.1\Prj\IAR\MK66FX18_Debug\Obj\diskio.o" "D:\Smart Car
#        Program\Software\EDD smart car\V1.1\Prj\IAR\MK66FX18_Debug\Obj\ff.o"
#        "D:\Smart Car Program\Software\EDD smart
#        car\V1.1\Prj\IAR\MK66FX18_Debug\Obj\IIC.o" "D:\Smart Car
#        Program\Software\EDD smart car\V1.1\Prj\IAR\MK66FX18_Debug\Obj\key.o"
#        "D:\Smart Car Program\Software\EDD smart
#        car\V1.1\Prj\IAR\MK66FX18_Debug\Obj\main.o" "D:\Smart Car
#        Program\Software\EDD smart car\V1.1\Prj\IAR\MK66FX18_Debug\Obj\menu.o"
#        "D:\Smart Car Program\Software\EDD smart
#        car\V1.1\Prj\IAR\MK66FX18_Debug\Obj\misc.o" "D:\Smart Car
#        Program\Software\EDD smart
#        car\V1.1\Prj\IAR\MK66FX18_Debug\Obj\MK66_adc.o" "D:\Smart Car
#        Program\Software\EDD smart
#        car\V1.1\Prj\IAR\MK66FX18_Debug\Obj\MK66_conf.o" "D:\Smart Car
#        Program\Software\EDD smart
#        car\V1.1\Prj\IAR\MK66FX18_Debug\Obj\MK66_dma.o" "D:\Smart Car
#        Program\Software\EDD smart
#        car\V1.1\Prj\IAR\MK66FX18_Debug\Obj\MK66_flexbus.o" "D:\Smart Car
#        Program\Software\EDD smart
#        car\V1.1\Prj\IAR\MK66FX18_Debug\Obj\MK66_gpio.o" "D:\Smart Car
#        Program\Software\EDD smart
#        car\V1.1\Prj\IAR\MK66FX18_Debug\Obj\MK66_i2c.o" "D:\Smart Car
#        Program\Software\EDD smart
#        car\V1.1\Prj\IAR\MK66FX18_Debug\Obj\MK66_it.o" "D:\Smart Car
#        Program\Software\EDD smart
#        car\V1.1\Prj\IAR\MK66FX18_Debug\Obj\MK66_port.o" "D:\Smart Car
#        Program\Software\EDD smart
#        car\V1.1\Prj\IAR\MK66FX18_Debug\Obj\MK66_rtc.o" "D:\Smart Car
#        Program\Software\EDD smart
#        car\V1.1\Prj\IAR\MK66FX18_Debug\Obj\MK66_sdhc.o" "D:\Smart Car
#        Program\Software\EDD smart
#        car\V1.1\Prj\IAR\MK66FX18_Debug\Obj\MK66_spi.o" "D:\Smart Car
#        Program\Software\EDD smart
#        car\V1.1\Prj\IAR\MK66FX18_Debug\Obj\MK66_uart.o" "D:\Smart Car
#        Program\Software\EDD smart
#        car\V1.1\Prj\IAR\MK66FX18_Debug\Obj\MK66_wdog.o" "D:\Smart Car
#        Program\Software\EDD smart
#        car\V1.1\Prj\IAR\MK66FX18_Debug\Obj\Motor_ctrl.o" "D:\Smart Car
#        Program\Software\EDD smart car\V1.1\Prj\IAR\MK66FX18_Debug\Obj\OLED.o"
#        "D:\Smart Car Program\Software\EDD smart
#        car\V1.1\Prj\IAR\MK66FX18_Debug\Obj\Server_ctrl.o" "D:\Smart Car
#        Program\Software\EDD smart
#        car\V1.1\Prj\IAR\MK66FX18_Debug\Obj\startup_MK66FX18.o" "D:\Smart Car
#        Program\Software\EDD smart
#        car\V1.1\Prj\IAR\MK66FX18_Debug\Obj\Superware.o" "D:\Smart Car
#        Program\Software\EDD smart
#        car\V1.1\Prj\IAR\MK66FX18_Debug\Obj\system_MK66FX18.o" "D:\Smart Car
#        Program\Software\EDD smart
#        car\V1.1\Prj\IAR\MK66FX18_Debug\Obj\VCAN_BMP.o" "D:\Smart Car
#        Program\Software\EDD smart
#        car\V1.1\Prj\IAR\MK66FX18_Debug\Obj\VCAN_computer.o" "D:\Smart Car
#        Program\Software\EDD smart
#        car\V1.1\Prj\IAR\MK66FX18_Debug\Obj\vcan_img2sd.o" "D:\Smart Car
#        Program\Software\EDD smart
#        car\V1.1\Prj\IAR\MK66FX18_Debug\Obj\VCAN_key.o" "D:\Smart Car
#        Program\Software\EDD smart
#        car\V1.1\Prj\IAR\MK66FX18_Debug\Obj\VCAN_key_event.o" "D:\Smart Car
#        Program\Software\EDD smart
#        car\V1.1\Prj\IAR\MK66FX18_Debug\Obj\VCAN_LCD_ILI9325.o" "D:\Smart Car
#        Program\Software\EDD smart
#        car\V1.1\Prj\IAR\MK66FX18_Debug\Obj\VCAN_LCD_ILI9341.o" "D:\Smart Car
#        Program\Software\EDD smart
#        car\V1.1\Prj\IAR\MK66FX18_Debug\Obj\VCAN_LCD_ST7735R.o" "D:\Smart Car
#        Program\Software\EDD smart
#        car\V1.1\Prj\IAR\MK66FX18_Debug\Obj\VCAN_LCD_ST7735S.o" "D:\Smart Car
#        Program\Software\EDD smart
#        car\V1.1\Prj\IAR\MK66FX18_Debug\Obj\VCAN_LED.o" "D:\Smart Car
#        Program\Software\EDD smart
#        car\V1.1\Prj\IAR\MK66FX18_Debug\Obj\VCAN_MMA7455.o" "D:\Smart Car
#        Program\Software\EDD smart
#        car\V1.1\Prj\IAR\MK66FX18_Debug\Obj\VCAN_NRF24L0.o" "D:\Smart Car
#        Program\Software\EDD smart
#        car\V1.1\Prj\IAR\MK66FX18_Debug\Obj\VCAN_NRF24L0_MSG.o" "D:\Smart Car
#        Program\Software\EDD smart
#        car\V1.1\Prj\IAR\MK66FX18_Debug\Obj\VCAN_OV7725_Eagle.o" "D:\Smart Car
#        Program\Software\EDD smart
#        car\V1.1\Prj\IAR\MK66FX18_Debug\Obj\VCAN_RTC_count.o" "D:\Smart Car
#        Program\Software\EDD smart
#        car\V1.1\Prj\IAR\MK66FX18_Debug\Obj\VCAN_SCCB.o" "D:\Smart Car
#        Program\Software\EDD smart
#        car\V1.1\Prj\IAR\MK66FX18_Debug\Obj\vcan_sd_app.o" "D:\Smart Car
#        Program\Software\EDD smart
#        car\V1.1\Prj\IAR\MK66FX18_Debug\Obj\Vcan_touch.o" "D:\Smart Car
#        Program\Software\EDD smart
#        car\V1.1\Prj\IAR\MK66FX18_Debug\Obj\VCAN_TSL1401.o" "D:\Smart Car
#        Program\Software\EDD smart
#        car\V1.1\Prj\IAR\MK66FX18_Debug\Obj\VCAN_UI_VAR.o" "D:\Smart Car
#        Program\Software\EDD smart
#        car\V1.1\Prj\IAR\MK66FX18_Debug\Obj\vectors.o" --redirect
#        _Printf=_PrintfLargeNoMb --redirect _Scanf=_ScanfLargeNoMb -o
#        "D:\Smart Car Program\Software\EDD smart
#        car\V1.1\Prj\IAR\MK66FX18_Debug\Exe\vcan_Kinetis.out" --map "D:\Smart
#        Car Program\Software\EDD smart
#        car\V1.1\Prj\IAR\MK66FX18_Debug\List\vcan_Kinetis.map" --config
#        "D:\Smart Car Program\Software\EDD smart car\V1.1\Prj\IAR\config
#        files\vcan_ROM_K66X1M.icf" "D:\Smart Car Program\Software\EDD smart
#        car\V1.1\Prj\IAR\..\..\Lib\CMSIS\iar_cortexM4l_math.a" --entry
#        __iar_program_start --redirect __write=__write_buffered --vfe
#        --text_out locale)
#
###############################################################################

*******************************************************************************
*** RUNTIME MODEL ATTRIBUTES
***

CppFlavor       = *
__Heap_Handler  = NoFree
__SystemLibrary = DLib
__dlib_version  = 6


*******************************************************************************
*** HEAP SELECTION
***

The no free heap was selected because no calls to memory
deallocation functions were found in the application.


*******************************************************************************
*** PLACEMENT SUMMARY
***

"A0":  place at 0x00010000 { ro section .intvec };
"A1":  place at 0x00010410 { ro section .noinit };
define block CodeRelocate { section .textrw_init };
"P1":  place in [from 0x00010000 to 0x00100000] { ro, block CodeRelocate };
define block CodeRelocateRam { section .textrw };
define block CSTACK with size = 4K, alignment = 8 { };
define block HEAP with size = 512, alignment = 8 { };
"P2":  place in [from 0x1fff0410 to 0x20030000] {
          rw, block CodeRelocateRam, block CSTACK, block HEAP };
initialize manually with packing = copy, complex ranges { section .data };

  Section              Kind        Address    Size  Object
  -------              ----        -------    ----  ------
"A0":                                        0x410
  .intvec              const    0x00010000   0x410  vectors.o [1]
                              - 0x00010410   0x410

"A1":                                          0x8
  .noinit              ro code  0x00010410     0x8  startup_MK66FX18.o [1]
                              - 0x00010418     0x8

"P1", part 1 of 2:                          0x4a14
  .text                ro code  0x00010418   0xbbc  menu.o [1]
  .text                ro code  0x00010fd4     0x6  ABImemclr4.o [5]
  .rodata              const    0x00010fda     0x2  VCAN_computer.o [1]
  .text                ro code  0x00010fdc   0x2aa  OLED.o [1]
  .rodata              const    0x00011286     0x2  VCAN_computer.o [1]
  .text                ro code  0x00011288    0x48  FltToDbl.o [4]
  .text                ro code  0x000112d0     0xe  math_wrappers64.o [4]
  .text                ro code  0x000112e0    0x68  DblToFlt.o [4]
  .text                ro code  0x00011348    0x4a  strcmp.o [5]
  .text                ro code  0x00011394   0x2dc  ADC.o [1]
  .text                ro code  0x00011670    0x32  ABImemset48.o [5]
  .text                ro code  0x000116a4   0x3fc  IIC.o [1]
  .text                ro code  0x00011aa0   0x1c0  MK66_gpio.o [1]
  .text                ro code  0x00011c60   0x590  strto64.o [4]
  .text                ro code  0x000121f0    0x44  no_free_heap0.o [3]
  .text                ro code  0x00012234     0x4  exit.o [3]
  .text                ro code  0x00012238   0x29c  MK66_adc.o [1]
  .text                ro code  0x000124d4    0xbc  MK66_port.o [1]
  .text                ro code  0x00012590    0xd4  MK66_conf.o [1]
  .text                ro code  0x00012664    0x70  frexp.o [4]
  .text                ro code  0x000126d4   0x1a2  DblMul.o [4]
  .text                ro code  0x00012878   0x13a  ldexp.o [4]
  .text                ro code  0x000129b4   0x246  DblDiv.o [4]
  .text                ro code  0x00012bfa   0x122  iar_Stopfx.o [3]
  .text                ro code  0x00012d1c   0x1c8  iar_Stoflt.o [3]
  .text                ro code  0x00012ee4    0x22  S32ToDbl.o [4]
  .text                ro code  0x00012f08   0x178  DblAdd.o [4]
  .text                ro code  0x00013080   0x23c  iar_Stoxflt.o [3]
  .text                ro code  0x000132bc    0x2c  xgetmemchunk.o [3]
  .text                ro code  0x000132e8     0xa  cexit.o [5]
  .text                ro code  0x000132f4    0x70  VCAN_LED.o [1]
  .text                ro code  0x00013364   0x238  MK66_uart.o [1]
  .text                ro code  0x0001359c    0x14  isspace.o [3]
  .text                ro code  0x000135b0    0x14  isalpha.o [3]
  .text                ro code  0x000135c4    0x40  xlocale_c.o [3]
  .text                ro code  0x00013604    0xd2  DblSub.o [4]
  .text                ro code  0x000136d8    0x58  memchr.o [5]
  .text                ro code  0x00013730     0xc  XXexit.o [5]
  .rodata              const    0x0001373c   0x400  OLED.o [1]
  .text                ro code  0x00013b3c   0x2fc  Server_ctrl.o [1]
  .text                ro code  0x00013e38   0x23c  main.o [1]
  .text                ro code  0x00014074   0x150  key.o [1]
  .text                ro code  0x000141c4   0x1a4  Motor_ctrl.o [1]
  .text                ro code  0x00014368    0x5c  Beep.o [1]
  .text                ro code  0x000143c4    0x50  misc.o [1]
  .text                ro code  0x00014414    0x40  VCAN_computer.o [1]
  .text                ro code  0x00014454    0x58  VCAN_key.o [1]
  .rodata              const    0x000144ac   0x228  OLED.o [1]
  .text                ro code  0x000146d4   0x12c  system_MK66FX18.o [1]
  .text                ro code  0x00014800    0x40  MK66_wdog.o [1]
  .data_init                    0x00014840    0xe4  <Block>
    Initializer bytes  const    0x00014840    0xe4  <for .data-1>
  .rodata              const    0x00014924    0xc0  menu.o [1]
  .rodata              const    0x000149e4    0x48  MK66_adc.o [1]
  .rodata              const    0x00014a2c    0x48  MK66_gpio.o [1]
  .rodata              const    0x00014a74    0x48  MK66_uart.o [1]
  .rodata              const    0x00014abc    0x44  misc.o [1]
  .text                ro code  0x00014b00    0x40  zero_init3.o [5]
  .text                ro code  0x00014b40    0x28  data_init.o [5]
  .rodata              const    0x00014b68    0x24  MK66_conf.o [1]
  .text                ro code  0x00014b8c    0x22  fpinit_M.o [4]
  .iar.init_table      const    0x00014bb0    0x10  - Linker created -
  .text                ro code  0x00014bc0    0x1a  cmain.o [5]
  .text                ro code  0x00014bda     0x4  low_level_init.o [3]
  .rodata              const    0x00014be0    0x14  menu.o [1]
  .rodata              const    0x00014bf4    0x10  menu.o [1]
  .rodata              const    0x00014c04    0x10  menu.o [1]
  .rodata              const    0x00014c14    0x10  menu.o [1]
  .rodata              const    0x00014c24     0xc  key.o [1]
  .rodata              const    0x00014c30     0xc  menu.o [1]
  .rodata              const    0x00014c3c     0xc  menu.o [1]
  .rodata              const    0x00014c48     0xc  menu.o [1]
  .rodata              const    0x00014c54     0xc  menu.o [1]
  .rodata              const    0x00014c60     0xc  menu.o [1]
  .rodata              const    0x00014c6c     0xc  menu.o [1]
  .rodata              const    0x00014c78     0xc  menu.o [1]
  .rodata              const    0x00014c84     0xc  menu.o [1]
  .rodata              const    0x00014c90     0xc  menu.o [1]
  .rodata              const    0x00014c9c     0xc  menu.o [1]
  .rodata              const    0x00014ca8     0xc  menu.o [1]
  .rodata              const    0x00014cb4     0xc  menu.o [1]
  .rodata              const    0x00014cc0     0xc  menu.o [1]
  .rodata              const    0x00014ccc     0xc  menu.o [1]
  .rodata              const    0x00014cd8     0xc  menu.o [1]
  .rodata              const    0x00014ce4     0xc  menu.o [1]
  .rodata              const    0x00014cf0     0xc  menu.o [1]
  .rodata              const    0x00014cfc     0xc  menu.o [1]
  .rodata              const    0x00014d08     0xc  menu.o [1]
  .rodata              const    0x00014d14     0xc  menu.o [1]
  .rodata              const    0x00014d20     0xc  menu.o [1]
  .rodata              const    0x00014d2c     0xc  menu.o [1]
  .rodata              const    0x00014d38     0xc  menu.o [1]
  .rodata              const    0x00014d44     0xc  menu.o [1]
  .rodata              const    0x00014d50     0xc  menu.o [1]
  .rodata              const    0x00014d5c     0xc  menu.o [1]
  .rodata              const    0x00014d68     0xc  MK66_conf.o [1]
  .text                ro code  0x00014d74     0xc  cstartup_M.o [5]
  .rodata              const    0x00014d80     0x8  menu.o [1]
  .rodata              const    0x00014d88     0x8  menu.o [1]
  .rodata              const    0x00014d90     0x8  menu.o [1]
  .rodata              const    0x00014d98     0x8  menu.o [1]
  .rodata              const    0x00014da0     0x8  menu.o [1]
  .rodata              const    0x00014da8     0x8  menu.o [1]
  .rodata              const    0x00014db0     0x8  menu.o [1]
  .rodata              const    0x00014db8     0x8  menu.o [1]
  .rodata              const    0x00014dc0     0x8  menu.o [1]
  .rodata              const    0x00014dc8     0x8  menu.o [1]
  .rodata              const    0x00014dd0     0x8  menu.o [1]
  .rodata              const    0x00014dd8     0x8  menu.o [1]
  .rodata              const    0x00014de0     0x8  menu.o [1]
  .rodata              const    0x00014de8     0x8  menu.o [1]
  .rodata              const    0x00014df0     0x8  menu.o [1]
  .rodata              const    0x00014df8     0x8  menu.o [1]
  .rodata              const    0x00014e00     0x8  menu.o [1]
  .rodata              const    0x00014e08     0x8  menu.o [1]
  .rodata              const    0x00014e10     0x8  menu.o [1]
  .rodata              const    0x00014e18     0x8  menu.o [1]
  .rodata              const    0x00014e20     0x6  xlocale_c.o [3]
  .rodata              const    0x00014e28     0x4  menu.o [1]
  .rodata              const    0x00014e2c     0x0  zero_init3.o [5]
                              - 0x00014e2c  0x4a14

"P1", part 2 of 2:                             0x0
  CodeRelocate                  0x00014e2c     0x0  <Block>

"P2", part 1 of 3:                            0xe4
  .data                         0x1fff0410    0xe4  <Block>
    .data-1                     0x1fff0410    0xe4  <Init block>
      .data            inited   0x1fff0410    0x14  ADC.o [1]
      .data            inited   0x1fff0424     0x8  MK66_adc.o [1]
      .data            inited   0x1fff042c    0x14  MK66_gpio.o [1]
      .data            inited   0x1fff0440    0x14  MK66_port.o [1]
      .data            inited   0x1fff0454    0x14  MK66_uart.o [1]
      .data            inited   0x1fff0468     0x8  VCAN_key.o [1]
      .data            inited   0x1fff0470     0x4  VCAN_LED.o [1]
      .data            inited   0x1fff0474    0x38  xlocale_c.o [3]
      .data            inited   0x1fff04ac    0x48  xlocale_c.o [3]
                              - 0x1fff04f4    0xe4

"P2", part 2 of 3:                           0x114
  .bss                          0x1fff04f4   0x114  <Block>
    .bss               zero     0x1fff04f4    0x60  ADC.o [1]
    .bss               zero     0x1fff0554    0x20  main.o [1]
    .bss               zero     0x1fff0574     0xc  menu.o [1]
    .bss               zero     0x1fff0580    0x2c  Motor_ctrl.o [1]
    .bss               zero     0x1fff05ac    0x2c  Server_ctrl.o [1]
    .bss               zero     0x1fff05d8     0x4  system_MK66FX18.o [1]
    .bss               zero     0x1fff05dc     0x4  system_MK66FX18.o [1]
    .bss               zero     0x1fff05e0     0x4  system_MK66FX18.o [1]
    .bss               zero     0x1fff05e4     0x4  no_free_heap0.o [3]
    .bss               zero     0x1fff05e8     0x4  xgetmemchunk.o [3]
    .bss               zero     0x1fff05ec     0x2  ADC.o [1]
    .bss               zero     0x1fff05ee     0x2  ADC.o [1]
    .bss               zero     0x1fff05f0     0x2  ADC.o [1]
    .bss               zero     0x1fff05f2     0x2  ADC.o [1]
    .bss               zero     0x1fff05f4     0x2  ADC.o [1]
    .bss               zero     0x1fff05f6     0x2  ADC.o [1]
    .bss               zero     0x1fff05f8     0x2  ADC.o [1]
    .bss               zero     0x1fff05fa     0x2  ADC.o [1]
    .bss               zero     0x1fff05fc     0x2  key.o [1]
    .bss               zero     0x1fff05fe     0x2  Superware.o [1]
    .bss               zero     0x1fff0600     0x1  Beep.o [1]
    .bss               zero     0x1fff0601     0x1  main.o [1]
    .bss               zero     0x1fff0602     0x1  main.o [1]
    .bss               zero     0x1fff0603     0x1  main.o [1]
    .bss               zero     0x1fff0604     0x1  main.o [1]
    .bss               zero     0x1fff0605     0x1  menu.o [1]
    .bss               zero     0x1fff0606     0x1  Server_ctrl.o [1]
    .bss               zero     0x1fff0607     0x1  Server_ctrl.o [1]
                              - 0x1fff0608   0x114

"P2", part 3 of 3:                           0x200
  CodeRelocateRam               0x1fff0608     0x0  <Block>
  HEAP                          0x1fff0608   0x200  <Block>
    HEAP               uninit   0x1fff0608   0x200  <Block tail>
                              - 0x1fff0808   0x200


*******************************************************************************
*** INIT TABLE
***

          Address     Size
          -------     ----
Zero (__iar_zero_init3)
    1 destination range, total size 0x114:
          0x1fff04f4  0x114



*******************************************************************************
*** MODULE SUMMARY
***

    Module              ro code  ro data  rw data
    ------              -------  -------  -------
D:\Smart Car Program\Software\EDD smart car\V1.1\Prj\IAR\MK66FX18_Debug\Obj: [1]
    ADC.o                   732       20      132
    Beep.o                   92                 1
    IIC.o                 1 020
    MK66_adc.o              668       80        8
    MK66_conf.o             212       48
    MK66_gpio.o             448       92       20
    MK66_port.o             188       20       20
    MK66_uart.o             568       92       20
    MK66_wdog.o              64
    Motor_ctrl.o            420                44
    OLED.o                  682    1 576
    Server_ctrl.o           764                46
    Superware.o                                 2
    VCAN_LED.o              112        4        4
    VCAN_computer.o          64        4
    VCAN_key.o               88        8        8
    key.o                   336       12        2
    main.o                  572                36
    menu.o                3 004      736       13
    misc.o                   80       68
    startup_MK66FX18.o        8
    system_MK66FX18.o       300                12
    vectors.o                      1 040
    ---------------------------------------------
    Total:               10 422    3 800      368

command line: [2]
    ---------------------------------------------
    Total:

dl7M_tlf.a: [3]
    exit.o                    4
    iar_Stoflt.o            456
    iar_Stopfx.o            290
    iar_Stoxflt.o           572
    isalpha.o                20
    isspace.o                20
    low_level_init.o          4
    no_free_heap0.o          68                 4
    xgetmemchunk.o           44                 4
    xlocale_c.o              64      134      128
    ---------------------------------------------
    Total:                1 542      134      136

m7M_tls.a: [4]
    DblAdd.o                376
    DblDiv.o                582
    DblMul.o                418
    DblSub.o                210
    DblToFlt.o              104
    FltToDbl.o               72
    S32ToDbl.o               34
    fpinit_M.o               34
    frexp.o                 112
    ldexp.o                 314
    math_wrappers64.o        14
    strto64.o             1 424
    ---------------------------------------------
    Total:                3 694

rt7M_tl.a: [5]
    ABImemclr4.o              6
    ABImemset48.o            50
    XXexit.o                 12
    cexit.o                  10
    cmain.o                  26
    cstartup_M.o             12
    data_init.o              40
    memchr.o                 88
    strcmp.o                 74
    zero_init3.o             64
    ---------------------------------------------
    Total:                  382

    Gaps                     16        6
    Linker created                    16      512
-------------------------------------------------
    Grand Total:         16 056    3 956    1 016


*******************************************************************************
*** ENTRY LIST
***

Entry                      Address   Size  Type      Object
-----                      -------   ----  ----      ------
.bss$$Base              0x1fff04f4          --   Gb  - Linker created -
.bss$$Limit             0x1fff0608          --   Gb  - Linker created -
.data$$Base             0x1fff0410          --   Gb  - Linker created -
.data$$Limit            0x1fff04f4          --   Gb  - Linker created -
.data_init$$Base        0x00014840          --   Gb  - Linker created -
.data_init$$Limit       0x00014924          --   Gb  - Linker created -
.iar.init_table$$Base   0x00014bb0          --   Gb  - Linker created -
.iar.init_table$$Limit  0x00014bc0          --   Gb  - Linker created -
?main                   0x00014bc1         Code  Gb  cmain.o [5]
ADCN                    0x1fff0424    0x8  Data  Gb  MK66_adc.o [1]
ADC_Init                0x000114c5   0x50  Code  Gb  ADC.o [1]
ASSERT_FAILED_STR       0x00014b68   0x24  Data  Gb  MK66_conf.o [1]
Add_Value               0x00011441   0x16  Code  Gb  ADC.o [1]
Beep                    0x0001438f   0x2e  Code  Gb  Beep.o [1]
Beep_Init               0x00014369    0xe  Code  Gb  Beep.o [1]
Beep_Start              0x00014377    0xc  Code  Gb  Beep.o [1]
Beep_Stop               0x00014383    0xc  Code  Gb  Beep.o [1]
Change_Level            0x00010831   0x36  Code  Gb  menu.o [1]
Chose_Menu              0x00010681   0x46  Code  Lc  menu.o [1]
CodeRelocate$$Base      0x00014e2c          --   Gb  - Linker created -
CodeRelocate$$Limit     0x00014e2c          --   Gb  - Linker created -
CodeRelocateRam$$Base   0x1fff0608          --   Gb  - Linker created -
CodeRelocateRam$$Limit  0x1fff0608          --   Gb  - Linker created -
DeQueue                 0x00011419   0x28  Code  Gb  ADC.o [1]
Dtentox                 0x00011e15  0x196  Code  Lc  strto64.o [4]
Empty                   0x00010449    0x2  Code  Gb  menu.o [1]
EnQueue                 0x000113e7   0x32  Code  Gb  ADC.o [1]
Encoder_init            0x00014297   0x12  Code  Gb  Motor_ctrl.o [1]
Exe_Fuc                 0x00010767   0xb2  Code  Lc  menu.o [1]
F6x8                    0x000144ac  0x228  Data  Gb  OLED.o [1]
GPIOX                   0x1fff042c   0x14  Data  Gb  MK66_gpio.o [1]
Get_Deep                0x0001044b   0x64  Code  Lc  menu.o [1]
Get_Direction_Error     0x00013c71   0x2e  Code  Gb  Server_ctrl.o [1]
Get_Direction_Error::lock_status_flag
                        0x1fff0607    0x1  Data  Lc  Server_ctrl.o [1]
Get_Keynum              0x00014107   0x4c  Code  Gb  key.o [1]
Get_Level_Num           0x000104af   0x50  Code  Lc  menu.o [1]
Get_Menu_Num            0x000104ff    0xa  Code  Lc  menu.o [1]
Get_Ntimes_average      0x00011515   0x3c  Code  Gb  ADC.o [1]
Get_Smoothed_ADC        0x00011551   0x84  Code  Gb  ADC.o [1]
Get_Speed               0x000142a9   0x22  Code  Gb  Motor_ctrl.o [1]
Get_Status              0x00013c43   0x2e  Code  Gb  Server_ctrl.o [1]
Get_Value_Sum           0x0001146b   0x5a  Code  Gb  ADC.o [1]
HEAP$$Base              0x1fff0608          --   Gb  - Linker created -
HEAP$$Limit             0x1fff0808          --   Gb  - Linker created -
IIC_read_byte           0x000119a5   0xf6  Code  Gb  IIC.o [1]
IIC_send_byte           0x000118a5  0x100  Code  Gb  IIC.o [1]
IIC_start               0x00011705   0xba  Code  Gb  IIC.o [1]
IIC_stop                0x000117bf   0xe6  Code  Gb  IIC.o [1]
IMU_IIC_Init            0x000116af   0x56  Code  Gb  IIC.o [1]
InitQueue               0x00011395   0x24  Code  Gb  ADC.o [1]
Inner_Flash             0x000109bb   0xb8  Code  Gb  menu.o [1]
IsEmpty                 0x000113d9    0xe  Code  Gb  ADC.o [1]
IsFull                  0x000113b9   0x20  Code  Gb  ADC.o [1]
KEY_PTxn                0x1fff0468    0x8  Data  Gb  VCAN_key.o [1]
Key_Handler             0x000141a1    0xc  Code  Gb  key.o [1]
Key_Init                0x0001408b   0x54  Code  Gb  key.o [1]
Key_Read                0x00014153   0x34  Code  Gb  key.o [1]
Key_Write               0x000140df   0x28  Code  Gb  key.o [1]
LED_PTxn                0x1fff0470    0x4  Data  Gb  VCAN_LED.o [1]
LM_AD                   0x1fff05f4    0x2  Data  Gb  ADC.o [1]
LS_AD                   0x1fff05f0    0x2  Data  Gb  ADC.o [1]
L_AD                    0x1fff05ec    0x2  Data  Gb  ADC.o [1]
MS_AD                   0x1fff05fa    0x2  Data  Gb  ADC.o [1]
M_AD                    0x1fff05f8    0x2  Data  Gb  ADC.o [1]
Menu_Back               0x000105b9   0x3e  Code  Lc  menu.o [1]
Menu_Down               0x000105f7   0x48  Code  Lc  menu.o [1]
Menu_Forward            0x00010509   0xb0  Code  Lc  menu.o [1]
Menu_Init               0x00010819   0x18  Code  Gb  menu.o [1]
Menu_Up                 0x0001063f   0x42  Code  Lc  menu.o [1]
Motor                   0x1fff0580   0x2c  Data  Gb  Motor_ctrl.o [1]
Motor_Init              0x000141c5   0x40  Code  Gb  Motor_ctrl.o [1]
Motor_Run               0x00014205   0x92  Code  Gb  Motor_ctrl.o [1]
NVIC_DisableIRQ         0x00010431   0x18  Code  Lc  menu.o [1]
NVIC_EnableIRQ          0x00014075   0x16  Code  Lc  key.o [1]
NVIC_EnableIRQ          0x00013e55   0x16  Code  Lc  main.o [1]
NVIC_EnableIRQ          0x00010419   0x18  Code  Lc  menu.o [1]
NVIC_SetPriority        0x00013e6b   0x26  Code  Lc  main.o [1]
NVIC_SetPriorityGrouping
                        0x00013e39   0x1c  Code  Lc  main.o [1]
Normal_Run              0x00013c9f  0x134  Code  Gb  Server_ctrl.o [1]
OLED_CLS                0x000110cf   0x3a  Code  Gb  OLED.o [1]
OLED_Fill               0x00011091   0x3e  Code  Gb  OLED.o [1]
OLED_IIC_Init           0x00010fdd   0x2c  Code  Gb  OLED.o [1]
OLED_Init               0x00011109   0xba  Code  Gb  OLED.o [1]
OLED_P6x8Str            0x000111c3   0x7c  Code  Gb  OLED.o [1]
OLED_Set_Pos            0x00011061   0x30  Code  Gb  OLED.o [1]
OLED_Show_Length        0x00011249   0x3e  Code  Gb  OLED.o [1]
OLED_WrCmd              0x00011035   0x2c  Code  Gb  OLED.o [1]
OLED_WrDat              0x00011009   0x2c  Code  Gb  OLED.o [1]
PID_Init                0x00013b3d   0x2c  Code  Gb  Server_ctrl.o [1]
PIT0_IRQHandler         0x00013f7d   0x5a  Code  Gb  main.o [1]
PIT1_IRQHandler         0x00013fd9   0x36  Code  Gb  main.o [1]
PORTD_IRQHandler        0x00014011   0x28  Code  Gb  main.o [1]
PORTE_IRQHandler        0x00014189   0x18  Code  Gb  key.o [1]
PORTX                   0x1fff0440   0x14  Data  Gb  MK66_port.o [1]
Parameter_Manage        0x00010a7d  0x142  Code  Gb  menu.o [1]
QueueLength             0x00011457   0x14  Code  Gb  ADC.o [1]
RM_AD                   0x1fff05f6    0x2  Data  Gb  ADC.o [1]
RS_AD                   0x1fff05f2    0x2  Data  Gb  ADC.o [1]
R_AD                    0x1fff05ee    0x2  Data  Gb  ADC.o [1]
Read_ADC                0x000115d5   0x5c  Code  Gb  ADC.o [1]
Region$$Table$$Base     0x00014bb0          --   Gb  - Linker created -
Region$$Table$$Limit    0x00014bc0          --   Gb  - Linker created -
Reset_Handler           0x00010411         Code  Gb  startup_MK66FX18.o [1]
Run_status              0x1fff0606    0x1  Data  Gb  Server_ctrl.o [1]
Server                  0x1fff05ac   0x2c  Data  Gb  Server_ctrl.o [1]
Server_Init             0x00013b69   0x1e  Code  Gb  Server_ctrl.o [1]
Server_PID_Ctrl         0x00013be9   0x5a  Code  Gb  Server_ctrl.o [1]
Server_Run              0x00013b89   0x5e  Code  Gb  Server_ctrl.o [1]
Set_Parameter           0x00010867  0x154  Code  Gb  menu.o [1]
Set_Parameter::count    0x1fff0605    0x1  Data  Lc  menu.o [1]
Set_Pid                 0x00010e01   0xb6  Code  Gb  menu.o [1]
Show_AD                 0x00010bbf  0x152  Code  Gb  menu.o [1]
Show_Distance           0x00010eb7   0x28  Code  Gb  menu.o [1]
Show_Menu               0x000106c7   0xa0  Code  Lc  menu.o [1]
Show_Pid                0x00010d11   0xf0  Code  Gb  menu.o [1]
Speed_PID_Ctrl          0x000142cb   0x72  Code  Gb  Motor_ctrl.o [1]
StopFlag                0x1fff0601    0x1  Data  Gb  main.o [1]
StopFlag1               0x1fff0602    0x1  Data  Gb  main.o [1]
System_Init             0x00013e91   0xd2  Code  Gb  main.o [1]
TimeCount1              0x1fff0603    0x1  Data  Gb  main.o [1]
TimeCount2              0x1fff0604    0x1  Data  Gb  main.o [1]
UARTN                   0x1fff0454   0x14  Data  Gb  MK66_uart.o [1]
UP_Value                0x1fff0554   0x20  Data  Gb  main.o [1]
Value                   0x1fff04f4   0x60  Data  Gb  ADC.o [1]
_LocaleC_isalpha        0x000135cb    0xc  Code  Gb  xlocale_c.o [3]
_LocaleC_islower        0x000135c5    0x4  Code  Gb  xlocale_c.o [3]
_LocaleC_isspace        0x000135e1   0x14  Code  Gb  xlocale_c.o [3]
_LocaleC_isupper        0x000135c9    0x2  Code  Gb  xlocale_c.o [3]
_Locale_lconv           0x1fff0474   0x38  Data  Lc  xlocale_c.o [3]
__BOOT_STACK_ADDRESS {Abs}
                        0x2002fff8         Data  Gb  command line/config [2]
__VECTOR_RAM {Abs}      0x1fff0000         Data  Gb  command line/config [2]
__VECTOR_TABLE {Abs}    0x00010000         Data  Gb  command line/config [2]
__aeabi_d2f             0x000112e1         Code  Gb  DblToFlt.o [4]
__aeabi_dadd            0x00012f09         Code  Gb  DblAdd.o [4]
__aeabi_ddiv            0x000129b5         Code  Gb  DblDiv.o [4]
__aeabi_dmul            0x000126d5         Code  Gb  DblMul.o [4]
__aeabi_f2d             0x00011289         Code  Gb  FltToDbl.o [4]
__aeabi_i2d             0x00012ee5         Code  Gb  S32ToDbl.o [4]
__aeabi_memclr4         0x00010fd5         Code  Gb  ABImemclr4.o [5]
__cmain                 0x00014bc1         Code  Gb  cmain.o [5]
__code_start__ {Abs}    0x00010410         Data  Gb  command line/config [2]
__data_GetMemChunk      0x000132bd   0x2c  Code  Gb  xgetmemchunk.o [3]
__data_GetMemChunk::start
                        0x1fff05e8    0x4  Data  Lc  xgetmemchunk.o [3]
__exit                  0x00013731         Code  Gb  XXexit.o [5]
__iar_Memchr            0x000136d9         Code  Gb  memchr.o [5]
__iar_Memset4_word      0x00011671         Code  Gb  ABImemset48.o [5]
__iar_Memset8_word      0x00011671         Code  Gb  ABImemset48.o [5]
__iar_Sto64             0x00011fbd  0x19e  Code  Gb  strto64.o [4]
__iar_Stoflt            0x00012d1d  0x1c8  Code  Gb  iar_Stoflt.o [3]
__iar_Stopfx            0x00012bfb  0x122  Code  Gb  iar_Stopfx.o [3]
__iar_Stoxflt           0x00013081  0x208  Code  Gb  iar_Stoxflt.o [3]
__iar_Stoxflt::digits   0x0001328c   0x18  Data  Lc  iar_Stoxflt.o [3]
__iar_Stoxflt::vals     0x000132a4   0x18  Data  Lc  iar_Stoxflt.o [3]
__iar_dadd              0x00013605         Code  Gb  DblSub.o [4]
__iar_data_init3        0x00014b41   0x28  Code  Gb  data_init.o [5]
__iar_dsub              0x00012f19         Code  Gb  DblAdd.o [4]
__iar_dsubStart         0x00012f2b         Code  Gb  DblAdd.o [4]
__iar_frexp             0x00012671         Code  Gb  frexp.o [4]
__iar_frexpl            0x00012671         Code  Gb  frexp.o [4]
__iar_globLocale        0x1fff04ac   0x48  Data  Lc  xlocale_c.o [3]
__iar_global_Locale     0x000135f5    0x4  Code  Gb  xlocale_c.o [3]
__iar_init_vfp          0x00014b8d         Code  Gb  fpinit_M.o [4]
__iar_ldexp64           0x00012879         Code  Gb  ldexp.o [4]
__iar_program_start     0x00014d75         Code  Gb  cstartup_M.o [5]
__iar_scalbln64         0x00012879         Code  Gb  ldexp.o [4]
__iar_scalbn64          0x00012879         Code  Gb  ldexp.o [4]
__iar_softfp___iar_frexp64
                        0x00012665         Code  Gb  frexp.o [4]
__iar_softfp_frexp      0x00012665         Code  Gb  frexp.o [4]
__iar_softfp_frexpl     0x00012665         Code  Gb  frexp.o [4]
__iar_systems$$module {Abs}
                        0x00000001         Data  Gb  command line/config [2]
__iar_vfp_atof          0x000112d7    0x8  Code  Gb  math_wrappers64.o [4]
__iar_zero_init3        0x00014b01   0x40  Code  Gb  zero_init3.o [5]
__low_level_init        0x00014bdb    0x4  Code  Gb  low_level_init.o [3]
__no_free_malloc        0x000121f1   0x40  Code  Gb  no_free_heap0.o [3]
__vector_table          0x00010000  0x410  Data  Gb  vectors.o [1]
_call_main              0x00014bcd         Code  Gb  cmain.o [5]
_exit                   0x000132e9         Code  Gb  cexit.o [5]
_main                   0x00014bd7         Code  Gb  cmain.o [5]
adc_init                0x00012239  0x1f4  Code  Gb  MK66_adc.o [1]
adc_once                0x0001242d   0x4e  Code  Gb  MK66_adc.o [1]
adc_start               0x0001247b   0x46  Code  Lc  MK66_adc.o [1]
assert_failed           0x000125d3   0x2c  Code  Gb  MK66_conf.o [1]
atof                    0x000121a1    0x8  Code  Gb  strto64.o [4]
beep_on                 0x1fff0600    0x1  Data  Gb  Beep.o [1]
bus_clk_khz             0x1fff05e0    0x4  Data  Gb  system_MK66FX18.o [1]
common_startup          0x00014739   0x8a  Code  Gb  system_MK66FX18.o [1]
core_clk_khz            0x1fff05d8    0x4  Data  Gb  system_MK66FX18.o [1]
core_clk_mhz            0x1fff05dc    0x4  Data  Gb  system_MK66FX18.o [1]
ddiv                    0x00011d35   0xd0  Code  Lc  strto64.o [4]
default_isr             0x00012615   0x3e  Code  Gb  MK66_conf.o [1]
distance                0x1fff05fe    0x2  Data  Gb  Superware.o [1]
dmul                    0x00011c61   0xd2  Code  Lc  strto64.o [4]
enter_fputc             0x00012601   0x14  Code  Gb  MK66_conf.o [1]
exit                    0x00012235    0x4  Code  Gb  exit.o [3]
gpio_get                0x00011c17   0x3e  Code  Gb  MK66_gpio.o [1]
gpio_init               0x00011aa1   0xbe  Code  Gb  MK66_gpio.o [1]
gpio_set                0x00011b5f   0x7c  Code  Gb  MK66_gpio.o [1]
gpio_turn               0x00011bdb   0x3c  Code  Gb  MK66_gpio.o [1]
house                   0x0001373c  0x400  Data  Gb  OLED.o [1]
isalpha                 0x000135b1   0x14  Code  Gb  isalpha.o [3]
isspace                 0x0001359d   0x14  Code  Gb  isspace.o [3]
key                     0x1fff05fc    0x2  Data  Gb  key.o [1]
key_init                0x00014455   0x52  Code  Gb  VCAN_key.o [1]
ldexp                   0x00012879         Code  Gb  ldexp.o [4]
ldexpl                  0x00012879         Code  Gb  ldexp.o [4]
led_init                0x000132f5   0x3a  Code  Gb  VCAN_LED.o [1]
led_turn                0x0001332f   0x32  Code  Gb  VCAN_LED.o [1]
localeconv              0x000135f9    0x4  Code  Gb  xlocale_c.o [3]
main                    0x00013f63   0x1a  Code  Gb  main.o [1]
memchr                  0x000136d9         Code  Gb  memchr.o [5]
menu_op                 0x1fff0574    0xc  Data  Gb  menu.o [1]
menus                   0x00014924   0xc0  Data  Gb  menu.o [1]
nops                    0x000116a5    0xa  Code  Lc  IIC.o [1]
port_init               0x000124d5   0x4a  Code  Gb  MK66_port.o [1]
port_init_NoALT         0x0001251f   0x6a  Code  Gb  MK66_port.o [1]
pows                    0x000121a8   0x48  Data  Lc  strto64.o [4]
qs                      0x1fff05e4    0x4  Data  Lc  no_free_heap0.o [3]
scalbln                 0x00012879         Code  Gb  ldexp.o [4]
scalblnl                0x00012879         Code  Gb  ldexp.o [4]
scalbn                  0x00012879         Code  Gb  ldexp.o [4]
scalbnl                 0x00012879         Code  Gb  ldexp.o [4]
set_vector_handler      0x000143e7   0x22  Code  Gb  misc.o [1]
soft_delay_ms           0x000125b5   0x1e  Code  Gb  MK66_conf.o [1]
soft_delay_us           0x00012591   0x24  Code  Gb  MK66_conf.o [1]
start                   0x000146d5   0x20  Code  Gb  system_MK66FX18.o [1]
strcmp                  0x00011349         Code  Gb  strcmp.o [5]
sysinit                 0x000146f5   0x44  Code  Gb  system_MK66FX18.o [1]
uart_init               0x00013365  0x1de  Code  Gb  MK66_uart.o [1]
uart_putbuff            0x0001355d   0x26  Code  Gb  MK66_uart.o [1]
uart_putchar            0x00013543   0x1a  Code  Gb  MK66_uart.o [1]
vcan_sendware           0x00014415   0x38  Code  Gb  VCAN_computer.o [1]
wdog_disable            0x00014801   0x16  Code  Gb  MK66_wdog.o [1]
wdog_unlock             0x00014817   0x20  Code  Lc  MK66_wdog.o [1]
weight                  0x1fff0410   0x14  Data  Gb  ADC.o [1]
write_vtor              0x000143c5   0x22  Code  Gb  misc.o [1]


[1] = D:\Smart Car Program\Software\EDD smart car\V1.1\Prj\IAR\MK66FX18_Debug\Obj
[2] = command line
[3] = dl7M_tlf.a
[4] = m7M_tls.a
[5] = rt7M_tl.a

  16 056 bytes of readonly  code memory
   3 956 bytes of readonly  data memory
   1 016 bytes of readwrite data memory

Errors: none
Warnings: none
