###############################################################################
#
# IAR ELF Linker V8.11.3.13950/W32 for ARM                12/Jun/2019  22:34:34
# Copyright 2007-2017 IAR Systems AB.
#
#    Output file  =  
#        D:\Smart Car Program\Software\EDD smart
#        car\V1.1\Prj\IAR\MK66FX18_Debug\Exe\vcan_Kinetis.out
#    Map file     =  
#        D:\Smart Car Program\Software\EDD smart
#        car\V1.1\Prj\IAR\MK66FX18_Debug\List\vcan_Kinetis.map
#    Command line =  
#        -f C:\Users\11192\AppData\Local\Temp\EW16D1.tmp ("D:\Smart Car
#        Program\Software\EDD smart car\V1.1\Prj\IAR\MK66FX18_Debug\Obj\ADC.o"
#        "D:\Smart Car Program\Software\EDD smart
#        car\V1.1\Prj\IAR\MK66FX18_Debug\Obj\Beep.o" "D:\Smart Car
#        Program\Software\EDD smart
#        car\V1.1\Prj\IAR\MK66FX18_Debug\Obj\diskio.o" "D:\Smart Car
#        Program\Software\EDD smart car\V1.1\Prj\IAR\MK66FX18_Debug\Obj\ff.o"
#        "D:\Smart Car Program\Software\EDD smart
#        car\V1.1\Prj\IAR\MK66FX18_Debug\Obj\IIC.o" "D:\Smart Car
#        Program\Software\EDD smart car\V1.1\Prj\IAR\MK66FX18_Debug\Obj\key.o"
#        "D:\Smart Car Program\Software\EDD smart
#        car\V1.1\Prj\IAR\MK66FX18_Debug\Obj\main.o" "D:\Smart Car
#        Program\Software\EDD smart car\V1.1\Prj\IAR\MK66FX18_Debug\Obj\menu.o"
#        "D:\Smart Car Program\Software\EDD smart
#        car\V1.1\Prj\IAR\MK66FX18_Debug\Obj\misc.o" "D:\Smart Car
#        Program\Software\EDD smart
#        car\V1.1\Prj\IAR\MK66FX18_Debug\Obj\MK66_adc.o" "D:\Smart Car
#        Program\Software\EDD smart
#        car\V1.1\Prj\IAR\MK66FX18_Debug\Obj\MK66_conf.o" "D:\Smart Car
#        Program\Software\EDD smart
#        car\V1.1\Prj\IAR\MK66FX18_Debug\Obj\MK66_dma.o" "D:\Smart Car
#        Program\Software\EDD smart
#        car\V1.1\Prj\IAR\MK66FX18_Debug\Obj\MK66_flexbus.o" "D:\Smart Car
#        Program\Software\EDD smart
#        car\V1.1\Prj\IAR\MK66FX18_Debug\Obj\MK66_gpio.o" "D:\Smart Car
#        Program\Software\EDD smart
#        car\V1.1\Prj\IAR\MK66FX18_Debug\Obj\MK66_i2c.o" "D:\Smart Car
#        Program\Software\EDD smart
#        car\V1.1\Prj\IAR\MK66FX18_Debug\Obj\MK66_it.o" "D:\Smart Car
#        Program\Software\EDD smart
#        car\V1.1\Prj\IAR\MK66FX18_Debug\Obj\MK66_port.o" "D:\Smart Car
#        Program\Software\EDD smart
#        car\V1.1\Prj\IAR\MK66FX18_Debug\Obj\MK66_rtc.o" "D:\Smart Car
#        Program\Software\EDD smart
#        car\V1.1\Prj\IAR\MK66FX18_Debug\Obj\MK66_sdhc.o" "D:\Smart Car
#        Program\Software\EDD smart
#        car\V1.1\Prj\IAR\MK66FX18_Debug\Obj\MK66_spi.o" "D:\Smart Car
#        Program\Software\EDD smart
#        car\V1.1\Prj\IAR\MK66FX18_Debug\Obj\MK66_uart.o" "D:\Smart Car
#        Program\Software\EDD smart
#        car\V1.1\Prj\IAR\MK66FX18_Debug\Obj\MK66_wdog.o" "D:\Smart Car
#        Program\Software\EDD smart
#        car\V1.1\Prj\IAR\MK66FX18_Debug\Obj\Motor_ctrl.o" "D:\Smart Car
#        Program\Software\EDD smart car\V1.1\Prj\IAR\MK66FX18_Debug\Obj\OLED.o"
#        "D:\Smart Car Program\Software\EDD smart
#        car\V1.1\Prj\IAR\MK66FX18_Debug\Obj\Server_ctrl.o" "D:\Smart Car
#        Program\Software\EDD smart
#        car\V1.1\Prj\IAR\MK66FX18_Debug\Obj\startup_MK66FX18.o" "D:\Smart Car
#        Program\Software\EDD smart
#        car\V1.1\Prj\IAR\MK66FX18_Debug\Obj\Superware.o" "D:\Smart Car
#        Program\Software\EDD smart
#        car\V1.1\Prj\IAR\MK66FX18_Debug\Obj\system_MK66FX18.o" "D:\Smart Car
#        Program\Software\EDD smart
#        car\V1.1\Prj\IAR\MK66FX18_Debug\Obj\VCAN_BMP.o" "D:\Smart Car
#        Program\Software\EDD smart
#        car\V1.1\Prj\IAR\MK66FX18_Debug\Obj\VCAN_computer.o" "D:\Smart Car
#        Program\Software\EDD smart
#        car\V1.1\Prj\IAR\MK66FX18_Debug\Obj\vcan_img2sd.o" "D:\Smart Car
#        Program\Software\EDD smart
#        car\V1.1\Prj\IAR\MK66FX18_Debug\Obj\VCAN_key.o" "D:\Smart Car
#        Program\Software\EDD smart
#        car\V1.1\Prj\IAR\MK66FX18_Debug\Obj\VCAN_key_event.o" "D:\Smart Car
#        Program\Software\EDD smart
#        car\V1.1\Prj\IAR\MK66FX18_Debug\Obj\VCAN_LCD_ILI9325.o" "D:\Smart Car
#        Program\Software\EDD smart
#        car\V1.1\Prj\IAR\MK66FX18_Debug\Obj\VCAN_LCD_ILI9341.o" "D:\Smart Car
#        Program\Software\EDD smart
#        car\V1.1\Prj\IAR\MK66FX18_Debug\Obj\VCAN_LCD_ST7735R.o" "D:\Smart Car
#        Program\Software\EDD smart
#        car\V1.1\Prj\IAR\MK66FX18_Debug\Obj\VCAN_LCD_ST7735S.o" "D:\Smart Car
#        Program\Software\EDD smart
#        car\V1.1\Prj\IAR\MK66FX18_Debug\Obj\VCAN_LED.o" "D:\Smart Car
#        Program\Software\EDD smart
#        car\V1.1\Prj\IAR\MK66FX18_Debug\Obj\VCAN_MMA7455.o" "D:\Smart Car
#        Program\Software\EDD smart
#        car\V1.1\Prj\IAR\MK66FX18_Debug\Obj\VCAN_NRF24L0.o" "D:\Smart Car
#        Program\Software\EDD smart
#        car\V1.1\Prj\IAR\MK66FX18_Debug\Obj\VCAN_NRF24L0_MSG.o" "D:\Smart Car
#        Program\Software\EDD smart
#        car\V1.1\Prj\IAR\MK66FX18_Debug\Obj\VCAN_OV7725_Eagle.o" "D:\Smart Car
#        Program\Software\EDD smart
#        car\V1.1\Prj\IAR\MK66FX18_Debug\Obj\VCAN_RTC_count.o" "D:\Smart Car
#        Program\Software\EDD smart
#        car\V1.1\Prj\IAR\MK66FX18_Debug\Obj\VCAN_SCCB.o" "D:\Smart Car
#        Program\Software\EDD smart
#        car\V1.1\Prj\IAR\MK66FX18_Debug\Obj\vcan_sd_app.o" "D:\Smart Car
#        Program\Software\EDD smart
#        car\V1.1\Prj\IAR\MK66FX18_Debug\Obj\Vcan_touch.o" "D:\Smart Car
#        Program\Software\EDD smart
#        car\V1.1\Prj\IAR\MK66FX18_Debug\Obj\VCAN_TSL1401.o" "D:\Smart Car
#        Program\Software\EDD smart
#        car\V1.1\Prj\IAR\MK66FX18_Debug\Obj\VCAN_UI_VAR.o" "D:\Smart Car
#        Program\Software\EDD smart
#        car\V1.1\Prj\IAR\MK66FX18_Debug\Obj\vectors.o" --redirect
#        _Printf=_PrintfLargeNoMb --redirect _Scanf=_ScanfLargeNoMb -o
#        "D:\Smart Car Program\Software\EDD smart
#        car\V1.1\Prj\IAR\MK66FX18_Debug\Exe\vcan_Kinetis.out" --map "D:\Smart
#        Car Program\Software\EDD smart
#        car\V1.1\Prj\IAR\MK66FX18_Debug\List\vcan_Kinetis.map" --config
#        "D:\Smart Car Program\Software\EDD smart car\V1.1\Prj\IAR\config
#        files\vcan_ROM_K66X1M.icf" "D:\Smart Car Program\Software\EDD smart
#        car\V1.1\Prj\IAR\..\..\Lib\CMSIS\iar_cortexM4l_math.a" --entry
#        __iar_program_start --redirect __write=__write_buffered --vfe
#        --text_out locale)
#
###############################################################################

*******************************************************************************
*** RUNTIME MODEL ATTRIBUTES
***

CppFlavor       = *
__Heap_Handler  = NoFree
__SystemLibrary = DLib
__dlib_version  = 6


*******************************************************************************
*** HEAP SELECTION
***

The no free heap was selected because no calls to memory
deallocation functions were found in the application.


*******************************************************************************
*** PLACEMENT SUMMARY
***

"A0":  place at 0x00010000 { ro section .intvec };
"A1":  place at 0x00010410 { ro section .noinit };
define block CodeRelocate { section .textrw_init };
"P1":  place in [from 0x00010000 to 0x00100000] { ro, block CodeRelocate };
define block CodeRelocateRam { section .textrw };
define block CSTACK with size = 4K, alignment = 8 { };
define block HEAP with size = 512, alignment = 8 { };
"P2":  place in [from 0x1fff0410 to 0x20030000] {
          rw, block CodeRelocateRam, block CSTACK, block HEAP };
initialize manually with packing = copy, complex ranges { section .data };

  Section              Kind        Address    Size  Object
  -------              ----        -------    ----  ------
"A0":                                        0x410
  .intvec              const    0x00010000   0x410  vectors.o [1]
                              - 0x00010410   0x410

"A1":                                          0x8
  .noinit              ro code  0x00010410     0x8  startup_MK66FX18.o [1]
                              - 0x00010418     0x8

"P1", part 1 of 2:                          0x4d54
  .text                ro code  0x00010418   0xbe8  menu.o [1]
  .text                ro code  0x00011000     0x6  ABImemclr4.o [5]
  .rodata              const    0x00011006     0x2  VCAN_computer.o [1]
  .text                ro code  0x00011008   0x2aa  OLED.o [1]
  .rodata              const    0x000112b2     0x2  VCAN_computer.o [1]
  .text                ro code  0x000112b4    0x48  FltToDbl.o [4]
  .text                ro code  0x000112fc     0xe  math_wrappers64.o [4]
  .text                ro code  0x0001130c    0x68  DblToFlt.o [4]
  .text                ro code  0x00011374    0x4a  strcmp.o [5]
  .text                ro code  0x000113c0   0x2dc  ADC.o [1]
  .text                ro code  0x0001169c    0x1a  U32ToDbl.o [4]
  .text                ro code  0x000116b8   0x246  DblDiv.o [4]
  .text                ro code  0x00011900   0x10c  Superware.o [1]
  .text                ro code  0x00011a0c    0x32  ABImemset48.o [5]
  .text                ro code  0x00011a40   0x3fc  IIC.o [1]
  .text                ro code  0x00011e3c   0x1c0  MK66_gpio.o [1]
  .rodata              const    0x00011ffc    0x44  misc.o [1]
  .text                ro code  0x00012040   0x590  strto64.o [4]
  .text                ro code  0x000125d0    0x44  no_free_heap0.o [3]
  .text                ro code  0x00012614     0x4  exit.o [3]
  .text                ro code  0x00012618   0x29c  MK66_adc.o [1]
  .text                ro code  0x000128b4    0xbc  MK66_port.o [1]
  .text                ro code  0x00012970    0x50  misc.o [1]
  .text                ro code  0x000129c0    0xd4  MK66_conf.o [1]
  .text                ro code  0x00012a94    0x70  frexp.o [4]
  .text                ro code  0x00012b04   0x1a2  DblMul.o [4]
  .text                ro code  0x00012ca8   0x13a  ldexp.o [4]
  .text                ro code  0x00012de2   0x122  iar_Stopfx.o [3]
  .text                ro code  0x00012f04   0x1c8  iar_Stoflt.o [3]
  .text                ro code  0x000130cc    0x22  S32ToDbl.o [4]
  .text                ro code  0x000130f0   0x178  DblAdd.o [4]
  .text                ro code  0x00013268   0x23c  iar_Stoxflt.o [3]
  .text                ro code  0x000134a4    0x2c  xgetmemchunk.o [3]
  .text                ro code  0x000134d0     0xa  cexit.o [5]
  .text                ro code  0x000134dc    0x70  VCAN_LED.o [1]
  .text                ro code  0x0001354c   0x238  MK66_uart.o [1]
  .text                ro code  0x00013784    0x14  isspace.o [3]
  .text                ro code  0x00013798    0x14  isalpha.o [3]
  .text                ro code  0x000137ac    0x40  xlocale_c.o [3]
  .text                ro code  0x000137ec    0xe2  DblSub.o [4]
  .text                ro code  0x000138d0    0x58  memchr.o [5]
  .text                ro code  0x00013928     0xc  XXexit.o [5]
  .text                ro code  0x00013934   0x4a4  Server_ctrl.o [1]
  .rodata              const    0x00013dd8   0x400  OLED.o [1]
  .text                ro code  0x000141d8   0x238  main.o [1]
  .text                ro code  0x00014410   0x150  key.o [1]
  .text                ro code  0x00014560   0x1dc  Motor_ctrl.o [1]
  .text                ro code  0x0001473c    0x5c  Beep.o [1]
  .text                ro code  0x00014798    0x40  VCAN_computer.o [1]
  .text                ro code  0x000147d8    0x58  VCAN_key.o [1]
  .rodata              const    0x00014830   0x228  OLED.o [1]
  .text                ro code  0x00014a58   0x12c  system_MK66FX18.o [1]
  .text                ro code  0x00014b84    0x40  MK66_wdog.o [1]
  .data_init                    0x00014bc4    0xe4  <Block>
    Initializer bytes  const    0x00014bc4    0xe4  <for .data-1>
  .rodata              const    0x00014ca8    0xc0  menu.o [1]
  .rodata              const    0x00014d68    0x48  MK66_adc.o [1]
  .rodata              const    0x00014db0    0x48  MK66_gpio.o [1]
  .rodata              const    0x00014df8    0x48  MK66_uart.o [1]
  .text                ro code  0x00014e40    0x40  zero_init3.o [5]
  .text                ro code  0x00014e80    0x28  data_init.o [5]
  .rodata              const    0x00014ea8    0x24  MK66_conf.o [1]
  .text                ro code  0x00014ecc    0x22  fpinit_M.o [4]
  .iar.init_table      const    0x00014ef0    0x10  - Linker created -
  .text                ro code  0x00014f00    0x1a  cmain.o [5]
  .text                ro code  0x00014f1a     0x4  low_level_init.o [3]
  .rodata              const    0x00014f20    0x14  menu.o [1]
  .rodata              const    0x00014f34    0x10  menu.o [1]
  .rodata              const    0x00014f44    0x10  menu.o [1]
  .rodata              const    0x00014f54    0x10  menu.o [1]
  .rodata              const    0x00014f64     0xc  key.o [1]
  .rodata              const    0x00014f70     0xc  menu.o [1]
  .rodata              const    0x00014f7c     0xc  menu.o [1]
  .rodata              const    0x00014f88     0xc  menu.o [1]
  .rodata              const    0x00014f94     0xc  menu.o [1]
  .rodata              const    0x00014fa0     0xc  menu.o [1]
  .rodata              const    0x00014fac     0xc  menu.o [1]
  .rodata              const    0x00014fb8     0xc  menu.o [1]
  .rodata              const    0x00014fc4     0xc  menu.o [1]
  .rodata              const    0x00014fd0     0xc  menu.o [1]
  .rodata              const    0x00014fdc     0xc  menu.o [1]
  .rodata              const    0x00014fe8     0xc  menu.o [1]
  .rodata              const    0x00014ff4     0xc  menu.o [1]
  .rodata              const    0x00015000     0xc  menu.o [1]
  .rodata              const    0x0001500c     0xc  menu.o [1]
  .rodata              const    0x00015018     0xc  menu.o [1]
  .rodata              const    0x00015024     0xc  menu.o [1]
  .rodata              const    0x00015030     0xc  menu.o [1]
  .rodata              const    0x0001503c     0xc  menu.o [1]
  .rodata              const    0x00015048     0xc  menu.o [1]
  .rodata              const    0x00015054     0xc  menu.o [1]
  .rodata              const    0x00015060     0xc  menu.o [1]
  .rodata              const    0x0001506c     0xc  menu.o [1]
  .rodata              const    0x00015078     0xc  menu.o [1]
  .rodata              const    0x00015084     0xc  menu.o [1]
  .rodata              const    0x00015090     0xc  menu.o [1]
  .rodata              const    0x0001509c     0xc  menu.o [1]
  .rodata              const    0x000150a8     0xc  MK66_conf.o [1]
  .text                ro code  0x000150b4     0xc  cstartup_M.o [5]
  .rodata              const    0x000150c0     0x8  menu.o [1]
  .rodata              const    0x000150c8     0x8  menu.o [1]
  .rodata              const    0x000150d0     0x8  menu.o [1]
  .rodata              const    0x000150d8     0x8  menu.o [1]
  .rodata              const    0x000150e0     0x8  menu.o [1]
  .rodata              const    0x000150e8     0x8  menu.o [1]
  .rodata              const    0x000150f0     0x8  menu.o [1]
  .rodata              const    0x000150f8     0x8  menu.o [1]
  .rodata              const    0x00015100     0x8  menu.o [1]
  .rodata              const    0x00015108     0x8  menu.o [1]
  .rodata              const    0x00015110     0x8  menu.o [1]
  .rodata              const    0x00015118     0x8  menu.o [1]
  .rodata              const    0x00015120     0x8  menu.o [1]
  .rodata              const    0x00015128     0x8  menu.o [1]
  .rodata              const    0x00015130     0x8  menu.o [1]
  .rodata              const    0x00015138     0x8  menu.o [1]
  .rodata              const    0x00015140     0x8  menu.o [1]
  .rodata              const    0x00015148     0x8  menu.o [1]
  .rodata              const    0x00015150     0x8  menu.o [1]
  .rodata              const    0x00015158     0x8  menu.o [1]
  .rodata              const    0x00015160     0x6  xlocale_c.o [3]
  .rodata              const    0x00015168     0x4  menu.o [1]
  .rodata              const    0x0001516c     0x0  zero_init3.o [5]
                              - 0x0001516c  0x4d54

"P1", part 2 of 2:                             0x0
  CodeRelocate                  0x0001516c     0x0  <Block>

"P2", part 1 of 3:                            0xe4
  .data                         0x1fff0410    0xe4  <Block>
    .data-1                     0x1fff0410    0xe4  <Init block>
      .data            inited   0x1fff0410    0x14  ADC.o [1]
      .data            inited   0x1fff0424     0x8  MK66_adc.o [1]
      .data            inited   0x1fff042c    0x14  MK66_gpio.o [1]
      .data            inited   0x1fff0440    0x14  MK66_port.o [1]
      .data            inited   0x1fff0454    0x14  MK66_uart.o [1]
      .data            inited   0x1fff0468     0x8  VCAN_key.o [1]
      .data            inited   0x1fff0470     0x4  VCAN_LED.o [1]
      .data            inited   0x1fff0474    0x38  xlocale_c.o [3]
      .data            inited   0x1fff04ac    0x48  xlocale_c.o [3]
                              - 0x1fff04f4    0xe4

"P2", part 2 of 3:                           0x11c
  .bss                          0x1fff04f4   0x11c  <Block>
    .bss               zero     0x1fff04f4    0x60  ADC.o [1]
    .bss               zero     0x1fff0554    0x20  main.o [1]
    .bss               zero     0x1fff0574     0xc  menu.o [1]
    .bss               zero     0x1fff0580    0x2c  Motor_ctrl.o [1]
    .bss               zero     0x1fff05ac     0x4  Motor_ctrl.o [1]
    .bss               zero     0x1fff05b0    0x2c  Server_ctrl.o [1]
    .bss               zero     0x1fff05dc     0x4  system_MK66FX18.o [1]
    .bss               zero     0x1fff05e0     0x4  system_MK66FX18.o [1]
    .bss               zero     0x1fff05e4     0x4  system_MK66FX18.o [1]
    .bss               zero     0x1fff05e8     0x4  no_free_heap0.o [3]
    .bss               zero     0x1fff05ec     0x4  xgetmemchunk.o [3]
    .bss               zero     0x1fff05f0     0x2  ADC.o [1]
    .bss               zero     0x1fff05f2     0x2  ADC.o [1]
    .bss               zero     0x1fff05f4     0x2  ADC.o [1]
    .bss               zero     0x1fff05f6     0x2  ADC.o [1]
    .bss               zero     0x1fff05f8     0x2  ADC.o [1]
    .bss               zero     0x1fff05fa     0x2  ADC.o [1]
    .bss               zero     0x1fff05fc     0x2  ADC.o [1]
    .bss               zero     0x1fff05fe     0x2  ADC.o [1]
    .bss               zero     0x1fff0600     0x2  key.o [1]
    .bss               zero     0x1fff0602     0x2  Superware.o [1]
    .bss               zero     0x1fff0604     0x1  Beep.o [1]
    .bss               zero     0x1fff0605     0x1  main.o [1]
    .bss               zero     0x1fff0606     0x1  main.o [1]
    .bss               zero     0x1fff0607     0x1  main.o [1]
    .bss               zero     0x1fff0608     0x1  main.o [1]
    .bss               zero     0x1fff0609     0x1  menu.o [1]
    .bss               zero     0x1fff060a     0x1  Motor_ctrl.o [1]
    .bss               zero     0x1fff060b     0x1  Server_ctrl.o [1]
    .bss               zero     0x1fff060c     0x1  Server_ctrl.o [1]
    .bss               zero     0x1fff060d     0x1  Server_ctrl.o [1]
    .bss               zero     0x1fff060e     0x1  Superware.o [1]
                              - 0x1fff0610   0x11c

"P2", part 3 of 3:                           0x200
  CodeRelocateRam               0x1fff0610     0x0  <Block>
  HEAP                          0x1fff0610   0x200  <Block>
    HEAP               uninit   0x1fff0610   0x200  <Block tail>
                              - 0x1fff0810   0x200


*******************************************************************************
*** INIT TABLE
***

          Address     Size
          -------     ----
Zero (__iar_zero_init3)
    1 destination range, total size 0x11b:
          0x1fff04f4  0x11b



*******************************************************************************
*** MODULE SUMMARY
***

    Module              ro code  ro data  rw data
    ------              -------  -------  -------
D:\Smart Car Program\Software\EDD smart car\V1.1\Prj\IAR\MK66FX18_Debug\Obj: [1]
    ADC.o                   732       20      132
    Beep.o                   92                 1
    IIC.o                 1 020
    MK66_adc.o              668       80        8
    MK66_conf.o             212       48
    MK66_gpio.o             448       92       20
    MK66_port.o             188       20       20
    MK66_uart.o             568       92       20
    MK66_wdog.o              64
    Motor_ctrl.o            476                49
    OLED.o                  682    1 576
    Server_ctrl.o         1 188                47
    Superware.o             268                 3
    VCAN_LED.o              112        4        4
    VCAN_computer.o          64        4
    VCAN_key.o               88        8        8
    key.o                   336       12        2
    main.o                  568                36
    menu.o                3 048      736       13
    misc.o                   80       68
    startup_MK66FX18.o        8
    system_MK66FX18.o       300                12
    vectors.o                      1 040
    ---------------------------------------------
    Total:               11 210    3 800      375

command line: [2]
    ---------------------------------------------
    Total:

dl7M_tlf.a: [3]
    exit.o                    4
    iar_Stoflt.o            456
    iar_Stopfx.o            290
    iar_Stoxflt.o           572
    isalpha.o                20
    isspace.o                20
    low_level_init.o          4
    no_free_heap0.o          68                 4
    xgetmemchunk.o           44                 4
    xlocale_c.o              64      134      128
    ---------------------------------------------
    Total:                1 542      134      136

m7M_tls.a: [4]
    DblAdd.o                376
    DblDiv.o                582
    DblMul.o                418
    DblSub.o                226
    DblToFlt.o              104
    FltToDbl.o               72
    S32ToDbl.o               34
    U32ToDbl.o               26
    fpinit_M.o               34
    frexp.o                 112
    ldexp.o                 314
    math_wrappers64.o        14
    strto64.o             1 424
    ---------------------------------------------
    Total:                3 736

rt7M_tl.a: [5]
    ABImemclr4.o              6
    ABImemset48.o            50
    XXexit.o                 12
    cexit.o                  10
    cmain.o                  26
    cstartup_M.o             12
    data_init.o              40
    memchr.o                 88
    strcmp.o                 74
    zero_init3.o             64
    ---------------------------------------------
    Total:                  382

    Gaps                     18        6
    Linker created                    16      512
-------------------------------------------------
    Grand Total:         16 888    3 956    1 023


*******************************************************************************
*** ENTRY LIST
***

Entry                      Address   Size  Type      Object
-----                      -------   ----  ----      ------
.bss$$Base              0x1fff04f4          --   Gb  - Linker created -
.bss$$Limit             0x1fff0610          --   Gb  - Linker created -
.data$$Base             0x1fff0410          --   Gb  - Linker created -
.data$$Limit            0x1fff04f4          --   Gb  - Linker created -
.data_init$$Base        0x00014bc4          --   Gb  - Linker created -
.data_init$$Limit       0x00014ca8          --   Gb  - Linker created -
.iar.init_table$$Base   0x00014ef0          --   Gb  - Linker created -
.iar.init_table$$Limit  0x00014f00          --   Gb  - Linker created -
?main                   0x00014f01         Code  Gb  cmain.o [5]
ADCN                    0x1fff0424    0x8  Data  Gb  MK66_adc.o [1]
ADC_Init                0x000114f1   0x50  Code  Gb  ADC.o [1]
ASSERT_FAILED_STR       0x00014ea8   0x24  Data  Gb  MK66_conf.o [1]
Add_Value               0x0001146d   0x16  Code  Gb  ADC.o [1]
Beep                    0x00014763   0x2e  Code  Gb  Beep.o [1]
Beep_Init               0x0001473d    0xe  Code  Gb  Beep.o [1]
Beep_Start              0x0001474b    0xc  Code  Gb  Beep.o [1]
Beep_Stop               0x00014757    0xc  Code  Gb  Beep.o [1]
Change_Level            0x00010831   0x36  Code  Gb  menu.o [1]
Chose_Menu              0x00010681   0x46  Code  Lc  menu.o [1]
CodeRelocate$$Base      0x0001516c          --   Gb  - Linker created -
CodeRelocate$$Limit     0x0001516c          --   Gb  - Linker created -
CodeRelocateRam$$Base   0x1fff0610          --   Gb  - Linker created -
CodeRelocateRam$$Limit  0x1fff0610          --   Gb  - Linker created -
DeQueue                 0x00011445   0x28  Code  Gb  ADC.o [1]
Dtentox                 0x000121f5  0x196  Code  Lc  strto64.o [4]
Empty                   0x00010449    0x2  Code  Gb  menu.o [1]
EnQueue                 0x00011413   0x32  Code  Gb  ADC.o [1]
Encoder_init            0x00014633   0x12  Code  Gb  Motor_ctrl.o [1]
Exe_Fuc                 0x00010767   0xb2  Code  Lc  menu.o [1]
F6x8                    0x00014830  0x228  Data  Gb  OLED.o [1]
GPIOX                   0x1fff042c   0x14  Data  Gb  MK66_gpio.o [1]
Get_Deep                0x0001044b   0x64  Code  Lc  menu.o [1]
Get_Direction_Error     0x00013a8b   0x34  Code  Gb  Server_ctrl.o [1]
Get_Keynum              0x000144a3   0x4c  Code  Gb  key.o [1]
Get_Level_Num           0x000104af   0x50  Code  Lc  menu.o [1]
Get_Menu_Num            0x000104ff    0xa  Code  Lc  menu.o [1]
Get_Ntimes_average      0x00011541   0x3c  Code  Gb  ADC.o [1]
Get_Smoothed_ADC        0x0001157d   0x84  Code  Gb  ADC.o [1]
Get_Speed               0x00014645   0x50  Code  Gb  Motor_ctrl.o [1]
Get_Status              0x00013a5d   0x2e  Code  Gb  Server_ctrl.o [1]
Get_Value_Sum           0x00011497   0x5a  Code  Gb  ADC.o [1]
HEAP$$Base              0x1fff0610          --   Gb  - Linker created -
HEAP$$Limit             0x1fff0810          --   Gb  - Linker created -
IIC_read_byte           0x00011d41   0xf6  Code  Gb  IIC.o [1]
IIC_send_byte           0x00011c41  0x100  Code  Gb  IIC.o [1]
IIC_start               0x00011aa1   0xba  Code  Gb  IIC.o [1]
IIC_stop                0x00011b5b   0xe6  Code  Gb  IIC.o [1]
IMU_IIC_Init            0x00011a4b   0x56  Code  Gb  IIC.o [1]
InitQueue               0x000113c1   0x24  Code  Gb  ADC.o [1]
Inner_Flash             0x000109bb   0xb8  Code  Gb  menu.o [1]
IsEmpty                 0x00011405    0xe  Code  Gb  ADC.o [1]
IsFull                  0x000113e5   0x20  Code  Gb  ADC.o [1]
KEY_PTxn                0x1fff0468    0x8  Data  Gb  VCAN_key.o [1]
Key_Handler             0x0001453d    0xc  Code  Gb  key.o [1]
Key_Init                0x00014427   0x54  Code  Gb  key.o [1]
Key_Read                0x000144ef   0x34  Code  Gb  key.o [1]
Key_Write               0x0001447b   0x28  Code  Gb  key.o [1]
LED_PTxn                0x1fff0470    0x4  Data  Gb  VCAN_LED.o [1]
LM_AD                   0x1fff05f8    0x2  Data  Gb  ADC.o [1]
LS_AD                   0x1fff05f4    0x2  Data  Gb  ADC.o [1]
L_AD                    0x1fff05f0    0x2  Data  Gb  ADC.o [1]
MS_AD                   0x1fff05fe    0x2  Data  Gb  ADC.o [1]
M_AD                    0x1fff05fc    0x2  Data  Gb  ADC.o [1]
Menu_Back               0x000105b9   0x3e  Code  Lc  menu.o [1]
Menu_Down               0x000105f7   0x48  Code  Lc  menu.o [1]
Menu_Forward            0x00010509   0xb0  Code  Lc  menu.o [1]
Menu_Init               0x00010819   0x18  Code  Gb  menu.o [1]
Menu_Up                 0x0001063f   0x42  Code  Lc  menu.o [1]
Motor                   0x1fff0580   0x2c  Data  Gb  Motor_ctrl.o [1]
Motor_Init              0x00014561   0x40  Code  Gb  Motor_ctrl.o [1]
Motor_Run               0x000145a1   0x92  Code  Gb  Motor_ctrl.o [1]
NVIC_DisableIRQ         0x00010431   0x18  Code  Lc  menu.o [1]
NVIC_EnableIRQ          0x00014411   0x16  Code  Lc  key.o [1]
NVIC_EnableIRQ          0x000141f5   0x16  Code  Lc  main.o [1]
NVIC_EnableIRQ          0x00010419   0x18  Code  Lc  menu.o [1]
NVIC_EnableIRQ          0x00011901   0x16  Code  Lc  Superware.o [1]
NVIC_SetPriority        0x0001420b   0x26  Code  Lc  main.o [1]
NVIC_SetPriority        0x00011917   0x26  Code  Lc  Superware.o [1]
NVIC_SetPriorityGrouping
                        0x000141d9   0x1c  Code  Lc  main.o [1]
Normal_Run              0x00013abf  0x152  Code  Gb  Server_ctrl.o [1]
OLED_CLS                0x000110fb   0x3a  Code  Gb  OLED.o [1]
OLED_Fill               0x000110bd   0x3e  Code  Gb  OLED.o [1]
OLED_IIC_Init           0x00011009   0x2c  Code  Gb  OLED.o [1]
OLED_Init               0x00011135   0xba  Code  Gb  OLED.o [1]
OLED_P6x8Str            0x000111ef   0x7c  Code  Gb  OLED.o [1]
OLED_Set_Pos            0x0001108d   0x30  Code  Gb  OLED.o [1]
OLED_Show_Length        0x00011275   0x3e  Code  Gb  OLED.o [1]
OLED_WrCmd              0x00011061   0x2c  Code  Gb  OLED.o [1]
OLED_WrDat              0x00011035   0x2c  Code  Gb  OLED.o [1]
PID_Init                0x00013935   0x44  Code  Gb  Server_ctrl.o [1]
PIT0_IRQHandler         0x00014319   0x5a  Code  Gb  main.o [1]
PIT1_IRQHandler         0x00014375   0x36  Code  Gb  main.o [1]
PORTC_IRQHandler        0x000119a1   0x4c  Code  Gb  Superware.o [1]
PORTC_IRQHandler::flag  0x1fff060e    0x1  Data  Lc  Superware.o [1]
PORTD_IRQHandler        0x000143ad   0x28  Code  Gb  main.o [1]
PORTE_IRQHandler        0x00014525   0x18  Code  Gb  key.o [1]
PORTX                   0x1fff0440   0x14  Data  Gb  MK66_port.o [1]
Parameter_Manage        0x00010a7d  0x142  Code  Gb  menu.o [1]
QueueLength             0x00011483   0x14  Code  Gb  ADC.o [1]
RM_AD                   0x1fff05fa    0x2  Data  Gb  ADC.o [1]
RS_AD                   0x1fff05f6    0x2  Data  Gb  ADC.o [1]
R_AD                    0x1fff05f2    0x2  Data  Gb  ADC.o [1]
Read_ADC                0x00011601   0x5c  Code  Gb  ADC.o [1]
Region$$Table$$Base     0x00014ef0          --   Gb  - Linker created -
Region$$Table$$Limit    0x00014f00          --   Gb  - Linker created -
Reset_Handler           0x00010411         Code  Gb  startup_MK66FX18.o [1]
Run_In_Annulus          0x00013c21  0x150  Code  Gb  Server_ctrl.o [1]
Run_In_Annulus::annulus_direction
                        0x1fff060d    0x1  Data  Lc  Server_ctrl.o [1]
Run_status              0x1fff060c    0x1  Data  Gb  Server_ctrl.o [1]
Server                  0x1fff05b0   0x2c  Data  Gb  Server_ctrl.o [1]
Server_Init             0x00013979   0x20  Code  Gb  Server_ctrl.o [1]
Server_PID_Ctrl         0x000139f9   0x64  Code  Gb  Server_ctrl.o [1]
Server_Run              0x00013999   0x60  Code  Gb  Server_ctrl.o [1]
Set_Parameter           0x00010867  0x154  Code  Gb  menu.o [1]
Set_Parameter::count    0x1fff0609    0x1  Data  Lc  menu.o [1]
Set_Pid                 0x00010e07   0xb6  Code  Gb  menu.o [1]
Show_AD                 0x00010bbf  0x158  Code  Gb  menu.o [1]
Show_Distance           0x00010ebd   0x48  Code  Gb  menu.o [1]
Show_Menu               0x000106c7   0xa0  Code  Lc  menu.o [1]
Show_Pid                0x00010d17   0xf0  Code  Gb  menu.o [1]
Speed_PID_Ctrl          0x00014695   0x72  Code  Gb  Motor_ctrl.o [1]
StopFlag                0x1fff0605    0x1  Data  Gb  main.o [1]
StopFlag1               0x1fff0606    0x1  Data  Gb  main.o [1]
Superware_Get_Distance  0x00011975   0x2a  Code  Gb  Superware.o [1]
Superware_Init          0x0001193d   0x38  Code  Gb  Superware.o [1]
System_Init             0x00014231   0xce  Code  Gb  main.o [1]
TimeCount1              0x1fff0607    0x1  Data  Gb  main.o [1]
TimeCount2              0x1fff0608    0x1  Data  Gb  main.o [1]
UARTN                   0x1fff0454   0x14  Data  Gb  MK66_uart.o [1]
UP_Value                0x1fff0554   0x20  Data  Gb  main.o [1]
Value                   0x1fff04f4   0x60  Data  Gb  ADC.o [1]
_LocaleC_isalpha        0x000137b3    0xc  Code  Gb  xlocale_c.o [3]
_LocaleC_islower        0x000137ad    0x4  Code  Gb  xlocale_c.o [3]
_LocaleC_isspace        0x000137c9   0x14  Code  Gb  xlocale_c.o [3]
_LocaleC_isupper        0x000137b1    0x2  Code  Gb  xlocale_c.o [3]
_Locale_lconv           0x1fff0474   0x38  Data  Lc  xlocale_c.o [3]
__BOOT_STACK_ADDRESS {Abs}
                        0x2002fff8         Data  Gb  command line/config [2]
__VECTOR_RAM {Abs}      0x1fff0000         Data  Gb  command line/config [2]
__VECTOR_TABLE {Abs}    0x00010000         Data  Gb  command line/config [2]
__aeabi_d2f             0x0001130d         Code  Gb  DblToFlt.o [4]
__aeabi_dadd            0x000130f1         Code  Gb  DblAdd.o [4]
__aeabi_ddiv            0x000116b9         Code  Gb  DblDiv.o [4]
__aeabi_dmul            0x00012b05         Code  Gb  DblMul.o [4]
__aeabi_dsub            0x000137ed         Code  Gb  DblSub.o [4]
__aeabi_f2d             0x000112b5         Code  Gb  FltToDbl.o [4]
__aeabi_i2d             0x000130cd         Code  Gb  S32ToDbl.o [4]
__aeabi_memclr4         0x00011001         Code  Gb  ABImemclr4.o [5]
__aeabi_ui2d            0x0001169d         Code  Gb  U32ToDbl.o [4]
__cmain                 0x00014f01         Code  Gb  cmain.o [5]
__code_start__ {Abs}    0x00010410         Data  Gb  command line/config [2]
__data_GetMemChunk      0x000134a5   0x2c  Code  Gb  xgetmemchunk.o [3]
__data_GetMemChunk::start
                        0x1fff05ec    0x4  Data  Lc  xgetmemchunk.o [3]
__exit                  0x00013929         Code  Gb  XXexit.o [5]
__iar_Memchr            0x000138d1         Code  Gb  memchr.o [5]
__iar_Memset4_word      0x00011a0d         Code  Gb  ABImemset48.o [5]
__iar_Memset8_word      0x00011a0d         Code  Gb  ABImemset48.o [5]
__iar_Sto64             0x0001239d  0x19e  Code  Gb  strto64.o [4]
__iar_Stoflt            0x00012f05  0x1c8  Code  Gb  iar_Stoflt.o [3]
__iar_Stopfx            0x00012de3  0x122  Code  Gb  iar_Stopfx.o [3]
__iar_Stoxflt           0x00013269  0x208  Code  Gb  iar_Stoxflt.o [3]
__iar_Stoxflt::digits   0x00013474   0x18  Data  Lc  iar_Stoxflt.o [3]
__iar_Stoxflt::vals     0x0001348c   0x18  Data  Lc  iar_Stoxflt.o [3]
__iar_dadd              0x000137fd         Code  Gb  DblSub.o [4]
__iar_data_init3        0x00014e81   0x28  Code  Gb  data_init.o [5]
__iar_dsub              0x00013101         Code  Gb  DblAdd.o [4]
__iar_dsubStart         0x00013113         Code  Gb  DblAdd.o [4]
__iar_frexp             0x00012aa1         Code  Gb  frexp.o [4]
__iar_frexpl            0x00012aa1         Code  Gb  frexp.o [4]
__iar_globLocale        0x1fff04ac   0x48  Data  Lc  xlocale_c.o [3]
__iar_global_Locale     0x000137dd    0x4  Code  Gb  xlocale_c.o [3]
__iar_init_vfp          0x00014ecd         Code  Gb  fpinit_M.o [4]
__iar_ldexp64           0x00012ca9         Code  Gb  ldexp.o [4]
__iar_program_start     0x000150b5         Code  Gb  cstartup_M.o [5]
__iar_scalbln64         0x00012ca9         Code  Gb  ldexp.o [4]
__iar_scalbn64          0x00012ca9         Code  Gb  ldexp.o [4]
__iar_softfp___iar_frexp64
                        0x00012a95         Code  Gb  frexp.o [4]
__iar_softfp_frexp      0x00012a95         Code  Gb  frexp.o [4]
__iar_softfp_frexpl     0x00012a95         Code  Gb  frexp.o [4]
__iar_systems$$module {Abs}
                        0x00000001         Data  Gb  command line/config [2]
__iar_vfp_atof          0x00011303    0x8  Code  Gb  math_wrappers64.o [4]
__iar_zero_init3        0x00014e41   0x40  Code  Gb  zero_init3.o [5]
__low_level_init        0x00014f1b    0x4  Code  Gb  low_level_init.o [3]
__no_free_malloc        0x000125d1   0x40  Code  Gb  no_free_heap0.o [3]
__vector_table          0x00010000  0x410  Data  Gb  vectors.o [1]
_call_main              0x00014f0d         Code  Gb  cmain.o [5]
_exit                   0x000134d1         Code  Gb  cexit.o [5]
_main                   0x00014f17         Code  Gb  cmain.o [5]
adc_init                0x00012619  0x1f4  Code  Gb  MK66_adc.o [1]
adc_once                0x0001280d   0x4e  Code  Gb  MK66_adc.o [1]
adc_start               0x0001285b   0x46  Code  Lc  MK66_adc.o [1]
assert_failed           0x00012a03   0x2c  Code  Gb  MK66_conf.o [1]
atof                    0x00012581    0x8  Code  Gb  strto64.o [4]
beep_on                 0x1fff0604    0x1  Data  Gb  Beep.o [1]
bus_clk_khz             0x1fff05e4    0x4  Data  Gb  system_MK66FX18.o [1]
common_startup          0x00014abd   0x8a  Code  Gb  system_MK66FX18.o [1]
core_clk_khz            0x1fff05dc    0x4  Data  Gb  system_MK66FX18.o [1]
core_clk_mhz            0x1fff05e0    0x4  Data  Gb  system_MK66FX18.o [1]
ddiv                    0x00012115   0xd0  Code  Lc  strto64.o [4]
default_isr             0x00012a45   0x3e  Code  Gb  MK66_conf.o [1]
distance                0x1fff0602    0x2  Data  Gb  Superware.o [1]
dmul                    0x00012041   0xd2  Code  Lc  strto64.o [4]
enter_fputc             0x00012a31   0x14  Code  Gb  MK66_conf.o [1]
exit                    0x00012615    0x4  Code  Gb  exit.o [3]
gpio_get                0x00011fb3   0x3e  Code  Gb  MK66_gpio.o [1]
gpio_init               0x00011e3d   0xbe  Code  Gb  MK66_gpio.o [1]
gpio_set                0x00011efb   0x7c  Code  Gb  MK66_gpio.o [1]
gpio_turn               0x00011f77   0x3c  Code  Gb  MK66_gpio.o [1]
house                   0x00013dd8  0x400  Data  Gb  OLED.o [1]
isalpha                 0x00013799   0x14  Code  Gb  isalpha.o [3]
isspace                 0x00013785   0x14  Code  Gb  isspace.o [3]
key                     0x1fff0600    0x2  Data  Gb  key.o [1]
key_init                0x000147d9   0x52  Code  Gb  VCAN_key.o [1]
ldexp                   0x00012ca9         Code  Gb  ldexp.o [4]
ldexpl                  0x00012ca9         Code  Gb  ldexp.o [4]
led_init                0x000134dd   0x3a  Code  Gb  VCAN_LED.o [1]
led_turn                0x00013517   0x32  Code  Gb  VCAN_LED.o [1]
localeconv              0x000137e1    0x4  Code  Gb  xlocale_c.o [3]
lock_status_flag        0x1fff060b    0x1  Data  Gb  Server_ctrl.o [1]
main                    0x000142ff   0x1a  Code  Gb  main.o [1]
memchr                  0x000138d1         Code  Gb  memchr.o [5]
menu_op                 0x1fff0574    0xc  Data  Gb  menu.o [1]
menus                   0x00014ca8   0xc0  Data  Gb  menu.o [1]
nops                    0x00011a41    0xa  Code  Lc  IIC.o [1]
port_init               0x000128b5   0x4a  Code  Gb  MK66_port.o [1]
port_init_NoALT         0x000128ff   0x6a  Code  Gb  MK66_port.o [1]
pows                    0x00012588   0x48  Data  Lc  strto64.o [4]
qs                      0x1fff05e8    0x4  Data  Lc  no_free_heap0.o [3]
scalbln                 0x00012ca9         Code  Gb  ldexp.o [4]
scalblnl                0x00012ca9         Code  Gb  ldexp.o [4]
scalbn                  0x00012ca9         Code  Gb  ldexp.o [4]
scalbnl                 0x00012ca9         Code  Gb  ldexp.o [4]
set_vector_handler      0x00012993   0x22  Code  Gb  misc.o [1]
soft_delay_ms           0x000129e5   0x1e  Code  Gb  MK66_conf.o [1]
soft_delay_us           0x000129c1   0x24  Code  Gb  MK66_conf.o [1]
start                   0x00014a59   0x20  Code  Gb  system_MK66FX18.o [1]
strcmp                  0x00011375         Code  Gb  strcmp.o [5]
sysinit                 0x00014a79   0x44  Code  Gb  system_MK66FX18.o [1]
uart_init               0x0001354d  0x1de  Code  Gb  MK66_uart.o [1]
uart_putbuff            0x00013745   0x26  Code  Gb  MK66_uart.o [1]
uart_putchar            0x0001372b   0x1a  Code  Gb  MK66_uart.o [1]
vcan_sendware           0x00014799   0x38  Code  Gb  VCAN_computer.o [1]
viameter                0x1fff05ac    0x4  Data  Gb  Motor_ctrl.o [1]
viameter_on_flag        0x1fff060a    0x1  Data  Gb  Motor_ctrl.o [1]
wdog_disable            0x00014b85   0x16  Code  Gb  MK66_wdog.o [1]
wdog_unlock             0x00014b9b   0x20  Code  Lc  MK66_wdog.o [1]
weight                  0x1fff0410   0x14  Data  Gb  ADC.o [1]
write_vtor              0x00012971   0x22  Code  Gb  misc.o [1]


[1] = D:\Smart Car Program\Software\EDD smart car\V1.1\Prj\IAR\MK66FX18_Debug\Obj
[2] = command line
[3] = dl7M_tlf.a
[4] = m7M_tls.a
[5] = rt7M_tl.a

  16 888 bytes of readonly  code memory
   3 956 bytes of readonly  data memory
   1 023 bytes of readwrite data memory

Errors: none
Warnings: none
