###############################################################################
#
# IAR ELF Linker V8.11.3.13950/W32 for ARM                02/Jun/2019  23:15:21
# Copyright 2007-2017 IAR Systems AB.
#
#    Output file  =  
#        D:\智能车项目\软件\逮虾户V1.1\逮虾户V1.0\Prj\IAR\MK66FX18_Debug\Exe\vcan_Kinetis.out
#    Map file     =  
#        D:\智能车项目\软件\逮虾户V1.1\逮虾户V1.0\Prj\IAR\MK66FX18_Debug\List\vcan_Kinetis.map
#    Command line =  
#        -f C:\Users\11192\AppData\Local\Temp\EWAF7F.tmp
#        (D:\智能车项目\软件\逮虾户V1.1\逮虾户V1.0\Prj\IAR\MK66FX18_Debug\Obj\ADC.o
#        D:\智能车项目\软件\逮虾户V1.1\逮虾户V1.0\Prj\IAR\MK66FX18_Debug\Obj\diskio.o
#        D:\智能车项目\软件\逮虾户V1.1\逮虾户V1.0\Prj\IAR\MK66FX18_Debug\Obj\ff.o
#        D:\智能车项目\软件\逮虾户V1.1\逮虾户V1.0\Prj\IAR\MK66FX18_Debug\Obj\IIC.o
#        D:\智能车项目\软件\逮虾户V1.1\逮虾户V1.0\Prj\IAR\MK66FX18_Debug\Obj\key.o
#        D:\智能车项目\软件\逮虾户V1.1\逮虾户V1.0\Prj\IAR\MK66FX18_Debug\Obj\main.o
#        D:\智能车项目\软件\逮虾户V1.1\逮虾户V1.0\Prj\IAR\MK66FX18_Debug\Obj\menu.o
#        D:\智能车项目\软件\逮虾户V1.1\逮虾户V1.0\Prj\IAR\MK66FX18_Debug\Obj\misc.o
#        D:\智能车项目\软件\逮虾户V1.1\逮虾户V1.0\Prj\IAR\MK66FX18_Debug\Obj\MK66_adc.o
#        D:\智能车项目\软件\逮虾户V1.1\逮虾户V1.0\Prj\IAR\MK66FX18_Debug\Obj\MK66_conf.o
#        D:\智能车项目\软件\逮虾户V1.1\逮虾户V1.0\Prj\IAR\MK66FX18_Debug\Obj\MK66_dma.o
#        D:\智能车项目\软件\逮虾户V1.1\逮虾户V1.0\Prj\IAR\MK66FX18_Debug\Obj\MK66_flexbus.o
#        D:\智能车项目\软件\逮虾户V1.1\逮虾户V1.0\Prj\IAR\MK66FX18_Debug\Obj\MK66_gpio.o
#        D:\智能车项目\软件\逮虾户V1.1\逮虾户V1.0\Prj\IAR\MK66FX18_Debug\Obj\MK66_i2c.o
#        D:\智能车项目\软件\逮虾户V1.1\逮虾户V1.0\Prj\IAR\MK66FX18_Debug\Obj\MK66_it.o
#        D:\智能车项目\软件\逮虾户V1.1\逮虾户V1.0\Prj\IAR\MK66FX18_Debug\Obj\MK66_port.o
#        D:\智能车项目\软件\逮虾户V1.1\逮虾户V1.0\Prj\IAR\MK66FX18_Debug\Obj\MK66_rtc.o
#        D:\智能车项目\软件\逮虾户V1.1\逮虾户V1.0\Prj\IAR\MK66FX18_Debug\Obj\MK66_sdhc.o
#        D:\智能车项目\软件\逮虾户V1.1\逮虾户V1.0\Prj\IAR\MK66FX18_Debug\Obj\MK66_spi.o
#        D:\智能车项目\软件\逮虾户V1.1\逮虾户V1.0\Prj\IAR\MK66FX18_Debug\Obj\MK66_uart.o
#        D:\智能车项目\软件\逮虾户V1.1\逮虾户V1.0\Prj\IAR\MK66FX18_Debug\Obj\MK66_wdog.o
#        D:\智能车项目\软件\逮虾户V1.1\逮虾户V1.0\Prj\IAR\MK66FX18_Debug\Obj\Motor_ctrl.o
#        D:\智能车项目\软件\逮虾户V1.1\逮虾户V1.0\Prj\IAR\MK66FX18_Debug\Obj\OLED.o
#        D:\智能车项目\软件\逮虾户V1.1\逮虾户V1.0\Prj\IAR\MK66FX18_Debug\Obj\Server_ctrl.o
#        D:\智能车项目\软件\逮虾户V1.1\逮虾户V1.0\Prj\IAR\MK66FX18_Debug\Obj\startup_MK66FX18.o
#        D:\智能车项目\软件\逮虾户V1.1\逮虾户V1.0\Prj\IAR\MK66FX18_Debug\Obj\Superware.o
#        D:\智能车项目\软件\逮虾户V1.1\逮虾户V1.0\Prj\IAR\MK66FX18_Debug\Obj\system_MK66FX18.o
#        D:\智能车项目\软件\逮虾户V1.1\逮虾户V1.0\Prj\IAR\MK66FX18_Debug\Obj\VCAN_BMP.o
#        D:\智能车项目\软件\逮虾户V1.1\逮虾户V1.0\Prj\IAR\MK66FX18_Debug\Obj\VCAN_computer.o
#        D:\智能车项目\软件\逮虾户V1.1\逮虾户V1.0\Prj\IAR\MK66FX18_Debug\Obj\vcan_img2sd.o
#        D:\智能车项目\软件\逮虾户V1.1\逮虾户V1.0\Prj\IAR\MK66FX18_Debug\Obj\VCAN_key.o
#        D:\智能车项目\软件\逮虾户V1.1\逮虾户V1.0\Prj\IAR\MK66FX18_Debug\Obj\VCAN_key_event.o
#        D:\智能车项目\软件\逮虾户V1.1\逮虾户V1.0\Prj\IAR\MK66FX18_Debug\Obj\VCAN_LCD_ILI9325.o
#        D:\智能车项目\软件\逮虾户V1.1\逮虾户V1.0\Prj\IAR\MK66FX18_Debug\Obj\VCAN_LCD_ILI9341.o
#        D:\智能车项目\软件\逮虾户V1.1\逮虾户V1.0\Prj\IAR\MK66FX18_Debug\Obj\VCAN_LCD_ST7735R.o
#        D:\智能车项目\软件\逮虾户V1.1\逮虾户V1.0\Prj\IAR\MK66FX18_Debug\Obj\VCAN_LCD_ST7735S.o
#        D:\智能车项目\软件\逮虾户V1.1\逮虾户V1.0\Prj\IAR\MK66FX18_Debug\Obj\VCAN_LED.o
#        D:\智能车项目\软件\逮虾户V1.1\逮虾户V1.0\Prj\IAR\MK66FX18_Debug\Obj\VCAN_MMA7455.o
#        D:\智能车项目\软件\逮虾户V1.1\逮虾户V1.0\Prj\IAR\MK66FX18_Debug\Obj\VCAN_NRF24L0.o
#        D:\智能车项目\软件\逮虾户V1.1\逮虾户V1.0\Prj\IAR\MK66FX18_Debug\Obj\VCAN_NRF24L0_MSG.o
#        D:\智能车项目\软件\逮虾户V1.1\逮虾户V1.0\Prj\IAR\MK66FX18_Debug\Obj\VCAN_OV7725_Eagle.o
#        D:\智能车项目\软件\逮虾户V1.1\逮虾户V1.0\Prj\IAR\MK66FX18_Debug\Obj\VCAN_RTC_count.o
#        D:\智能车项目\软件\逮虾户V1.1\逮虾户V1.0\Prj\IAR\MK66FX18_Debug\Obj\VCAN_SCCB.o
#        D:\智能车项目\软件\逮虾户V1.1\逮虾户V1.0\Prj\IAR\MK66FX18_Debug\Obj\vcan_sd_app.o
#        D:\智能车项目\软件\逮虾户V1.1\逮虾户V1.0\Prj\IAR\MK66FX18_Debug\Obj\Vcan_touch.o
#        D:\智能车项目\软件\逮虾户V1.1\逮虾户V1.0\Prj\IAR\MK66FX18_Debug\Obj\VCAN_TSL1401.o
#        D:\智能车项目\软件\逮虾户V1.1\逮虾户V1.0\Prj\IAR\MK66FX18_Debug\Obj\VCAN_UI_VAR.o
#        D:\智能车项目\软件\逮虾户V1.1\逮虾户V1.0\Prj\IAR\MK66FX18_Debug\Obj\vectors.o
#        --redirect _Printf=_PrintfLargeNoMb --redirect _Scanf=_ScanfLargeNoMb
#        -o
#        D:\智能车项目\软件\逮虾户V1.1\逮虾户V1.0\Prj\IAR\MK66FX18_Debug\Exe\vcan_Kinetis.out
#        --map
#        D:\智能车项目\软件\逮虾户V1.1\逮虾户V1.0\Prj\IAR\MK66FX18_Debug\List\vcan_Kinetis.map
#        --config
#        "D:\智能车项目\软件\逮虾户V1.1\逮虾户V1.0\Prj\IAR\config
#        files\vcan_ROM_K66X1M.icf"
#        D:\智能车项目\软件\逮虾户V1.1\逮虾户V1.0\Prj\IAR\..\..\Lib\CMSIS\iar_cortexM4l_math.a
#        --entry __iar_program_start --redirect __write=__write_buffered --vfe
#        --text_out locale)
#
###############################################################################

*******************************************************************************
*** RUNTIME MODEL ATTRIBUTES
***

CppFlavor       = *
__Heap_Handler  = NoFree
__SystemLibrary = DLib
__dlib_version  = 6


*******************************************************************************
*** HEAP SELECTION
***

The no free heap was selected because no calls to memory
deallocation functions were found in the application.


*******************************************************************************
*** PLACEMENT SUMMARY
***

"A0":  place at 0x00010000 { ro section .intvec };
"A1":  place at 0x00010410 { ro section .noinit };
define block CodeRelocate { section .textrw_init };
"P1":  place in [from 0x00010000 to 0x00100000] { ro, block CodeRelocate };
define block CodeRelocateRam { section .textrw };
define block CSTACK with size = 4K, alignment = 8 { };
define block HEAP with size = 512, alignment = 8 { };
"P2":  place in [from 0x1fff0410 to 0x20030000] {
          rw, block CodeRelocateRam, block CSTACK, block HEAP };
initialize manually with packing = copy, complex ranges { section .data };

  Section              Kind        Address    Size  Object
  -------              ----        -------    ----  ------
"A0":                                        0x410
  .intvec              const    0x00010000   0x410  vectors.o [1]
                              - 0x00010410   0x410

"A1":                                          0x8
  .noinit              ro code  0x00010410     0x8  startup_MK66FX18.o [1]
                              - 0x00010418     0x8

"P1", part 1 of 2:                          0x4720
  .text                ro code  0x00010418   0xbbc  menu.o [1]
  .text                ro code  0x00010fd4     0x6  ABImemclr4.o [5]
  .rodata              const    0x00010fda     0x2  VCAN_computer.o [1]
  .text                ro code  0x00010fdc   0x2aa  OLED.o [1]
  .rodata              const    0x00011286     0x2  VCAN_computer.o [1]
  .text                ro code  0x00011288    0x48  FltToDbl.o [4]
  .text                ro code  0x000112d0     0xe  math_wrappers64.o [4]
  .text                ro code  0x000112e0    0x68  DblToFlt.o [4]
  .text                ro code  0x00011348    0x4a  strcmp.o [5]
  .text                ro code  0x00011394   0x2c0  ADC.o [1]
  .text                ro code  0x00011654    0x32  ABImemset48.o [5]
  .text                ro code  0x00011688   0x3fc  IIC.o [1]
  .text                ro code  0x00011a84   0x1c0  MK66_gpio.o [1]
  .rodata              const    0x00011c44    0x4c  MK66_adc.o [1]
  .text                ro code  0x00011c90   0x590  strto64.o [4]
  .text                ro code  0x00012220    0x44  no_free_heap0.o [3]
  .text                ro code  0x00012264     0x4  exit.o [3]
  .text                ro code  0x00012268   0x29c  MK66_adc.o [1]
  .text                ro code  0x00012504    0xbc  MK66_port.o [1]
  .text                ro code  0x000125c0    0xd4  MK66_conf.o [1]
  .text                ro code  0x00012694    0x70  frexp.o [4]
  .text                ro code  0x00012704   0x1a2  DblMul.o [4]
  .text                ro code  0x000128a8   0x13a  ldexp.o [4]
  .text                ro code  0x000129e4   0x246  DblDiv.o [4]
  .text                ro code  0x00012c2a   0x122  iar_Stopfx.o [3]
  .text                ro code  0x00012d4c   0x1c8  iar_Stoflt.o [3]
  .text                ro code  0x00012f14    0x22  S32ToDbl.o [4]
  .text                ro code  0x00012f38   0x178  DblAdd.o [4]
  .text                ro code  0x000130b0   0x23c  iar_Stoxflt.o [3]
  .text                ro code  0x000132ec    0x2c  xgetmemchunk.o [3]
  .text                ro code  0x00013318     0xa  cexit.o [5]
  .text                ro code  0x00013324    0x70  VCAN_LED.o [1]
  .text                ro code  0x00013394   0x238  MK66_uart.o [1]
  .text                ro code  0x000135cc    0x14  isspace.o [3]
  .text                ro code  0x000135e0    0x14  isalpha.o [3]
  .text                ro code  0x000135f4    0x40  xlocale_c.o [3]
  .text                ro code  0x00013634    0xd2  DblSub.o [4]
  .text                ro code  0x00013708    0x58  memchr.o [5]
  .text                ro code  0x00013760     0xc  XXexit.o [5]
  .rodata              const    0x0001376c   0x400  OLED.o [1]
  .rodata              const    0x00013b6c   0x228  OLED.o [1]
  .text                ro code  0x00013d94   0x1e4  main.o [1]
  .text                ro code  0x00013f78   0x148  key.o [1]
  .text                ro code  0x000140c0   0x14c  Server_ctrl.o [1]
  .text                ro code  0x0001420c   0x188  Motor_ctrl.o [1]
  .text                ro code  0x00014394    0x50  misc.o [1]
  .text                ro code  0x000143e4    0x40  VCAN_computer.o [1]
  .text                ro code  0x00014424   0x12c  system_MK66FX18.o [1]
  .text                ro code  0x00014550    0x40  MK66_wdog.o [1]
  .data_init                    0x00014590    0xdc  <Block>
    Initializer bytes  const    0x00014590    0xdc  <for .data-1>
  .rodata              const    0x0001466c    0xc0  menu.o [1]
  .rodata              const    0x0001472c    0x4c  MK66_gpio.o [1]
  .rodata              const    0x00014778    0x4c  MK66_uart.o [1]
  .rodata              const    0x000147c4    0x48  misc.o [1]
  .text                ro code  0x0001480c    0x40  zero_init3.o [5]
  .text                ro code  0x0001484c    0x28  data_init.o [5]
  .rodata              const    0x00014874    0x24  MK66_conf.o [1]
  .text                ro code  0x00014898    0x22  fpinit_M.o [4]
  .iar.init_table      const    0x000148bc    0x10  - Linker created -
  .text                ro code  0x000148cc    0x1a  cmain.o [5]
  .text                ro code  0x000148e6     0x4  low_level_init.o [3]
  .rodata              const    0x000148ec    0x14  menu.o [1]
  .rodata              const    0x00014900    0x10  menu.o [1]
  .rodata              const    0x00014910    0x10  menu.o [1]
  .rodata              const    0x00014920    0x10  menu.o [1]
  .rodata              const    0x00014930     0xc  key.o [1]
  .rodata              const    0x0001493c     0xc  menu.o [1]
  .rodata              const    0x00014948     0xc  menu.o [1]
  .rodata              const    0x00014954     0xc  menu.o [1]
  .rodata              const    0x00014960     0xc  menu.o [1]
  .rodata              const    0x0001496c     0xc  menu.o [1]
  .rodata              const    0x00014978     0xc  menu.o [1]
  .rodata              const    0x00014984     0xc  menu.o [1]
  .rodata              const    0x00014990     0xc  menu.o [1]
  .rodata              const    0x0001499c     0xc  menu.o [1]
  .rodata              const    0x000149a8     0xc  menu.o [1]
  .rodata              const    0x000149b4     0xc  menu.o [1]
  .rodata              const    0x000149c0     0xc  menu.o [1]
  .rodata              const    0x000149cc     0xc  menu.o [1]
  .rodata              const    0x000149d8     0xc  menu.o [1]
  .rodata              const    0x000149e4     0xc  menu.o [1]
  .rodata              const    0x000149f0     0xc  menu.o [1]
  .rodata              const    0x000149fc     0xc  menu.o [1]
  .rodata              const    0x00014a08     0xc  menu.o [1]
  .rodata              const    0x00014a14     0xc  menu.o [1]
  .rodata              const    0x00014a20     0xc  menu.o [1]
  .rodata              const    0x00014a2c     0xc  menu.o [1]
  .rodata              const    0x00014a38     0xc  menu.o [1]
  .rodata              const    0x00014a44     0xc  menu.o [1]
  .rodata              const    0x00014a50     0xc  menu.o [1]
  .rodata              const    0x00014a5c     0xc  menu.o [1]
  .rodata              const    0x00014a68     0xc  menu.o [1]
  .rodata              const    0x00014a74     0xc  MK66_conf.o [1]
  .text                ro code  0x00014a80     0xc  cstartup_M.o [5]
  .rodata              const    0x00014a8c     0x8  menu.o [1]
  .rodata              const    0x00014a94     0x8  menu.o [1]
  .rodata              const    0x00014a9c     0x8  menu.o [1]
  .rodata              const    0x00014aa4     0x8  menu.o [1]
  .rodata              const    0x00014aac     0x8  menu.o [1]
  .rodata              const    0x00014ab4     0x8  menu.o [1]
  .rodata              const    0x00014abc     0x8  menu.o [1]
  .rodata              const    0x00014ac4     0x8  menu.o [1]
  .rodata              const    0x00014acc     0x8  menu.o [1]
  .rodata              const    0x00014ad4     0x8  menu.o [1]
  .rodata              const    0x00014adc     0x8  menu.o [1]
  .rodata              const    0x00014ae4     0x8  menu.o [1]
  .rodata              const    0x00014aec     0x8  menu.o [1]
  .rodata              const    0x00014af4     0x8  menu.o [1]
  .rodata              const    0x00014afc     0x8  menu.o [1]
  .rodata              const    0x00014b04     0x8  menu.o [1]
  .rodata              const    0x00014b0c     0x8  menu.o [1]
  .rodata              const    0x00014b14     0x8  menu.o [1]
  .rodata              const    0x00014b1c     0x8  menu.o [1]
  .rodata              const    0x00014b24     0x8  menu.o [1]
  .rodata              const    0x00014b2c     0x6  xlocale_c.o [3]
  .rodata              const    0x00014b34     0x4  menu.o [1]
  .rodata              const    0x00014b38     0x0  zero_init3.o [5]
                              - 0x00014b38  0x4720

"P1", part 2 of 2:                             0x0
  CodeRelocate                  0x00014b38     0x0  <Block>

"P2", part 1 of 3:                            0xdc
  .data                         0x1fff0410    0xdc  <Block>
    .data-1                     0x1fff0410    0xdc  <Init block>
      .data            inited   0x1fff0410    0x14  ADC.o [1]
      .data            inited   0x1fff0424     0x8  MK66_adc.o [1]
      .data            inited   0x1fff042c    0x14  MK66_gpio.o [1]
      .data            inited   0x1fff0440    0x14  MK66_port.o [1]
      .data            inited   0x1fff0454    0x14  MK66_uart.o [1]
      .data            inited   0x1fff0468     0x4  VCAN_LED.o [1]
      .data            inited   0x1fff046c    0x38  xlocale_c.o [3]
      .data            inited   0x1fff04a4    0x48  xlocale_c.o [3]
                              - 0x1fff04ec    0xdc

"P2", part 2 of 3:                           0x114
  .bss                          0x1fff04ec   0x114  <Block>
    .bss               zero     0x1fff04ec    0x60  ADC.o [1]
    .bss               zero     0x1fff054c    0x20  main.o [1]
    .bss               zero     0x1fff056c     0xc  menu.o [1]
    .bss               zero     0x1fff0578    0x2c  Motor_ctrl.o [1]
    .bss               zero     0x1fff05a4    0x2c  Server_ctrl.o [1]
    .bss               zero     0x1fff05d0     0x4  Server_ctrl.o [1]
    .bss               zero     0x1fff05d4     0x4  system_MK66FX18.o [1]
    .bss               zero     0x1fff05d8     0x4  system_MK66FX18.o [1]
    .bss               zero     0x1fff05dc     0x4  system_MK66FX18.o [1]
    .bss               zero     0x1fff05e0     0x4  no_free_heap0.o [3]
    .bss               zero     0x1fff05e4     0x4  xgetmemchunk.o [3]
    .bss               zero     0x1fff05e8     0x2  ADC.o [1]
    .bss               zero     0x1fff05ea     0x2  ADC.o [1]
    .bss               zero     0x1fff05ec     0x2  ADC.o [1]
    .bss               zero     0x1fff05ee     0x2  ADC.o [1]
    .bss               zero     0x1fff05f0     0x2  ADC.o [1]
    .bss               zero     0x1fff05f2     0x2  ADC.o [1]
    .bss               zero     0x1fff05f4     0x2  ADC.o [1]
    .bss               zero     0x1fff05f6     0x2  ADC.o [1]
    .bss               zero     0x1fff05f8     0x2  key.o [1]
    .bss               zero     0x1fff05fa     0x2  Superware.o [1]
    .bss               zero     0x1fff05fc     0x1  main.o [1]
    .bss               zero     0x1fff05fd     0x1  main.o [1]
    .bss               zero     0x1fff05fe     0x1  menu.o [1]
    .bss               zero     0x1fff05ff     0x1  Server_ctrl.o [1]
                              - 0x1fff0600   0x114

"P2", part 3 of 3:                           0x200
  CodeRelocateRam               0x1fff0600     0x0  <Block>
  HEAP                          0x1fff0600   0x200  <Block>
    HEAP               uninit   0x1fff0600   0x200  <Block tail>
                              - 0x1fff0800   0x200


*******************************************************************************
*** INIT TABLE
***

          Address     Size
          -------     ----
Zero (__iar_zero_init3)
    1 destination range, total size 0x114:
          0x1fff04ec  0x114



*******************************************************************************
*** MODULE SUMMARY
***

    Module              ro code  ro data  rw data
    ------              -------  -------  -------
D:\智能车项目\软件\逮虾户V1.1\逮虾户V1.0\Prj\IAR\MK66FX18_Debug\Obj: [1]
    ADC.o                   704       20      132
    IIC.o                 1 020
    MK66_adc.o              668       84        8
    MK66_conf.o             212       48
    MK66_gpio.o             448       96       20
    MK66_port.o             188       20       20
    MK66_uart.o             568       96       20
    MK66_wdog.o              64
    Motor_ctrl.o            392                44
    OLED.o                  682    1 576
    Server_ctrl.o           332                49
    Superware.o                                 2
    VCAN_LED.o              112        4        4
    VCAN_computer.o          64        4
    key.o                   328       12        2
    main.o                  484                34
    menu.o                3 004      736       13
    misc.o                   80       72
    startup_MK66FX18.o        8
    system_MK66FX18.o       300                12
    vectors.o                      1 040
    ---------------------------------------------
    Total:                9 658    3 808      360

command line: [2]
    ---------------------------------------------
    Total:

dl7M_tlf.a: [3]
    exit.o                    4
    iar_Stoflt.o            456
    iar_Stopfx.o            290
    iar_Stoxflt.o           572
    isalpha.o                20
    isspace.o                20
    low_level_init.o          4
    no_free_heap0.o          68                 4
    xgetmemchunk.o           44                 4
    xlocale_c.o              64      134      128
    ---------------------------------------------
    Total:                1 542      134      136

m7M_tls.a: [4]
    DblAdd.o                376
    DblDiv.o                582
    DblMul.o                418
    DblSub.o                210
    DblToFlt.o              104
    FltToDbl.o               72
    S32ToDbl.o               34
    fpinit_M.o               34
    frexp.o                 112
    ldexp.o                 314
    math_wrappers64.o        14
    strto64.o             1 424
    ---------------------------------------------
    Total:                3 694

rt7M_tl.a: [5]
    ABImemclr4.o              6
    ABImemset48.o            50
    XXexit.o                 12
    cexit.o                  10
    cmain.o                  26
    cstartup_M.o             12
    data_init.o              40
    memchr.o                 88
    strcmp.o                 74
    zero_init3.o             64
    ---------------------------------------------
    Total:                  382

    Gaps                     16        6
    Linker created                    16      512
-------------------------------------------------
    Grand Total:         15 292    3 964    1 008


*******************************************************************************
*** ENTRY LIST
***

Entry                      Address   Size  Type      Object
-----                      -------   ----  ----      ------
.bss$$Base              0x1fff04ec          --   Gb  - Linker created -
.bss$$Limit             0x1fff0600          --   Gb  - Linker created -
.data$$Base             0x1fff0410          --   Gb  - Linker created -
.data$$Limit            0x1fff04ec          --   Gb  - Linker created -
.data_init$$Base        0x00014590          --   Gb  - Linker created -
.data_init$$Limit       0x0001466c          --   Gb  - Linker created -
.iar.init_table$$Base   0x000148bc          --   Gb  - Linker created -
.iar.init_table$$Limit  0x000148cc          --   Gb  - Linker created -
?main                   0x000148cd         Code  Gb  cmain.o [5]
ADCN                    0x1fff0424    0x8  Data  Gb  MK66_adc.o [1]
ADC_Init                0x000114c5   0x50  Code  Gb  ADC.o [1]
ASSERT_FAILED_STR       0x00014874   0x24  Data  Gb  MK66_conf.o [1]
Add_Value               0x00011441   0x16  Code  Gb  ADC.o [1]
Change_Level            0x00010831   0x36  Code  Gb  menu.o [1]
Chose_Menu              0x00010681   0x46  Code  Lc  menu.o [1]
CodeRelocate$$Base      0x00014b38          --   Gb  - Linker created -
CodeRelocate$$Limit     0x00014b38          --   Gb  - Linker created -
CodeRelocateRam$$Base   0x1fff0600          --   Gb  - Linker created -
CodeRelocateRam$$Limit  0x1fff0600          --   Gb  - Linker created -
DeQueue                 0x00011419   0x28  Code  Gb  ADC.o [1]
Dtentox                 0x00011e45  0x196  Code  Lc  strto64.o [4]
Empty                   0x00010449    0x2  Code  Gb  menu.o [1]
EnQueue                 0x000113e7   0x32  Code  Gb  ADC.o [1]
Encoder_init            0x000142cb   0x12  Code  Gb  Motor_ctrl.o [1]
Exe_Fuc                 0x00010767   0xb2  Code  Lc  menu.o [1]
F6x8                    0x00013b6c  0x228  Data  Gb  OLED.o [1]
GPIOX                   0x1fff042c   0x14  Data  Gb  MK66_gpio.o [1]
Get_Deep                0x0001044b   0x64  Code  Lc  menu.o [1]
Get_Keynum              0x00014005   0x4c  Code  Gb  key.o [1]
Get_Level_Num           0x000104af   0x50  Code  Lc  menu.o [1]
Get_Menu_Num            0x000104ff    0xa  Code  Lc  menu.o [1]
Get_Ntimes_average      0x00011515   0x3c  Code  Gb  ADC.o [1]
Get_Smoothed_ADC        0x00011551   0x84  Code  Gb  ADC.o [1]
Get_Speed               0x000142dd   0x22  Code  Gb  Motor_ctrl.o [1]
Get_Value_Sum           0x0001146b   0x5a  Code  Gb  ADC.o [1]
HEAP$$Base              0x1fff0600          --   Gb  - Linker created -
HEAP$$Limit             0x1fff0800          --   Gb  - Linker created -
IIC_read_byte           0x00011989   0xf6  Code  Gb  IIC.o [1]
IIC_send_byte           0x00011889  0x100  Code  Gb  IIC.o [1]
IIC_start               0x000116e9   0xba  Code  Gb  IIC.o [1]
IIC_stop                0x000117a3   0xe6  Code  Gb  IIC.o [1]
IMU_IIC_Init            0x00011693   0x56  Code  Gb  IIC.o [1]
InitQueue               0x00011395   0x24  Code  Gb  ADC.o [1]
Inner_Flash             0x000109bb   0xb8  Code  Gb  menu.o [1]
IsEmpty                 0x000113d9    0xe  Code  Gb  ADC.o [1]
IsFull                  0x000113b9   0x20  Code  Gb  ADC.o [1]
Key_Handler             0x0001409d    0xc  Code  Gb  key.o [1]
Key_Init                0x00013f8f   0x4e  Code  Gb  key.o [1]
Key_Read                0x00014051   0x34  Code  Gb  key.o [1]
Key_Write               0x00013fdd   0x28  Code  Gb  key.o [1]
LED_PTxn                0x1fff0468    0x4  Data  Gb  VCAN_LED.o [1]
LM_AD                   0x1fff05f0    0x2  Data  Gb  ADC.o [1]
LS_AD                   0x1fff05ec    0x2  Data  Gb  ADC.o [1]
L_AD                    0x1fff05e8    0x2  Data  Gb  ADC.o [1]
MS_AD                   0x1fff05f6    0x2  Data  Gb  ADC.o [1]
M_AD                    0x1fff05f4    0x2  Data  Gb  ADC.o [1]
Menu_Back               0x000105b9   0x3e  Code  Lc  menu.o [1]
Menu_Down               0x000105f7   0x48  Code  Lc  menu.o [1]
Menu_Forward            0x00010509   0xb0  Code  Lc  menu.o [1]
Menu_Init               0x00010819   0x18  Code  Gb  menu.o [1]
Menu_Up                 0x0001063f   0x42  Code  Lc  menu.o [1]
Motor                   0x1fff0578   0x2c  Data  Gb  Motor_ctrl.o [1]
Motor_Init              0x0001420d   0x40  Code  Gb  Motor_ctrl.o [1]
Motor_Run               0x0001424d   0x7e  Code  Gb  Motor_ctrl.o [1]
NVIC_DisableIRQ         0x00010431   0x18  Code  Lc  menu.o [1]
NVIC_EnableIRQ          0x00013f79   0x16  Code  Lc  key.o [1]
NVIC_EnableIRQ          0x00013db1   0x16  Code  Lc  main.o [1]
NVIC_EnableIRQ          0x00010419   0x18  Code  Lc  menu.o [1]
NVIC_SetPriority        0x00013dc7   0x26  Code  Lc  main.o [1]
NVIC_SetPriorityGrouping
                        0x00013d95   0x1c  Code  Lc  main.o [1]
OLED_CLS                0x000110cf   0x3a  Code  Gb  OLED.o [1]
OLED_Fill               0x00011091   0x3e  Code  Gb  OLED.o [1]
OLED_IIC_Init           0x00010fdd   0x2c  Code  Gb  OLED.o [1]
OLED_Init               0x00011109   0xba  Code  Gb  OLED.o [1]
OLED_P6x8Str            0x000111c3   0x7c  Code  Gb  OLED.o [1]
OLED_Set_Pos            0x00011061   0x30  Code  Gb  OLED.o [1]
OLED_Show_Length        0x00011249   0x3e  Code  Gb  OLED.o [1]
OLED_WrCmd              0x00011035   0x2c  Code  Gb  OLED.o [1]
OLED_WrDat              0x00011009   0x2c  Code  Gb  OLED.o [1]
PID_Init                0x000140c1   0x30  Code  Gb  Server_ctrl.o [1]
PIT0_IRQHandler         0x00013eb5   0x5a  Code  Gb  main.o [1]
PIT1_IRQHandler         0x00013f11   0x36  Code  Gb  main.o [1]
PORTE_IRQHandler        0x00014085   0x18  Code  Gb  key.o [1]
PORTX                   0x1fff0440   0x14  Data  Gb  MK66_port.o [1]
Parameter_Manage        0x00010a7d  0x142  Code  Gb  menu.o [1]
QueueLength             0x00011457   0x14  Code  Gb  ADC.o [1]
RM_AD                   0x1fff05f2    0x2  Data  Gb  ADC.o [1]
RS_AD                   0x1fff05ee    0x2  Data  Gb  ADC.o [1]
R_AD                    0x1fff05ea    0x2  Data  Gb  ADC.o [1]
Read_ADC                0x000115d5   0x44  Code  Gb  ADC.o [1]
Region$$Table$$Base     0x000148bc          --   Gb  - Linker created -
Region$$Table$$Limit    0x000148cc          --   Gb  - Linker created -
Reset_Handler           0x00010411         Code  Gb  startup_MK66FX18.o [1]
Server                  0x1fff05a4   0x2c  Data  Gb  Server_ctrl.o [1]
Server_Init             0x000140f1   0x1e  Code  Gb  Server_ctrl.o [1]
Server_PID_Ctrl         0x000141b1   0x18  Code  Gb  Server_ctrl.o [1]
Server_Run              0x00014111   0xa0  Code  Gb  Server_ctrl.o [1]
Server_Run::flag        0x1fff05ff    0x1  Data  Lc  Server_ctrl.o [1]
Server_Run::text_duty   0x1fff05d0    0x4  Data  Lc  Server_ctrl.o [1]
Set_Parameter           0x00010867  0x154  Code  Gb  menu.o [1]
Set_Parameter::count    0x1fff05fe    0x1  Data  Lc  menu.o [1]
Set_Pid                 0x00010e01   0xb6  Code  Gb  menu.o [1]
Show_AD                 0x00010bbf  0x152  Code  Gb  menu.o [1]
Show_Distance           0x00010eb7   0x28  Code  Gb  menu.o [1]
Show_Menu               0x000106c7   0xa0  Code  Lc  menu.o [1]
Show_Pid                0x00010d11   0xf0  Code  Gb  menu.o [1]
Speed_PID_Ctrl          0x000142ff   0x72  Code  Gb  Motor_ctrl.o [1]
System_Init             0x00013ded   0xa8  Code  Gb  main.o [1]
TimeCount1              0x1fff05fc    0x1  Data  Gb  main.o [1]
TimeCount2              0x1fff05fd    0x1  Data  Gb  main.o [1]
UARTN                   0x1fff0454   0x14  Data  Gb  MK66_uart.o [1]
UP_Value                0x1fff054c   0x20  Data  Gb  main.o [1]
Value                   0x1fff04ec   0x60  Data  Gb  ADC.o [1]
_LocaleC_isalpha        0x000135fb    0xc  Code  Gb  xlocale_c.o [3]
_LocaleC_islower        0x000135f5    0x4  Code  Gb  xlocale_c.o [3]
_LocaleC_isspace        0x00013611   0x14  Code  Gb  xlocale_c.o [3]
_LocaleC_isupper        0x000135f9    0x2  Code  Gb  xlocale_c.o [3]
_Locale_lconv           0x1fff046c   0x38  Data  Lc  xlocale_c.o [3]
__BOOT_STACK_ADDRESS {Abs}
                        0x2002fff8         Data  Gb  command line/config [2]
__VECTOR_RAM {Abs}      0x1fff0000         Data  Gb  command line/config [2]
__VECTOR_TABLE {Abs}    0x00010000         Data  Gb  command line/config [2]
__aeabi_d2f             0x000112e1         Code  Gb  DblToFlt.o [4]
__aeabi_dadd            0x00012f39         Code  Gb  DblAdd.o [4]
__aeabi_ddiv            0x000129e5         Code  Gb  DblDiv.o [4]
__aeabi_dmul            0x00012705         Code  Gb  DblMul.o [4]
__aeabi_f2d             0x00011289         Code  Gb  FltToDbl.o [4]
__aeabi_i2d             0x00012f15         Code  Gb  S32ToDbl.o [4]
__aeabi_memclr4         0x00010fd5         Code  Gb  ABImemclr4.o [5]
__cmain                 0x000148cd         Code  Gb  cmain.o [5]
__code_start__ {Abs}    0x00010410         Data  Gb  command line/config [2]
__data_GetMemChunk      0x000132ed   0x2c  Code  Gb  xgetmemchunk.o [3]
__data_GetMemChunk::start
                        0x1fff05e4    0x4  Data  Lc  xgetmemchunk.o [3]
__exit                  0x00013761         Code  Gb  XXexit.o [5]
__iar_Memchr            0x00013709         Code  Gb  memchr.o [5]
__iar_Memset4_word      0x00011655         Code  Gb  ABImemset48.o [5]
__iar_Memset8_word      0x00011655         Code  Gb  ABImemset48.o [5]
__iar_Sto64             0x00011fed  0x19e  Code  Gb  strto64.o [4]
__iar_Stoflt            0x00012d4d  0x1c8  Code  Gb  iar_Stoflt.o [3]
__iar_Stopfx            0x00012c2b  0x122  Code  Gb  iar_Stopfx.o [3]
__iar_Stoxflt           0x000130b1  0x208  Code  Gb  iar_Stoxflt.o [3]
__iar_Stoxflt::digits   0x000132bc   0x18  Data  Lc  iar_Stoxflt.o [3]
__iar_Stoxflt::vals     0x000132d4   0x18  Data  Lc  iar_Stoxflt.o [3]
__iar_dadd              0x00013635         Code  Gb  DblSub.o [4]
__iar_data_init3        0x0001484d   0x28  Code  Gb  data_init.o [5]
__iar_dsub              0x00012f49         Code  Gb  DblAdd.o [4]
__iar_dsubStart         0x00012f5b         Code  Gb  DblAdd.o [4]
__iar_frexp             0x000126a1         Code  Gb  frexp.o [4]
__iar_frexpl            0x000126a1         Code  Gb  frexp.o [4]
__iar_globLocale        0x1fff04a4   0x48  Data  Lc  xlocale_c.o [3]
__iar_global_Locale     0x00013625    0x4  Code  Gb  xlocale_c.o [3]
__iar_init_vfp          0x00014899         Code  Gb  fpinit_M.o [4]
__iar_ldexp64           0x000128a9         Code  Gb  ldexp.o [4]
__iar_program_start     0x00014a81         Code  Gb  cstartup_M.o [5]
__iar_scalbln64         0x000128a9         Code  Gb  ldexp.o [4]
__iar_scalbn64          0x000128a9         Code  Gb  ldexp.o [4]
__iar_softfp___iar_frexp64
                        0x00012695         Code  Gb  frexp.o [4]
__iar_softfp_frexp      0x00012695         Code  Gb  frexp.o [4]
__iar_softfp_frexpl     0x00012695         Code  Gb  frexp.o [4]
__iar_systems$$module {Abs}
                        0x00000001         Data  Gb  command line/config [2]
__iar_vfp_atof          0x000112d7    0x8  Code  Gb  math_wrappers64.o [4]
__iar_zero_init3        0x0001480d   0x40  Code  Gb  zero_init3.o [5]
__low_level_init        0x000148e7    0x4  Code  Gb  low_level_init.o [3]
__no_free_malloc        0x00012221   0x40  Code  Gb  no_free_heap0.o [3]
__vector_table          0x00010000  0x410  Data  Gb  vectors.o [1]
_call_main              0x000148d9         Code  Gb  cmain.o [5]
_exit                   0x00013319         Code  Gb  cexit.o [5]
_main                   0x000148e3         Code  Gb  cmain.o [5]
adc_init                0x00012269  0x1f4  Code  Gb  MK66_adc.o [1]
adc_once                0x0001245d   0x4e  Code  Gb  MK66_adc.o [1]
adc_start               0x000124ab   0x46  Code  Lc  MK66_adc.o [1]
assert_failed           0x00012603   0x2c  Code  Gb  MK66_conf.o [1]
atof                    0x000121d1    0x8  Code  Gb  strto64.o [4]
bus_clk_khz             0x1fff05dc    0x4  Data  Gb  system_MK66FX18.o [1]
common_startup          0x00014489   0x8a  Code  Gb  system_MK66FX18.o [1]
core_clk_khz            0x1fff05d4    0x4  Data  Gb  system_MK66FX18.o [1]
core_clk_mhz            0x1fff05d8    0x4  Data  Gb  system_MK66FX18.o [1]
ddiv                    0x00011d65   0xd0  Code  Lc  strto64.o [4]
default_isr             0x00012645   0x3e  Code  Gb  MK66_conf.o [1]
distance                0x1fff05fa    0x2  Data  Gb  Superware.o [1]
dmul                    0x00011c91   0xd2  Code  Lc  strto64.o [4]
enter_fputc             0x00012631   0x14  Code  Gb  MK66_conf.o [1]
exit                    0x00012265    0x4  Code  Gb  exit.o [3]
gpio_get                0x00011bfb   0x3e  Code  Gb  MK66_gpio.o [1]
gpio_init               0x00011a85   0xbe  Code  Gb  MK66_gpio.o [1]
gpio_set                0x00011b43   0x7c  Code  Gb  MK66_gpio.o [1]
gpio_turn               0x00011bbf   0x3c  Code  Gb  MK66_gpio.o [1]
house                   0x0001376c  0x400  Data  Gb  OLED.o [1]
isalpha                 0x000135e1   0x14  Code  Gb  isalpha.o [3]
isspace                 0x000135cd   0x14  Code  Gb  isspace.o [3]
key                     0x1fff05f8    0x2  Data  Gb  key.o [1]
ldexp                   0x000128a9         Code  Gb  ldexp.o [4]
ldexpl                  0x000128a9         Code  Gb  ldexp.o [4]
led_init                0x00013325   0x3a  Code  Gb  VCAN_LED.o [1]
led_turn                0x0001335f   0x32  Code  Gb  VCAN_LED.o [1]
localeconv              0x00013629    0x4  Code  Gb  xlocale_c.o [3]
main                    0x00013e95   0x20  Code  Gb  main.o [1]
memchr                  0x00013709         Code  Gb  memchr.o [5]
menu_op                 0x1fff056c    0xc  Data  Gb  menu.o [1]
menus                   0x0001466c   0xc0  Data  Gb  menu.o [1]
nops                    0x00011689    0xa  Code  Lc  IIC.o [1]
port_init               0x00012505   0x4a  Code  Gb  MK66_port.o [1]
port_init_NoALT         0x0001254f   0x6a  Code  Gb  MK66_port.o [1]
pows                    0x000121d8   0x48  Data  Lc  strto64.o [4]
qs                      0x1fff05e0    0x4  Data  Lc  no_free_heap0.o [3]
scalbln                 0x000128a9         Code  Gb  ldexp.o [4]
scalblnl                0x000128a9         Code  Gb  ldexp.o [4]
scalbn                  0x000128a9         Code  Gb  ldexp.o [4]
scalbnl                 0x000128a9         Code  Gb  ldexp.o [4]
set_vector_handler      0x000143b7   0x22  Code  Gb  misc.o [1]
soft_delay_ms           0x000125e5   0x1e  Code  Gb  MK66_conf.o [1]
soft_delay_us           0x000125c1   0x24  Code  Gb  MK66_conf.o [1]
start                   0x00014425   0x20  Code  Gb  system_MK66FX18.o [1]
strcmp                  0x00011349         Code  Gb  strcmp.o [5]
sysinit                 0x00014445   0x44  Code  Gb  system_MK66FX18.o [1]
uart_init               0x00013395  0x1de  Code  Gb  MK66_uart.o [1]
uart_putbuff            0x0001358d   0x26  Code  Gb  MK66_uart.o [1]
uart_putchar            0x00013573   0x1a  Code  Gb  MK66_uart.o [1]
vcan_sendware           0x000143e5   0x38  Code  Gb  VCAN_computer.o [1]
wdog_disable            0x00014551   0x16  Code  Gb  MK66_wdog.o [1]
wdog_unlock             0x00014567   0x20  Code  Lc  MK66_wdog.o [1]
weight                  0x1fff0410   0x14  Data  Gb  ADC.o [1]
write_vtor              0x00014395   0x22  Code  Gb  misc.o [1]


[1] = D:\智能车项目\软件\逮虾户V1.1\逮虾户V1.0\Prj\IAR\MK66FX18_Debug\Obj
[2] = command line
[3] = dl7M_tlf.a
[4] = m7M_tls.a
[5] = rt7M_tl.a

  15 292 bytes of readonly  code memory
   3 964 bytes of readonly  data memory
   1 008 bytes of readwrite data memory

Errors: none
Warnings: none
